D/NuPlayerDriver(  445): notifyResetComplete(0xab0bc7b0)
D/NuPlayerDriver(  445): reset STATE_RESET_IN_PROGRESS ---
V/NuPlayerDriver(  445): ~NuPlayerDriver(0xab0bc7b0)
D/MediaPlayerService(  445): RemovePlayer, (445,321,1013)
I/StatusBarColorManager( 2154): SystemUI|notifyStatusBarColorInfo: iconColor = -1, bgColor = 0, bgVisible = true
I/StatusBarColorManager( 2154): SystemUI|notifyStatusBarColorInfo: iconColor = -1, bgColor = 0, bgVisible = true
I/VivoNetworkController( 2154): SystemUI|mWifiEnabled && mWifiConnected = true
I/SurfaceFlinger(  429): FPS: 18
I/VivoNetworkController( 2154): SystemUI|action = android.net.wifi.RSSI_CHANGED
I/VivoNetworkController( 2154): SystemUI|updateWifiIcons mWifiConnected = true mWifiIconId2130838977
I/VivoNetworkController( 2154): SystemUI|mWifiEnabled && mWifiConnected = true
I/ServiceManager(20608): Waiting for service AtCmdFwd...
D/DataFormatter( 2337): Special bytes : 33
D/DataUsageService( 2337): NetSpeed 0K/s 
I/MSM-irqbalance(  791): Decided to move IRQ203 from CPU0 to CPU3
I/SurfaceFlinger(  429): FPS: 2
D/FingerGoodix(  769): ESD doesn't do in HIGH speed or in FF.
I/ServiceManager(20608): Waiting for service AtCmdFwd...
I/ServiceManager(20608): Waiting for service AtCmdFwd...
W/ActivityManager( 1411): getRunningAppProcesses: caller 10125 does not hold REAL_GET_TASKS; limiting output
D/FingerGoodix(  769): ESD doesn't do in HIGH speed or in FF.
I/ServiceManager(20608): Waiting for service AtCmdFwd...
D/DataFormatter( 2337): Special bytes : 0
D/DataUsageService( 2337): NetSpeed 0K/s 
I/SurfaceFlinger(  429): FPS: 1
I/ServiceManager(20608): Waiting for service AtCmdFwd...
D/FingerGoodix(  769): ESD doesn't do in HIGH speed or in FF.
W/Atfwd_Sendcmd(20608): AtCmdFwd service not published, waiting... retryCnt : 5
I/MSM-irqbalance(  791): Decided to move IRQ200 from CPU0 to CPU3
D/DataFormatter( 2337): Special bytes : 0
D/DataUsageService( 2337): NetSpeed 0K/s 
I/SurfaceFlinger(  429): FPS: 1
D/FingerGoodix(  769): ESD doesn't do in HIGH speed or in FF.
D/WifiConfigStore( 1411): isAccessPointContact netId:8
D/WifiConfigStore( 1411): isAccessPointContact , configKey:"MERCURY_A2A8D8"-WPA_PSK
D/WifiConfigStore( 1411): isAccessPointContact need:false
W/ActivityManager( 1411): getRunningAppProcesses: caller 10125 does not hold REAL_GET_TASKS; limiting output
D/FingerGoodix(  769): ESD doesn't do in HIGH speed or in FF.
D/DataFormatter( 2337): Special bytes : 0
D/DataUsageService( 2337): NetSpeed 0K/s 
I/SurfaceFlinger(  429): FPS: 1
I/MSM-irqbalance(  791): Decided to move IRQ203 from CPU0 to CPU3
D/FingerGoodix(  769): ESD doesn't do in HIGH speed or in FF.
D/DataFormatter( 2337): Special bytes : 0
D/DataUsageService( 2337): NetSpeed 0K/s 
I/SurfaceFlinger(  429): FPS: 1
D/FingerGoodix(  769): ESD doesn't do in HIGH speed or in FF.
E/WupSessionHelperImpl( 2337): NetWorkException:sendRequestfailed to connect to pmir.3g.qq.com/183.61.38.246 (port 80) after 60000ms: isConnected failed: ETIMEDOUT (Connection timed out)
W/System.err( 2337): tmsdk.common.exception.NetWorkException: sendRequestfailed to connect to pmir.3g.qq.com/183.61.38.246 (port 80) after 60000ms: isConnected failed: ETIMEDOUT (Connection timed out)
W/System.err( 2337): 	at tmsdkobf.mi.fb(Unknown Source)
W/System.err( 2337): 	at tmsdkobf.mi.fc(Unknown Source)
W/System.err( 2337): 	at tmsdkobf.mi.fb(Unknown Source)
W/System.err( 2337): 	at tmsdkobf.mi.fc(Unknown Source)
W/System.err( 2337): 	at tmsdkobf.mi.fb(Unknown Source)
W/System.err( 2337): 	at tmsdkobf.pv.a(Unknown Source)
W/System.err( 2337): 	at tmsdkobf.pv.a(Unknown Source)
W/System.err( 2337): 	at tmsdkobf.pv.a(Unknown Source)
W/System.err( 2337): 	at tmsdkobf.py.a(Unknown Source)
W/System.err( 2337): 	at tmsdkobf.px.a(Unknown Source)
W/System.err( 2337): 	at tmsdkobf.jk.a(Unknown Source)
W/System.err( 2337): 	at tmsdkobf.jl.cL(Unknown Source)
W/System.err( 2337): 	at tmsdk.fg.module.qscanner.d.a(Unknown Source)
W/System.err( 2337): 	at tmsdk.fg.module.qscanner.d.a(Unknown Source)
W/System.err( 2337): 	at tmsdk.fg.module.qscanner.QScannerManagerV2.scanSelectedApks(Unknown Source)
W/System.err( 2337): 	at com.iqoo.secure.service.ch.run(VirusScanService.java:248)
V/QScannerManagerV2( 2337): onScanCanceled:[2]
W/VirusScanService( 2337): can not start scanApks method !! Attempt to invoke virtual method 'void tmsdk.fg.module.qscanner.QScannerManagerV2.freeScanner()' on a null object reference
W/System.err( 2337): java.lang.NullPointerException: Attempt to invoke virtual method 'void tmsdk.fg.module.qscanner.QScannerManagerV2.freeScanner()' on a null object reference
W/System.err( 2337): 	at com.iqoo.secure.service.ck.onScanCanceled(VirusScanService.java:452)
W/System.err( 2337): 	at tmsdk.fg.module.qscanner.d.b(Unknown Source)
W/System.err( 2337): 	at tmsdk.fg.module.qscanner.d.a(Unknown Source)
W/System.err( 2337): 	at tmsdk.fg.module.qscanner.d.a(Unknown Source)
W/System.err( 2337): 	at tmsdk.fg.module.qscanner.QScannerManagerV2.scanSelectedApks(Unknown Source)
W/System.err( 2337): 	at com.iqoo.secure.service.ch.run(VirusScanService.java:248)
D/QScannerManagerV2( 2337): Impl-onCreate
D/QScannerManagerV2( 2337): CHS--[/data/user/0/com.iqoo.secure/files/70001.amf]
V/QScannerManagerV2( 2337): initScanner
D/TmsliteUtil( 2337): getTmsliteSwitch off
D/QScannerManagerV2( 2337): initScanner-mCacheManager:[null]mCertChecker[nullmAmScanner[null]
D/QScannerManagerV2-QScanCacheManager( 2337): QScanCacheManager::nLang:[1]amfFilePath[/data/user/0/com.iqoo.secure/files/70001.amf]
I/AmScannerStatic( 2337): load ams, object = 367705485232
V/QScannerManagerV2( 2337): Impl--scanSelectedPackagesOrApks
D/QScannerManagerV2( 2337): [Beg]scanSelectedPackagesOrApks-size:[1]bCloudScan[true]bPackages[false]
V/QScannerManagerV2( 2337): onScanStarted-type:[1]
I/VirusScanService( 2337): calling onScanStarted !!!
D/QScannerManagerV2( 2337): nativeScan-[Beg]loadAppSimpleInfo
D/QScannerManagerV2( 2337): nativeScan-[End]loadAppSimpleInfo
D/QScannerManagerV2( 2337): getCache
D/QScannerManagerV2( 2337): loadAppDetailInfo
D/QScannerManagerV2( 2337): [Beg]scanApk
D/QScannerManagerV2( 2337): [End]scanApk
D/QScannerManagerV2( 2337): putCache
D/VirusScanService( 2337): pkgname= com.lipeilong.jdstreamer virustype= 0
D/VirusScanService( 2337): packageName = com.lipeilong.jdstreamer ,certMD5 = FFDB60FF04D56357EA1F2878766D6F9D
W/VirusScanService( 2337): can not start scanApks method !! Attempt to invoke interface method 'boolean java.util.List.isEmpty()' on a null object reference
W/System.err( 2337): java.lang.NullPointerException: Attempt to invoke interface method 'boolean java.util.List.isEmpty()' on a null object reference
W/System.err( 2337): 	at com.iqoo.secure.service.ck.onScanProgress(VirusScanService.java:499)
W/System.err( 2337): 	at tmsdk.fg.module.qscanner.d.a(Unknown Source)
W/System.err( 2337): 	at tmsdk.fg.module.qscanner.d.c(Unknown Source)
W/System.err( 2337): 	at tmsdk.fg.module.qscanner.d.a(Unknown Source)
W/System.err( 2337): 	at tmsdk.fg.module.qscanner.QScannerManagerV2.scanSelectedApks(Unknown Source)
W/System.err( 2337): 	at com.iqoo.secure.service.ch.run(VirusScanService.java:248)
W/ActivityManager( 1411): getRunningAppProcesses: caller 10125 does not hold REAL_GET_TASKS; limiting output
D/FingerGoodix(  769): ESD doesn't do in HIGH speed or in FF.
I/MSM-irqbalance(  791): Decided to move IRQ200 from CPU0 to CPU3
D/DataFormatter( 2337): Special bytes : 0
D/DataUsageService( 2337): NetSpeed 0K/s 
I/SurfaceFlinger(  429): FPS: 1
D/SettingsProvider( 1411): lookupValue table system cache contains Key notification_light , value = Bundle[{value=null}]
D/FeatureService( 1411): onReceive action android.intent.action.BATTERY_CHANGED
D/KeyguardUpdateMonitor( 2154): received broadcast android.intent.action.BATTERY_CHANGED
I/WarningMessage( 2492): receiver: action isandroid.intent.action.BATTERY_CHANGED mBatteryPowerConnetDialog=true mShowChargerOverVoltageDialog=true
D/DeviceListener( 2492): ++onReceive++:android.intent.action.BATTERY_CHANGED
D/DeviceListener( 2492): onReceiveandroid.intent.action.BATTERY_CHANGED
E/NetlinkEvent(  439): NetlinkEvent::FindParam(): Parameter 'ALERT_NAME' not found
E/NetlinkEvent(  428): NetlinkEvent::FindParam(): Parameter 'ALERT_NAME' not found
D/BatteryService( 1411): Processing new values: chargerAcOnline=false, chargerUsbOnline=true, chargerWirelessOnline=false, batteryStatus=2, batteryHealth=2, batteryPresent=true, batteryLevel=100, batteryTechnology=Li-ion, batteryVoltage=4341, batteryTemperature=337, mBatteryLevelCritical=false, mPlugType=2
D/BatteryService( 1411): Sending ACTION_BATTERY_CHANGED.  level:100, scale:100, status:2, health:2, present:true, voltage: 4341, temperature: 337, technology: Li-ion, AC powered:false, USB powered:true, Wireless powered:false, icon:17303156, invalid charger:0
I/VNOILBS ( 1411): VNOILBS mScreenOn=true level=100 mCriticalBatteryLevel=3 mNotificationLowBatteryStates=true mNotificationChargeStates=true status=2
D/PowerUI ( 2154): buckets   .....15 .. 10 .. 3
D/PowerUI ( 2154): level          100 --> 100
D/PowerUI ( 2154): status         2 --> 2
D/PowerUI ( 2154): plugType       2 --> 2
D/PowerUI ( 2154): invalidCharger 0 --> 0
D/PowerUI ( 2154): bucket         1 --> 1
D/PowerUI ( 2154): plugged        true --> true
D/WifiController( 1411): battery changed pluggedType: 2
I/UsbDeviceManagerService( 2492): mUsbReceiver action:android.intent.action.BATTERY_CHANGED mConnected:false mLastConnected:false
I/UsbDeviceManagerService( 2492): mUsbReceiver ACTION_BATTERY_CHANGED plugType:2 FEATURE_FAST_CHARGE:true mRomVersion:2.5 mBootCompleted:true mLastBatteryPlug:true mBatteryPlug:true
D/KeyguardUpdateMonitor( 2154): handleBatteryUpdate
I/BatteryController( 2154): SystemUI|status = 2, mLastStatus = 2, mPluggedIn = true, mLastPluggedIn = true
I/BatteryController( 2154): SystemUI|mLevel = 100, mLastLevel = 100
D/MusicService( 1256): ========action = android.intent.action.BATTERY_CHANGED
D/SwitcherUpdateMonitor( 2154): receive broadcast, action = android.intent.action.BATTERY_CHANGED
I/KeyguardSmartUpdateMonitor( 2154): handleChargingModeChanged, mCurrentEngineState = 0, engineState = 0
E/NetlinkEvent(  439): NetlinkEvent::FindParam(): Parameter 'ALERT_NAME' not found
D/BatteryService( 1411): Processing new values: chargerAcOnline=false, chargerUsbOnline=true, chargerWirelessOnline=false, batteryStatus=2, batteryHealth=2, batteryPresent=true, batteryLevel=100, batteryTechnology=Li-ion, batteryVoltage=4341, batteryTemperature=337, mBatteryLevelCritical=false, mPlugType=2
E/NetlinkEvent(  428): NetlinkEvent::FindParam(): Parameter 'ALERT_NAME' not found
D/FingerGoodix(  769): ESD doesn't do in HIGH speed or in FF.
E/NetlinkEvent(  428): NetlinkEvent::FindParam(): Parameter 'ALERT_NAME' not found
E/NetlinkEvent(  439): NetlinkEvent::FindParam(): Parameter 'ALERT_NAME' not found
D/KeyguardUpdateMonitor( 2154): received broadcast android.intent.action.BATTERY_CHANGED
I/WarningMessage( 2492): receiver: action isandroid.intent.action.BATTERY_CHANGED mBatteryPowerConnetDialog=true mShowChargerOverVoltageDialog=true
D/DeviceListener( 2492): ++onReceive++:android.intent.action.BATTERY_CHANGED
D/DeviceListener( 2492): onReceiveandroid.intent.action.BATTERY_CHANGED
I/UsbDeviceManagerService( 2492): mUsbReceiver action:android.intent.action.BATTERY_CHANGED mConnected:false mLastConnected:false
D/FeatureService( 1411): onReceive action android.intent.action.BATTERY_CHANGED
I/UsbDeviceManagerService( 2492): mUsbReceiver ACTION_BATTERY_CHANGED plugType:2 FEATURE_FAST_CHARGE:true mRomVersion:2.5 mBootCompleted:true mLastBatteryPlug:true mBatteryPlug:true
D/MusicService( 1256): ========action = android.intent.action.BATTERY_CHANGED
I/BatteryController( 2154): SystemUI|status = 2, mLastStatus = 2, mPluggedIn = true, mLastPluggedIn = true
I/BatteryController( 2154): SystemUI|mLevel = 100, mLastLevel = 100
D/KeyguardUpdateMonitor( 2154): handleBatteryUpdate
D/SwitcherUpdateMonitor( 2154): receive broadcast, action = android.intent.action.BATTERY_CHANGED
I/KeyguardSmartUpdateMonitor( 2154): handleChargingModeChanged, mCurrentEngineState = 0, engineState = 0
D/BatteryService( 1411): Processing new values: chargerAcOnline=false, chargerUsbOnline=true, chargerWirelessOnline=false, batteryStatus=2, batteryHealth=2, batteryPresent=true, batteryLevel=100, batteryTechnology=Li-ion, batteryVoltage=4342, batteryTemperature=337, mBatteryLevelCritical=false, mPlugType=2
D/BatteryService( 1411): Sending ACTION_BATTERY_CHANGED.  level:100, scale:100, status:2, health:2, present:true, voltage: 4342, temperature: 337, technology: Li-ion, AC powered:false, USB powered:true, Wireless powered:false, icon:17303156, invalid charger:0
I/VNOILBS ( 1411): VNOILBS mScreenOn=true level=100 mCriticalBatteryLevel=3 mNotificationLowBatteryStates=true mNotificationChargeStates=true status=2
D/PowerUI ( 2154): buckets   .....15 .. 10 .. 3
D/PowerUI ( 2154): level          100 --> 100
D/PowerUI ( 2154): status         2 --> 2
D/PowerUI ( 2154): plugType       2 --> 2
D/PowerUI ( 2154): invalidCharger 0 --> 0
D/PowerUI ( 2154): bucket         1 --> 1
D/PowerUI ( 2154): plugged        true --> true
E/NetlinkEvent(  428): NetlinkEvent::FindParam(): Parameter 'ALERT_NAME' not found
D/WifiController( 1411): battery changed pluggedType: 2
E/NetlinkEvent(  439): NetlinkEvent::FindParam(): Parameter 'ALERT_NAME' not found
D/BatteryService( 1411): Processing new values: chargerAcOnline=false, chargerUsbOnline=true, chargerWirelessOnline=false, batteryStatus=2, batteryHealth=2, batteryPresent=true, batteryLevel=100, batteryTechnology=Li-ion, batteryVoltage=4342, batteryTemperature=337, mBatteryLevelCritical=false, mPlugType=2
D/DataFormatter( 2337): Special bytes : 0
D/DataUsageService( 2337): NetSpeed 0K/s 
I/SurfaceFlinger(  429): FPS: 1
D/FingerGoodix(  769): ESD doesn't do in HIGH speed or in FF.
D/vivo_daemon:AnpDaemon(  401): start query abnormal logcat
D/vivo_daemon:AnpDaemon(  401): finish query abnormal logcat
W/ActivityManager( 1411): getRunningAppProcesses: caller 10125 does not hold REAL_GET_TASKS; limiting output
I/MSM-irqbalance(  791): Decided to move IRQ155 from CPU1 to CPU3
D/FingerGoodix(  769): ESD doesn't do in HIGH speed or in FF.
D/DataFormatter( 2337): Special bytes : 0
D/DataUsageService( 2337): NetSpeed 0K/s 
I/SurfaceFlinger(  429): FPS: 1
D/FingerGoodix(  769): ESD doesn't do in HIGH speed or in FF.
D/DataFormatter( 2337): Special bytes : 0
D/DataUsageService( 2337): NetSpeed 0K/s 
I/SurfaceFlinger(  429): FPS: 1
D/FingerGoodix(  769): ESD doesn't do in HIGH speed or in FF.
I/MSM-irqbalance(  791): Decided to move IRQ203 from CPU0 to CPU3
W/ActivityManager( 1411): getRunningAppProcesses: caller 10125 does not hold REAL_GET_TASKS; limiting output
D/FingerGoodix(  769): ESD doesn't do in HIGH speed or in FF.
D/DataFormatter( 2337): Special bytes : 0
D/DataUsageService( 2337): NetSpeed 0K/s 
I/SurfaceFlinger(  429): FPS: 1
D/WifiConfigStore( 1411): isAccessPointContact netId:8
D/WifiConfigStore( 1411): isAccessPointContact , configKey:"MERCURY_A2A8D8"-WPA_PSK
D/WifiConfigStore( 1411): isAccessPointContact need:false
D/FingerGoodix(  769): ESD doesn't do in HIGH speed or in FF.
I/Atfwd_Sendcmd(20608): AtCmdFwd service not ready - Exhausted retry attempts - :6
I/Atfwd_Daemon(20608): result : -1 	 ,Init step :2 	 ,qmiErrorCode: 0
I/MSM-irqbalance(  791): Decided to move IRQ200 from CPU0 to CPU3
D/DataFormatter( 2337): Special bytes : 0
D/DataUsageService( 2337): NetSpeed 0K/s 
I/SurfaceFlinger(  429): FPS: 1
D/FingerGoodix(  769): ESD doesn't do in HIGH speed or in FF.
W/ActivityManager( 1411): getRunningAppProcesses: caller 10125 does not hold REAL_GET_TASKS; limiting output
D/FingerGoodix(  769): ESD doesn't do in HIGH speed or in FF.
I/VivoNetworkController( 2154): SystemUI|action = android.net.wifi.RSSI_CHANGED
I/VivoNetworkController( 2154): SystemUI|updateWifiIcons mWifiConnected = true mWifiIconId2130838975
I/VivoNetworkController( 2154): SystemUI|mWifiEnabled && mWifiConnected = true
I/SurfaceFlinger(  429): FPS: 1
D/DataFormatter( 2337): Special bytes : 0
D/DataUsageService( 2337): NetSpeed 0K/s 
D/FingerGoodix(  769): ESD doesn't do in HIGH speed or in FF.
I/MSM-irqbalance(  791): Decided to move IRQ203 from CPU0 to CPU3
I/VivoNetworkController( 2154): SystemUI|action = android.net.wifi.RSSI_CHANGED
I/VivoNetworkController( 2154): SystemUI|updateWifiIcons mWifiConnected = true mWifiIconId2130838977
I/VivoNetworkController( 2154): SystemUI|mWifiEnabled && mWifiConnected = true
I/SurfaceFlinger(  429): FPS: 2
D/DataFormatter( 2337): Special bytes : 0
D/DataUsageService( 2337): NetSpeed 0K/s 
D/FingerGoodix(  769): ESD doesn't do in HIGH speed or in FF.
W/ActivityManager( 1411): getRunningAppProcesses: caller 10125 does not hold REAL_GET_TASKS; limiting output
D/FingerGoodix(  769): ESD doesn't do in HIGH speed or in FF.
I/VivoNetworkController( 2154): SystemUI|action = android.net.wifi.RSSI_CHANGED
I/VivoNetworkController( 2154): SystemUI|updateWifiIcons mWifiConnected = true mWifiIconId2130838975
I/VivoNetworkController( 2154): SystemUI|mWifiEnabled && mWifiConnected = true
I/SurfaceFlinger(  429): FPS: 2
D/DataFormatter( 2337): Special bytes : 0
D/DataUsageService( 2337): NetSpeed 0K/s 
I/MSM-irqbalance(  791): Decided to move IRQ321 from CPU2 to CPU1
D/FingerGoodix(  769): ESD doesn't do in HIGH speed or in FF.
I/VivoNetworkController( 2154): SystemUI|action = android.net.wifi.RSSI_CHANGED
I/VivoNetworkController( 2154): SystemUI|updateWifiIcons mWifiConnected = true mWifiIconId2130838977
I/VivoNetworkController( 2154): SystemUI|mWifiEnabled && mWifiConnected = true
I/SurfaceFlinger(  429): FPS: 2
D/DataFormatter( 2337): Special bytes : 0
D/DataUsageService( 2337): NetSpeed 0K/s 
D/FingerGoodix(  769): ESD doesn't do in HIGH speed or in FF.
W/ActivityManager( 1411): getRunningAppProcesses: caller 10125 does not hold REAL_GET_TASKS; limiting output
D/FingerGoodix(  769): ESD doesn't do in HIGH speed or in FF.
I/ServiceManager(20608): Waiting for service AtCmdFwd...
I/MSM-irqbalance(  791): Decided to move IRQ200 from CPU0 to CPU1
D/DataFormatter( 2337): Special bytes : 0
D/DataUsageService( 2337): NetSpeed 0K/s 
I/SurfaceFlinger(  429): FPS: 2
I/ServiceManager(20608): Waiting for service AtCmdFwd...
D/FingerGoodix(  769): ESD doesn't do in HIGH speed or in FF.
I/ServiceManager(20608): Waiting for service AtCmdFwd...
D/WifiConfigStore( 1411): isAccessPointContact netId:8
D/WifiConfigStore( 1411): isAccessPointContact , configKey:"MERCURY_A2A8D8"-WPA_PSK
D/WifiConfigStore( 1411): isAccessPointContact need:false
I/ServiceManager(20608): Waiting for service AtCmdFwd...
D/DataFormatter( 2337): Special bytes : 0
D/DataUsageService( 2337): NetSpeed 0K/s 
I/SurfaceFlinger(  429): FPS: 1
D/FingerGoodix(  769): ESD doesn't do in HIGH speed or in FF.
W/ActivityManager( 1411): getRunningAppProcesses: caller 10125 does not hold REAL_GET_TASKS; limiting output
I/ServiceManager(20608): Waiting for service AtCmdFwd...
W/Atfwd_Sendcmd(20608): AtCmdFwd service not published, waiting... retryCnt : 1
I/MSM-irqbalance(  791): Decided to move IRQ65 from CPU3 to CPU1
D/FingerGoodix(  769): ESD doesn't do in HIGH speed or in FF.
D/DataFormatter( 2337): Special bytes : 0
D/DataUsageService( 2337): NetSpeed 0K/s 
I/SurfaceFlinger(  429): FPS: 1
V/AlarmAlign( 1411): checkSet SCREEN_ON, type = 2, when = 704900874
V/AlarmAlign( 1411): setLocked to kernel, type = 2, when = 704900874, curTime = 704849829
V/AlarmAlign( 1411): checkSet SCREEN_ON, type = 3, when = 704854173
V/AlarmAlign( 1411): setLocked to kernel, type = 3, when = 704854173, curTime = 704849829
V/AlarmAlign( 1411): triggerAlarm v at 704849829, size=1, hasWakeup=true, mWake_Set=true, mNextWakeup=704900874, mNextNonWakeup=704854173, mBatch.end=9223372036854775807, why=4
I/ExtraAlarmManager( 1411): Uid : 1000, Package name is : android
D/ExtraAlarmManager( 1411): UID : 1000 is the the uid white list
D/ExtraAlarmManager( 1411): UID : 1000 is the the uid white list
I/ExtraAlarmManager( 1411): type: 2 retType: 2
V/AlarmAlign( 1411): addAlarm pkg = android, action = android.content.syncmanager.SYNC_ALARM, whenElapsed = 704879922
V/AlarmAlign( 1411): checkSet SCREEN_ON, type = 2, when = 704879922
V/AlarmAlign( 1411): setLocked to kernel, type = 2, when = 704879922, curTime = 704849922
I/VivoNetworkController( 2154): SystemUI|mWifiEnabled && mWifiConnected = true
D/FingerGoodix(  769): ESD doesn't do in HIGH speed or in FF.
I/VivoNetworkController( 2154): SystemUI|mWifiEnabled && mWifiConnected = true
I/SurfaceFlinger(  429): FPS: 2
D/DataFormatter( 2337): Special bytes : 10
D/DataUsageService( 2337): NetSpeed 0K/s 
D/FingerGoodix(  769): ESD doesn't do in HIGH speed or in FF.
I/SurfaceFlinger(  429): FPS: 1
W/ActivityManager( 1411): getRunningAppProcesses: caller 10125 does not hold REAL_GET_TASKS; limiting output
I/ServiceManager(20608): Waiting for service AtCmdFwd...
I/MSM-irqbalance(  791): Decided to move IRQ200 from CPU4 [P:0] to CPU0 [P:1] (banned)
I/ServiceManager(20608): Waiting for service AtCmdFwd...
D/FingerGoodix(  769): ESD doesn't do in HIGH speed or in FF.
V/AlarmAlign( 1411): checkSet SCREEN_ON, type = 3, when = 704855125
V/AlarmAlign( 1411): setLocked to kernel, type = 3, when = 704855125, curTime = 704854173
V/AlarmAlign( 1411): triggerAlarm v at 704854173, size=1, hasWakeup=false, mWake_Set=true, mNextWakeup=704879922, mNextNonWakeup=704855125, mBatch.end=9223372036854775807, why=8
D/KeyguardUpdateMonitor( 2154): received broadcast android.intent.action.TIME_TICK
D/KeyguardUpdateMonitor( 2154): handleTimeUpdate
I/ImageDigitalClock( 2154): updateTime = 14:55
I/ImageDigitalClock( 2154): updateTime = 14:55
I/Clock   ( 2154): action = android.intent.action.TIME_TICK
I/UpSlideUpdateMonitor( 2154): SystemUI|onReceive, action = android.intent.action.TIME_TICK
D/WidgetClockHelper( 2707): ClockWidgetReceiver action:android.intent.action.TIME_TICK
D/VivoMagicClockWeatherLayout( 2707): setTime..
D/VivoMagicClockWeatherLayout( 2707): playTimeTickAnimator(4, 5)
I/ServiceManager(20608): Waiting for service AtCmdFwd...
D/DataFormatter( 2337): Special bytes : 0
D/DataUsageService( 2337): NetSpeed 0K/s 
I/SurfaceFlinger(  429): FPS: 1
V/AlarmAlign( 1411): triggerAlarm v at 704855125, size=1, hasWakeup=false, mWake_Set=true, mNextWakeup=704879922, mNextNonWakeup=704855125, mBatch.end=9223372036854775807, why=8
D/PushSdk.AlarmPingSender( 6626): 151228-Ping 1 times.
D/PushSdk.AlarmPingSender( 6626): 151228-Check time :1473490500955
D/PushSdk.AlarmPingSender( 6626): 151228-Schedule next alarm at 1473490800956
I/ExtraAlarmManager( 1411): type: 1 retType: 1
W/ActivityManager( 1411): getRunningAppProcesses: caller 10021 does not hold REAL_GET_TASKS; limiting output
W/ActivityManager( 1411): getRunningAppProcesses: caller 10021 does not hold REAL_GET_TASKS; limiting output
D/PushSdk.AlarmPingSender( 6626): 151228-Success. Release lock(MqttService.client.440801803780137272):1473490501004
I/ServiceManager(20608): Waiting for service AtCmdFwd...
I/VivoNetworkController( 2154): SystemUI|mWifiEnabled && mWifiConnected = true
D/FingerGoodix(  769): ESD doesn't do in HIGH speed or in FF.
I/ServiceManager(20608): Waiting for service AtCmdFwd...
I/VivoNetworkController( 2154): SystemUI|mWifiEnabled && mWifiConnected = true
I/SurfaceFlinger(  429): FPS: 2
W/Atfwd_Sendcmd(20608): AtCmdFwd service not published, waiting... retryCnt : 2
I/MSM-irqbalance(  791): Decided to move IRQ203 from CPU0 to CPU1
D/DataFormatter( 2337): Special bytes : 41
D/DataUsageService( 2337): NetSpeed 0K/s 
D/FingerGoodix(  769): ESD doesn't do in HIGH speed or in FF.
I/SurfaceFlinger(  429): FPS: 1
W/ActivityManager( 1411): getRunningAppProcesses: caller 10125 does not hold REAL_GET_TASKS; limiting output
D/FingerGoodix(  769): ESD doesn't do in HIGH speed or in FF.
D/DataFormatter( 2337): Special bytes : 0
D/DataUsageService( 2337): NetSpeed 0K/s 
I/SurfaceFlinger(  429): FPS: 1
D/FingerGoodix(  769): ESD doesn't do in HIGH speed or in FF.
I/MSM-irqbalance(  791): Decided to move IRQ200 from CPU0 to CPU1
W/ActivityManager( 1411): getRunningAppProcesses: caller 10125 does not hold REAL_GET_TASKS; limiting output
D/DataFormatter( 2337): Special bytes : 0
D/DataUsageService( 2337): NetSpeed 0K/s 
D/FingerGoodix(  769): ESD doesn't do in HIGH speed or in FF.
I/SurfaceFlinger(  429): FPS: 1
D/WifiConfigStore( 1411): isAccessPointContact netId:8
D/WifiConfigStore( 1411): isAccessPointContact , configKey:"MERCURY_A2A8D8"-WPA_PSK
D/WifiConfigStore( 1411): isAccessPointContact need:false
D/FingerGoodix(  769): ESD doesn't do in HIGH speed or in FF.
D/DataFormatter( 2337): Special bytes : 0
D/DataUsageService( 2337): NetSpeed 0K/s 
I/SurfaceFlinger(  429): FPS: 1
I/ServiceManager(20608): Waiting for service AtCmdFwd...
I/MSM-irqbalance(  791): Decided to move IRQ215 from CPU3 to CPU1
D/FingerGoodix(  769): ESD doesn't do in HIGH speed or in FF.
I/ServiceManager(20608): Waiting for service AtCmdFwd...
I/ServiceManager(20608): Waiting for service AtCmdFwd...
W/ActivityManager( 1411): getRunningAppProcesses: caller 10125 does not hold REAL_GET_TASKS; limiting output
D/DataFormatter( 2337): Special bytes : 0
D/DataUsageService( 2337): NetSpeed 0K/s 
D/FingerGoodix(  769): ESD doesn't do in HIGH speed or in FF.
I/SurfaceFlinger(  429): FPS: 1
I/ServiceManager(20608): Waiting for service AtCmdFwd...
I/ServiceManager(20608): Waiting for service AtCmdFwd...
D/FingerGoodix(  769): ESD doesn't do in HIGH speed or in FF.
W/Atfwd_Sendcmd(20608): AtCmdFwd service not published, waiting... retryCnt : 3
I/VivoNetworkController( 2154): SystemUI|action = android.net.wifi.RSSI_CHANGED
I/VivoNetworkController( 2154): SystemUI|updateWifiIcons mWifiConnected = true mWifiIconId2130838975
I/VivoNetworkController( 2154): SystemUI|mWifiEnabled && mWifiConnected = true
I/SurfaceFlinger(  429): FPS: 1
D/AndroidRuntime(24021): >>>>>> START com.android.internal.os.RuntimeInit uid 2000 <<<<<<
D/AndroidRuntime(24021): CheckJNI is OFF
I/MSM-irqbalance(  791): Decided to move IRQ203 from CPU0 to CPU2
D/DataFormatter( 2337): Special bytes : 0
D/DataUsageService( 2337): NetSpeed 0K/s 
D/AndroidRuntime(24021): Calling main entry com.android.commands.am.Am
I/ActivityManager( 1411): START u0 {act=android.intent.action.MAIN cat=[android.intent.category.LAUNCHER] flg=0x10000000 cmp=com.lipeilong.jdstreamer/.MainActivity} from uid 2000 on display 0
I/StatusBarColorManager( 2154): SystemUI|notifyStatusBarColorInfo: iconColor = -1, bgColor = 0, bgVisible = true
V/VivoStats( 1411): noteActivityPausedLocked uid = 10025
D/Launcher( 2707): onPause -- mState = WORKSPACE
D/PhoneWindow( 1411): DEBUG_SYSTEMUI:origin statusbar style 
D/PhoneWindow( 1411): DEBUG_SYSTEMUI:windowDrawsFlag set
D/PhoneWindow( 1411): DEBUG_SYSTEMUI:IconColor=1
D/PhoneWindow( 1411): DEBUG_SYSTEMUI:StatusBarColor final set ff303f9f
D/AndroidRuntime(24021): Shutting down VM
I/ViewRootImpl( 1411): CPU Rendering VSync enable = true
I/vivo_debug_ActivityManagerService( 1411): initSplitService intent = Intent { act=android.intent.action.MAIN cat=[android.intent.category.LAUNCHER] flg=0x10000000 cmp=com.lipeilong.jdstreamer/.MainActivity }, r = ActivityRecord{3aba1600 u0 com.lipeilong.jdstreamer/.MainActivity t1240}
V/WindowManager( 1411): addAppToken: AppWindowToken{76b1c7e token=Token{37ef8e39 ActivityRecord{3aba1600 u0 com.lipeilong.jdstreamer/.MainActivity t1240}}} to stack=1 task=1240 at 0
V/WindowManager( 1411): Adding window Window{e17cb71 u0 Starting com.lipeilong.jdstreamer} at 3 of 8 (after Window{1dc67be5 u0 com.android.wifisettings/com.android.wifisettings.Settings$WifiSettingsActivity})
I/StatusBarColorManager( 2154): SystemUI|notifyStatusBarColorInfo: iconColor = -1, bgColor = 0, bgVisible = true
I/PMFunc  (24039): prepare 0 (null)
I/art     (24039): Late-enabling -Xcheck:jni
I/ActivityManager( 1411): Start proc 24039:com.lipeilong.jdstreamer/u0a169 for activity com.lipeilong.jdstreamer/.MainActivity
D/Environment(24039): 111 rawUserId = 0
D/AndroidKeyStoreProvider(24039): not overseas product
D/Launcher( 2707): onWindowFocusChanged ,  hasFocus = false
D/Launcher( 2707): onSaveInstanceState
D/SensorLogService( 1411): SensorLogAppListner this.apppid = 1411
D/SensorLogService( 1411): callerName:android callerVersion:5.1.1-eng.compiler.20160820.155218
I/System.out( 1411): /data/bbkcore/sensors_used_info_list.xml: open failed: ENOENT (No such file or directory)
D/SensorLogService( 1411): parserXml FileNotFoundException is:/data/bbkcore/sensors_used_info_list.xml: open failed: ENOENT (No such file or directory)
D/SensorLogService( 1411): sensor_data_info_list realDelayUs:66667
I/StatusBarColorManager( 2154): SystemUI|notifyStatusBarColorInfo: iconColor = -1, bgColor = 0, bgVisible = true
D/SensorLogService( 1411): packageName:android packageVersion:5.1.1-eng.compiler.20160820.155218 sensorType:1 sensorDelayUs:66667
D/SensorManager( 1411): isMicroMsg: package is = android
D/Sensors ( 1411): android::status_t android::SensorEventQueue::enableSensor(int32_t, int32_t, int, int) const in
D/SensorService( 1411): enable mLock_wait 0x00000000 mLock_status 0x00000000 mConnectionLock_wait 0x00000000 mConnectionLock_status 0x00000000
D/SensorService( 1411): Calling batch handle==1 flags=0rate=66667000 timeout== 0
D/SensorService( 1411): SensorDevice::batch: ident=0x7f645078a0, handle=0x00000001, flags=0, period_ns=66667000 timeout=0
D/SensorService( 1411): 	>>> curr_period=-1 min_period=66667000 curr_timeout=-1 min_timeout=0
D/SensorService( 1411): 	>>> actuating h/w BATCH 1 0 66667000 0
W/VivoSensorTest( 1411): int SensorsContext::batch(int, int, int64_t, int64_t) handle 0 flags 0 period_ns 66667000 timeout 0
W/qti_sensors_hal( 1411): batch:sensor(android.sensor.accelerometer) handle:0 flags:0x0 period_ns 66667000 timeout 0
D/SensorService( 1411): Calling activate on 1
D/SensorService( 1411): SensorDevice::activate: ident=0x7f645078a0, handle=0x00000001, enabled=1, count=1
D/SensorService( 1411): enable index=0
D/SensorService( 1411): 	>>> actuating h/w activate handle=1 enabled=1
W/VivoSensorTest( 1411): activate: handle is 0, en is 1
D/Sensors ( 1411): android::status_t android::SensorEventQueue::enableSensor(int32_t, int32_t, int, int) const ont
W/ActivityManager( 1411): getRunningAppProcesses: caller 10169 does not hold REAL_GET_TASKS; limiting output
W/ActivityManager( 1411): getRunningAppProcesses: caller 10169 does not hold REAL_GET_TASKS; limiting output
V/WindowManager( 1411): needSensorRunningLp mCurrentAppOrientation -1 mCarDockEnablesAccelerometer true mDockMode 0mSupportAutoRotation true
V/WindowOrientationListener( 1411): enable falsemCurrentRotation 0
V/WindowOrientationListener( 1411): getProposedRotationLocked  mEnabled true isenalbeAcc true
V/VivoStats( 1411): noteActivityResumedLocked uid = 10169, mLastUid = 10025
V/PowerEffectManager( 2492): noteActivity uid = 10169, name = com.lipeilong.jdstreamer.MainActivity
V/PowerEffectManager( 2492): noteAppResumed uid = 10169, lastUid = 10025
I/art     (24039): Debugger is no longer active
I/SoftwareLockService2( 2337): onForegroundActivitiesChanged() pid = 24039, uid = 10169, foregroundActivities = true
I/LocationDialogService( 2492): onForegroundActivitiesChanged() pid = 24039, uid = 10169, foregroundActivities = true
I/LocationDialogService( 2492): onForegroundActivitiesChanged name Process == com.lipeilong.jdstreamer
I/AppRunTimeRecord( 4112): insert com.bbk.launcher2
I/PreventAutostartService( 3052): onForegroundActivitiesChanged: pid 24039 uid 10169 switch true
D/PrefManager( 3052): get prefName=systemValues,key = key_autostart_switch,value=true
I/SoftwareLockService( 2337): runAppInfo.pid = 24039
I/SoftwareLockService2( 2337): processName = com.lipeilong.jdstreamer, packageName = com.lipeilong.jdstreamer
I/SoftwareLockService2( 2337): [Monitor]2--------[com.bbk.launcher2] to [com.lipeilong.jdstreamer] from [com.bbk.launcher2]
D/PreventAutostartService( 3052): ####topPackageName = com.lipeilong.jdstreamer
I/SoftwareLockService2( 2337): -------->>>>>>>> topActivityName = com.lipeilong.jdstreamer.MainActivity
I/FloatWindowManagerService1( 2337): onForegroundActivitiesChanged() pid = 24039, uid = 10169, foregroundActivities = true ; callingPkgName is : com.lipeilong.jdstreamer ; mLastPkgNameCallingChange is : 
D/SettingsProvider( 1411): lookupValue table system cache contains Key software_lock_password_right , value = Bundle[{value=null}]
I/VivoRecentTasksLoader( 2154): SystemUI|getRecentTasks: pkg = com.lipeilong.jdstreamer, t.persistentId = 1240, t.id = 1240, t.userId = 0, isExcluded = false, isFirstValidTask = true
I/VivoRecentTasksLoader( 2154): SystemUI|getRecentTasks: pkg = com.android.packageinstaller, t.persistentId = 1235, t.id = -1, t.userId = 0, isExcluded = true, isFirstValidTask = false
I/VivoRecentTasksLoader( 2154): SystemUI|getRecentTasks: pkg = com.android.wifisettings, t.persistentId = 1233, t.id = 1233, t.userId = 0, isExcluded = true, isFirstValidTask = false
I/VivoRecentTasksLoader( 2154): SystemUI|getRecentTasks: pkg = com.android.systemui, t.persistentId = 1227, t.id = -1, t.userId = 0, isExcluded = true, isFirstValidTask = false
I/VivoRecentTasksLoader( 2154): SystemUI|getRecentTasks: pkg = com.android.settings, t.persistentId = 1226, t.id = -1, t.userId = 0, isExcluded = true, isFirstValidTask = false
I/FloatWindowManagerService( 2337): get topPackageName = com.lipeilong.jdstreamer
I/FloatWindowManagerService( 2337): get mLastResumedPkgName is : com.bbk.launcher2 ; mToLaunchedPkgName is : com.lipeilong.jdstreamer
I/SoftwareLockService( 2337): vivoSoftLock() isLocked = false, psdRight = 0, pa = com.lipeilong.jdstreamer, mLastPackage = com.bbk.launcher2, mSoftwareLockList.get(pa) = null
D/FloatWindowManagerService1( 2337): mlast resumed package name equals to launched package name com.lipeilong.jdstreamer
I/Seldom  ( 2337): originLastPkg is : com.bbk.launcher2 ; toLaunchePkg is : com.lipeilong.jdstreamer
D/SoftwareLockService2( 2337): 2222 mLastPackageName : com.lipeilong.jdstreamer
D/DataUsagePrefs( 2337): getDataUsageNetworkForbinddenReminder value:true
I/Seldom  ( 2337): pkgName is : com.lipeilong.jdstreamer
D/ScreenBrightnessModeRestore( 1411): onForegroundActivitiesChanged pid=24039 mCurrentForceGroundPid=22211 mLastForceGroundPid=-1
D/ScreenBrightnessModeRestore( 1411): onForegroundActivitiesChanged mWaitToRestore=false mWaitToRollbackChangedBrightness=false
V/LoaderManager( 2707): destroyLoader in LoaderManager{2d138977 in Launcher{29672052}} of 0
V/LoaderManager( 2707): destroyLoader in LoaderManager{2d138977 in Launcher{29672052}} of 1
V/LoaderManager( 2707): destroyLoader in LoaderManager{2d138977 in Launcher{29672052}} of 2
V/LoaderManager( 2707): destroyLoader in LoaderManager{2d138977 in Launcher{29672052}} of 3
V/LoaderManager( 2707): destroyLoader in LoaderManager{2d138977 in Launcher{29672052}} of 4
V/LoaderManager( 2707): destroyLoader in LoaderManager{2d138977 in Launcher{29672052}} of 5
V/LoaderManager( 2707): destroyLoader in LoaderManager{2d138977 in Launcher{29672052}} of 6
V/LoaderManager( 2707): destroyLoader in LoaderManager{2d138977 in Launcher{29672052}} of 7
V/LoaderManager( 2707): destroyLoader in LoaderManager{2d138977 in Launcher{29672052}} of 8
D/SettingsProvider( 1411): lookupValue table system cache contains Key vivo_gamethermal_switch , value = Bundle[{value=null}]
I/LocationDialogService( 2492): onForegroundActivitiesChanged() pid = 2707, uid = 10025, foregroundActivities = false
D/SecureProvider( 2337): query() match : 25
D/SecureProvider( 2337): db = SQLiteDatabase: /data/user/0/com.iqoo.secure/databases/secure.db, projection = [Ljava.lang.String;@144f65f0, selection = pkgname=?, selectionArgs = [Ljava.lang.String;@1e7db769, groupBy = null, sortOrder = null, limit = null
D/SoftwareLockService( 2337): onEvent,action=32,path=vivo_black_filter_jar_file.xml
D/SoftwareLockService( 2337): SeverFileObserver onEvent arg0 = 32,arg1 = vivo_black_filter_jar_file.xml
D/SoftwareLockService( 2337): onEvent,action=1,path=vivo_black_filter_jar_file.xml
D/SoftwareLockService( 2337): SeverFileObserver onEvent arg0 = 1,arg1 = vivo_black_filter_jar_file.xml
D/SoftwareLockService( 2337): onEvent,action=16,path=vivo_black_filter_jar_file.xml
I/LocationDialogService( 2492): onForegroundActivitiesChanged name Process == com.lipeilong.jdstreamer
D/SoftwareLockService( 2337): SeverFileObserver onEvent arg0 = 16,arg1 = vivo_black_filter_jar_file.xml
I/LocationDialogService( 2492): removeGpsDialog
I/LocationDialogService( 2492): already remove
I/DataUtils( 2337): moveToNext is : true ; get count is : 1 ; pkg name is : com.lipeilong.jdstreamer
I/DataUtils( 2337): moveToNext is : false
I/Seldom  ( 2337): now usedAppInfo.usedTimes is : 4
D/SecureProvider( 2337): caller uid: 10055 context: com.iqoo.secure.AppFeature@3390c187
I/PreventAutostartService( 3052): onForegroundActivitiesChanged: pid 2707 uid 10025 switch true
D/PrefManager( 3052): get prefName=systemValues,key = key_autostart_switch,value=true
I/FloatWindowManagerService( 2337): current pkg : com.lipeilong.jdstreamer is not allowed , switch to allowed !
I/SoftwareLockService3( 2337): runningNetworkLimitReminder ConnectivityManager not null uid = 10169
D/PreventAutostartService( 3052): ####topPackageName = com.lipeilong.jdstreamer
D/SecureProvider( 2337): isValidCaller----pkgName: com.iqoo.secure valid: true
D/Launcher( 2707): onStop: mState is WORKSPACE
D/ScreenBrightnessModeRestore( 1411): onForegroundActivitiesChanged pid=2707 mCurrentForceGroundPid=24039 mLastForceGroundPid=-1
D/ScreenBrightnessModeRestore( 1411): onForegroundActivitiesChanged mWaitToRestore=false mWaitToRollbackChangedBrightness=false
I/FloatWindowManagerService1( 2337): onForegroundActivitiesChanged() pid = 2707, uid = 10025, foregroundActivities = false ; callingPkgName is : com.bbk.launcher2 ; mLastPkgNameCallingChange is : com.lipeilong.jdstreamer
I/CusWid/ManagerWidget( 2337): foreground activity change ,process name: com.lipeilong.jdstreamer,foregroundActivities: true,launcherName: com.bbk.launcher2,lastlauncher: null
I/SoftwareLockService2( 2337): onForegroundActivitiesChanged() pid = 2707, uid = 10025, foregroundActivities = false
D/DataUsagePrefs( 2337): getDataUsageNetworkForbinddenReminder value:true
D/manager disable: < ( 1411): BEGIN disableLocked(0, 0, android.os.Binder@3e6ba06e, Window{e17cb71 u0 Starting com.lipeilong.jdstreamer})
I/StatusBarColorManager( 2154): SystemUI|notifyStatusBarColorInfo: iconColor = 1, bgColor = ff303f9f, bgVisible = true
I/CusWid/ManagerWidget( 2337): foreground activity change ,process name: com.bbk.launcher2,foregroundActivities: false,launcherName: com.bbk.launcher2,lastlauncher: null
D/yuan    ( 2707): onVisibilityChanged----android.widget.ListView{259103f4 V.ED..C. ......I. 0,0-0,0}
D/yuan    ( 2707): onVisibilityChanged----android.widget.ListView{3ba96489 VFED.VC. ......I. 0,0-0,0 #7f0c0072 app:id/result_list}
I/WindowManager( 1411): isKeyguardShowing = false, mKeyguardWindow.mAttrs.privateFlags = 0
I/RecentHelper( 2154): SystemUI|index = 0,pkgName = com.lipeilong.jdstreamer
I/RecentHelper( 2154): SystemUI|releaseRecentBitmap, pkg= com.lipeilong.jdstreamer, isSystemApp= false
W/art     (24039): Before Android 4.1, method android.graphics.PorterDuffColorFilter android.support.graphics.drawable.VectorDrawableCompat.updateTintFilter(android.graphics.PorterDuffColorFilter, android.content.res.ColorStateList, android.graphics.PorterDuff$Mode) would have incorrectly overridden the package-private method in android.graphics.drawable.Drawable
D/PhoneWindow(24039): DEBUG_SYSTEMUI:origin statusbar style 
D/PhoneWindow(24039): DEBUG_SYSTEMUI:windowDrawsFlag set
D/PhoneWindow(24039): DEBUG_SYSTEMUI:IconColor=1
D/PhoneWindow(24039): DEBUG_SYSTEMUI:StatusBarColor final set ff303f9f
I/FloatWindowManagerService( 2337): get topPackageName = com.lipeilong.jdstreamer
I/FloatWindowManagerService( 2337): mLastResumedPkgName is : com.lipeilong.jdstreamer; mCurrentTopPkgName is : com.lipeilong.jdstreamer
D/FloatWindowManagerService1( 2337): get mlast resumed package name not equals to launched package name com.lipeilong.jdstreamer
I/FloatWindowManagerService( 2337): current pkg : com.lipeilong.jdstreamer is not allowed , switch to allowed !
I/ViewRootImpl(24039): CPU Rendering VSync enable = true
D/OpenGLRenderer(24039): Use EGL_SWAP_BEHAVIOR_PRESERVED: true
D/Atlas   (24039): Validating map...
D/SecureProvider( 2337): uri = content://com.iqoo.secure.provider.secureprovider/installedthirdappsinfo
I/DataUtils( 2337):  updateRet is 1
D/CommonProvider( 4112): CommonProvider insert success, result = content://com.bbk.iqoo.logsystemes/atr/3281
V/WindowManager( 1411): Adding window Window{17f377a9 u0 com.lipeilong.jdstreamer/com.lipeilong.jdstreamer.MainActivity} at 3 of 9 (before Window{e17cb71 u0 Starting com.lipeilong.jdstreamer})
D/CommonProvider( 4112): CommonProvider insert success, result = content://com.bbk.iqoo.logsystemes/aaa/13602
I/Adreno  (24039): QUALCOMM build                   : ac4e599, Ibb8f3faafb
I/Adreno  (24039): Build Date                       : 06/19/16
I/Adreno  (24039): OpenGL ES Shader Compiler Version: XE031.06.00.02
I/Adreno  (24039): Local Branch                     : 
I/Adreno  (24039): Remote Branch                    : refs/tags/AU_LINUX_ANDROID_LA.BR.1.3.2.C2.05.01.01.199.083
I/Adreno  (24039): Remote Branch                    : NONE
I/Adreno  (24039): Reconstruct Branch               : NOTHING
I/OpenGLRenderer(24039): Initialized EGL, version 1.4
D/OpenGLRenderer(24039): Enabling debug mode 0
I/ActivityManager( 1411): Displayed com.lipeilong.jdstreamer/.MainActivity: +167ms
I/Timeline(24039): Timeline: Activity_idle id: android.os.BinderProxy@9471a77 time:414788417
W/art     (24021): unexpectedly found a contender on mutex Task processor lock
W/art     (24021): ConditionVariable::~ConditionVariable for Task processor condition called with 1 waiters.
D/ImageWallpaper( 2154): onVisibilityChanged: mVisible, visible=true, false
D/ImageWallpaper( 2154): Visibility changed to visible=false
D/ImageWallpaper( 2154): Suppressed drawFrame since redraw is not needed and offsets have not changed.
D/FingerGoodix(  769): ESD doesn't do in HIGH speed or in FF.
D/SensorLogService( 1411): add packageName:android
W/ActivityManager( 1411): getRunningAppProcesses: caller 10125 does not hold REAL_GET_TASKS; limiting output
D/DataFormatter( 2337): Special bytes : 0
D/DataUsageService( 2337): NetSpeed 0K/s 
D/FingerGoodix(  769): ESD doesn't do in HIGH speed or in FF.
I/SurfaceFlinger(  429): FPS: 24
D/vivo_daemon:AnpDaemon(  401): start query abnormal logcat
D/vivo_daemon:AnpDaemon(  401): finish query abnormal logcat
D/TaskPersister( 1411): removeObsoleteFile: deleting file=1239_task.xml
I/MSM-irqbalance(  791): Decided to move IRQ200 from CPU5 [P:0] to CPU0 [P:1] (banned)
D/FingerGoodix(  769): ESD doesn't do in HIGH speed or in FF.
I/VivoNetworkController( 2154): SystemUI|action = android.net.wifi.RSSI_CHANGED
I/VivoNetworkController( 2154): SystemUI|updateWifiIcons mWifiConnected = true mWifiIconId2130838977
I/VivoNetworkController( 2154): SystemUI|mWifiEnabled && mWifiConnected = true
I/SurfaceFlinger(  429): FPS: 1
D/DataFormatter( 2337): Special bytes : 0
D/DataUsageService( 2337): NetSpeed 0K/s 
V/AlarmAlign( 1411): checkSet SCREEN_ON, type = 2, when = 704900874
V/AlarmAlign( 1411): setLocked to kernel, type = 2, when = 704900874, curTime = 704879922
V/AlarmAlign( 1411): triggerAlarm v at 704879922, size=1, hasWakeup=true, mWake_Set=true, mNextWakeup=704900874, mNextNonWakeup=704855125, mBatch.end=9223372036854775807, why=4
I/ExtraAlarmManager( 1411): Uid : 1000, Package name is : android
D/ExtraAlarmManager( 1411): UID : 1000 is the the uid white list
D/ExtraAlarmManager( 1411): UID : 1000 is the the uid white list
I/ExtraAlarmManager( 1411): type: 2 retType: 2
V/AlarmAlign( 1411): addAlarm pkg = android, action = android.content.syncmanager.SYNC_ALARM, whenElapsed = 705449833
D/FingerGoodix(  769): ESD doesn't do in HIGH speed or in FF.
W/ActivityManager( 1411): getRunningAppProcesses: caller 10125 does not hold REAL_GET_TASKS; limiting output
I/VivoNetworkController( 2154): SystemUI|action = android.net.wifi.RSSI_CHANGED
I/VivoNetworkController( 2154): SystemUI|updateWifiIcons mWifiConnected = true mWifiIconId2130838975
I/VivoNetworkController( 2154): SystemUI|mWifiEnabled && mWifiConnected = true
I/SurfaceFlinger(  429): FPS: 2
D/DataFormatter( 2337): Special bytes : 0
D/DataUsageService( 2337): NetSpeed 0K/s 
D/FingerGoodix(  769): ESD doesn't do in HIGH speed or in FF.
I/MSM-irqbalance(  791): Decided to move IRQ203 from CPU0 to CPU2
V/WindowOrientationListener( 1411): Proposed rotation changed!  proposedRotation=1, oldProposedRotation=-1
V/WindowOrientationListener( 1411): getProposedRotationLocked  mEnabled true isenalbeAcc true
I/SurfaceFlinger(  429): FPS: 2
V/ActivityManager( 1411): Display changed displayId=0
I/BlurManager( 2154): SystemUI|RotationWatcher, onRotationChanged(): 0 -> 1
I/InputReader( 1411): Reconfiguring input devices.  changes=0x00000004
I/InputReader( 1411): Device reconfigured: id=6, name='input_mt_wrapper', size 1080x1920, orientation 0, mode 4, display id 0
I/InputReader( 1411): Device reconfigured: id=8, name='synaptics_dsx_i2c', size 1080x1920, orientation 1, mode 1, display id 0
I/ActivityManager( 1411): Config changes=480 {1.0 ?mcc?mnc zh_CN ?layoutDir sw360dp w640dp h337dp 480dpi nrml long land finger -keyb/v/h -nav/h s.10 themeId=0, affectGlobal:true}
I/UpSlideHelper( 2154): SystemUI|RotationWatcher, onRotationChanged(): 0 -> 1
D/PinyinIME( 2395): onConfigurationChanged
I/vivo_debug_ActivityStackSupervisor( 1411): relaunchActivityLocked r = ActivityRecord{3aba1600 u0 com.lipeilong.jdstreamer/.MainActivity t1240}, app = ProcessRecord{209ea23a 24039:com.lipeilong.jdstreamer/u0a169}, processname = com.lipeilong.jdstreamer, config = null
E/touchscreen( 1411): Open /sys/touchscreen/edge_suppress_switch failed
D/BBKTouchScreenService( 1411): set isLandscape  0
D/PhoneWindow(24039): DEBUG_SYSTEMUI:origin statusbar style 
D/PhoneWindow(24039): DEBUG_SYSTEMUI:windowDrawsFlag set
D/PhoneWindow(24039): DEBUG_SYSTEMUI:IconColor=1
D/PhoneWindow(24039): DEBUG_SYSTEMUI:StatusBarColor final set ff303f9f
D/SettingsProvider( 1411): lookupValue table system cache contains Key theme_style , value = Bundle[{value=null}]
I/StatusBarColorManager( 2154): SystemUI|isWholeTheme = false
I/UpSlideHelper( 2154): SystemUI|refreshRotation, newRotation = 1
I/UpSlideTransparentView( 2154): SystemUI|onRotationChanged, curr is 0, new is 1
I/UpSlideTransparentView( 2154): SystemUI|onCollapseFinished()
I/UpSlideHelper( 2154): SystemUI|onViewStateChanged to 1
I/UpSlideHelper( 2154): SystemUI|onViewStateChanged to 1
I/UpSlideHelper( 2154): SystemUI|onViewStateChanged to 4
I/RecentHelper( 2154): SystemUI|mCurrRotation = 0, newRotation = 1
I/UpSlideTransparentView( 2154): SystemUI|onConfigurationChanged
I/WifiSwitcher( 2154): SystemUI|update wifi-button, TriState = 1
I/ViewRootImpl(24039): CPU Rendering VSync enable = true
D/SettingsProvider( 1411): lookupValue table system cache contains Key FlashState , value = Bundle[{value=0}]
W/Settings( 2154): Setting airplane_mode_on has moved from android.provider.Settings.System to android.provider.Settings.Global, returning read-only value.
I/SIMAndNetworkHelper( 2154): SystemUI|isSIMInserted, slot = 0, mIsSIM1Insert = false, mIsSIM2Insert = false
I/SIMAndNetworkHelper( 2154): SystemUI|isSIMInserted, slot = 1, mIsSIM1Insert = false, mIsSIM2Insert = false
I/ApnSwitcher( 2154): SystemUI|isApnOn(), isSlot1Insert = false, isSlot2Insert = false, isSlot1RadioOn = false, isSlot2RadioOn = false
D/ApnSwitcher( 2154): update Switcher_, on is false
D/SettingsProvider( 1411): lookupValue table system cache contains Key accelerometer_rotation , value = Bundle[{value=1}]
V/WindowManager( 1411): Adding window Window{3f378448 u0 com.lipeilong.jdstreamer/com.lipeilong.jdstreamer.MainActivity} at 3 of 8 (after Window{1dc67be5 u0 com.android.wifisettings/com.android.wifisettings.Settings$WifiSettingsActivity})
W/Settings( 2154): Setting airplane_mode_on has moved from android.provider.Settings.System to android.provider.Settings.Global, returning read-only value.
D/SettingsProvider( 1411): lookupValue table system cache contains Key screen_brightness_mode , value = Bundle[{value=1}]
D/SettingsProvider( 1411): lookupValue table system cache contains Key screen_brightness , value = Bundle[{value=112}]
I/KeyguardNature3( 2154): onConfigurationChanged PluggedIn=true, Charged=false
I/ImageDigitalClock( 2154): updateTime = 14:55
I/ImageDigitalClock( 2154): updateTime = 14:55
I/Clock   ( 2154): action = android.intent.action.CONFIGURATION_CHANGED
I/VolumePanel( 2154): SystemUI|updateSliderProgress(),  sc :  com.android.systemui.volume.VolumePanel$StreamControl@35adf385 sc.streamType: 2  progress: 0 sc.seekbarView.isEnabled: true
D/VolumePanel( 2154): updateSliderIcon, streamType:2 muted:true
I/PhoneStatusBar( 2154): SystemUI|isUpSlideDisabled: considerBarExpand = true, isDisabled = false, isBarExpanded = false, isKeyguardShowing = false
I/UpSlideHelper( 2154): SystemUI|isExpandDisabled() : isUpSlideDisabled = false, spsOn = false, mSpsClickedfalse
I/PhoneStatusBar( 2154): SystemUI|isUpSlideDisabled: considerBarExpand = false, isDisabled = false, isBarExpanded = false, isKeyguardShowing = false
I/UpSlideHelper( 2154): SystemUI|isExpandDisabled() : isUpSlideDisabled = false, spsOn = false, mSpsClickedfalse
I/UpSlideTransparentView( 2154): SystemUI|updateLayoutParams, isAnimationRunning = false, isExpandDisabled = false, force = true
I/UpSlideTransparentView( 2154): SystemUI|UpdateLayoutParams, touchable = true, focusable = false, mLps.width = 42, mLps.height = -1, force = true
I/Timeline(24039): Timeline: Activity_idle id: android.os.BinderProxy@9471a77 time:414798437
