I/WindowManager( 1411): Screen frozen for +180ms due to Window{21b67651 u0 UpSlideTransparentView}
V/WindowOrientationListener( 1411): getProposedRotationLocked  mEnabled true isenalbeAcc true
D/FingerGoodix(  769): ESD doesn't do in HIGH speed or in FF.
V/WindowOrientationListener( 1411): Proposed rotation changed!  proposedRotation=0, oldProposedRotation=-1
V/WindowOrientationListener( 1411): getProposedRotationLocked  mEnabled true isenalbeAcc true
V/ActivityManager( 1411): Display changed displayId=0
I/BlurManager( 2154): SystemUI|RotationWatcher, onRotationChanged(): 1 -> 0
I/ActivityManager( 1411): Config changes=480 {1.0 ?mcc?mnc zh_CN ?layoutDir sw360dp w360dp h617dp 480dpi nrml long port finger -keyb/v/h -nav/h s.11 themeId=0, affectGlobal:true}
I/InputReader( 1411): Reconfiguring input devices.  changes=0x00000004
I/InputReader( 1411): Device reconfigured: id=6, name='input_mt_wrapper', size 1080x1920, orientation 0, mode 4, display id 0
I/InputReader( 1411): Device reconfigured: id=8, name='synaptics_dsx_i2c', size 1080x1920, orientation 0, mode 1, display id 0
I/UpSlideHelper( 2154): SystemUI|RotationWatcher, onRotationChanged(): 1 -> 0
I/vivo_debug_ActivityStackSupervisor( 1411): relaunchActivityLocked r = ActivityRecord{3aba1600 u0 com.lipeilong.jdstreamer/.MainActivity t1240}, app = ProcessRecord{209ea23a 24039:com.lipeilong.jdstreamer/u0a169}, processname = com.lipeilong.jdstreamer, config = null
I/SurfaceFlinger(  429): FPS: 36
D/PinyinIME( 2395): onConfigurationChanged
E/touchscreen( 1411): Open /sys/touchscreen/edge_suppress_switch failed
D/BBKTouchScreenService( 1411): set isLandscape  1
I/UpSlideHelper( 2154): SystemUI|refreshRotation, newRotation = 0
I/UpSlideTransparentView( 2154): SystemUI|onRotationChanged, curr is 1, new is 0
I/UpSlideTransparentView( 2154): SystemUI|onCollapseFinished()
I/UpSlideHelper( 2154): SystemUI|onViewStateChanged to 1
I/UpSlideHelper( 2154): SystemUI|onViewStateChanged to 1
I/UpSlideHelper( 2154): SystemUI|onViewStateChanged to 4
I/RecentHelper( 2154): SystemUI|mCurrRotation = 1, newRotation = 0
D/PhoneWindow(24039): DEBUG_SYSTEMUI:origin statusbar style 
D/PhoneWindow(24039): DEBUG_SYSTEMUI:windowDrawsFlag set
D/PhoneWindow(24039): DEBUG_SYSTEMUI:IconColor=1
D/PhoneWindow(24039): DEBUG_SYSTEMUI:StatusBarColor final set ff303f9f
I/StatusBarColorManager( 2154): SystemUI|isWholeTheme = false
I/KeyguardNature3( 2154): onConfigurationChanged PluggedIn=true, Charged=false
I/ImageDigitalClock( 2154): updateTime = 14:55
I/ImageDigitalClock( 2154): updateTime = 14:55
I/UpSlideTransparentView( 2154): SystemUI|onConfigurationChanged
I/ViewRootImpl(24039): CPU Rendering VSync enable = true
I/WifiSwitcher( 2154): SystemUI|update wifi-button, TriState = 1
W/Settings( 2154): Setting airplane_mode_on has moved from android.provider.Settings.System to android.provider.Settings.Global, returning read-only value.
I/SIMAndNetworkHelper( 2154): SystemUI|isSIMInserted, slot = 0, mIsSIM1Insert = false, mIsSIM2Insert = false
I/SIMAndNetworkHelper( 2154): SystemUI|isSIMInserted, slot = 1, mIsSIM1Insert = false, mIsSIM2Insert = false
I/ApnSwitcher( 2154): SystemUI|isApnOn(), isSlot1Insert = false, isSlot2Insert = false, isSlot1RadioOn = false, isSlot2RadioOn = false
D/ApnSwitcher( 2154): update Switcher_, on is false
D/SettingsProvider( 1411): lookupValue table system cache contains Key accelerometer_rotation , value = Bundle[{value=1}]
W/Settings( 2154): Setting airplane_mode_on has moved from android.provider.Settings.System to android.provider.Settings.Global, returning read-only value.
V/WindowManager( 1411): Adding window Window{4615c1d u0 com.lipeilong.jdstreamer/com.lipeilong.jdstreamer.MainActivity} at 3 of 8 (after Window{1dc67be5 u0 com.android.wifisettings/com.android.wifisettings.Settings$WifiSettingsActivity})
I/Clock   ( 2154): action = android.intent.action.CONFIGURATION_CHANGED
I/VolumePanel( 2154): SystemUI|updateSliderProgress(),  sc :  com.android.systemui.volume.VolumePanel$StreamControl@35adf385 sc.streamType: 2  progress: 0 sc.seekbarView.isEnabled: true
D/VolumePanel( 2154): updateSliderIcon, streamType:2 muted:true
I/PhoneStatusBar( 2154): SystemUI|isUpSlideDisabled: considerBarExpand = true, isDisabled = false, isBarExpanded = false, isKeyguardShowing = false
I/UpSlideHelper( 2154): SystemUI|isExpandDisabled() : isUpSlideDisabled = false, spsOn = false, mSpsClickedfalse
I/PhoneStatusBar( 2154): SystemUI|isUpSlideDisabled: considerBarExpand = false, isDisabled = false, isBarExpanded = false, isKeyguardShowing = false
I/UpSlideHelper( 2154): SystemUI|isExpandDisabled() : isUpSlideDisabled = false, spsOn = false, mSpsClickedfalse
I/UpSlideTransparentView( 2154): SystemUI|updateLayoutParams, isAnimationRunning = false, isExpandDisabled = false, force = true
I/UpSlideTransparentView( 2154): SystemUI|UpdateLayoutParams, touchable = true, focusable = false, mLps.width = -1, mLps.height = 42, force = true
I/Timeline(24039): Timeline: Activity_idle id: android.os.BinderProxy@9471a77 time:414799487
I/WindowManager( 1411): Screen frozen for +154ms due to Window{21b67651 u0 UpSlideTransparentView}
I/VivoNetworkController( 2154): SystemUI|action = android.net.wifi.RSSI_CHANGED
I/VivoNetworkController( 2154): SystemUI|updateWifiIcons mWifiConnected = true mWifiIconId2130838977
I/VivoNetworkController( 2154): SystemUI|mWifiEnabled && mWifiConnected = true
V/WindowOrientationListener( 1411): getProposedRotationLocked  mEnabled true isenalbeAcc true
D/DataFormatter( 2337): Special bytes : 0
D/DataUsageService( 2337): NetSpeed 0K/s 
D/WifiConfigStore( 1411): isAccessPointContact netId:8
D/WifiConfigStore( 1411): isAccessPointContact , configKey:"MERCURY_A2A8D8"-WPA_PSK
D/WifiConfigStore( 1411): isAccessPointContact need:false
D/FingerGoodix(  769): ESD doesn't do in HIGH speed or in FF.
I/art     ( 1411): Explicit concurrent mark sweep GC freed 130918(7MB) AllocSpace objects, 43(860KB) LOS objects, 33% free, 19MB/28MB, paused 1.282ms total 115.344ms
W/ActivityManager( 1411): getRunningAppProcesses: caller 10125 does not hold REAL_GET_TASKS; limiting output
I/ServiceManager(20608): Waiting for service AtCmdFwd...
I/MSM-irqbalance(  791): Decided to move IRQ332 from CPU3 to CPU2
D/DataFormatter( 2337): Special bytes : 0
D/FingerGoodix(  769): ESD doesn't do in HIGH speed or in FF.
D/DataUsageService( 2337): NetSpeed 0K/s 
I/SurfaceFlinger(  429): FPS: 35
I/ServiceManager(20608): Waiting for service AtCmdFwd...
I/ServiceManager(20608): Waiting for service AtCmdFwd...
D/FingerGoodix(  769): ESD doesn't do in HIGH speed or in FF.
I/ServiceManager(20608): Waiting for service AtCmdFwd...
D/DataFormatter( 2337): Special bytes : 0
D/DataUsageService( 2337): NetSpeed 0K/s 
I/SurfaceFlinger(  429): FPS: 1
I/ServiceManager(20608): Waiting for service AtCmdFwd...
D/FingerGoodix(  769): ESD doesn't do in HIGH speed or in FF.
W/Atfwd_Sendcmd(20608): AtCmdFwd service not published, waiting... retryCnt : 4
W/ActivityManager( 1411): getRunningAppProcesses: caller 10125 does not hold REAL_GET_TASKS; limiting output
I/MSM-irqbalance(  791): Decided to move IRQ200 from CPU0 to CPU2
D/FingerGoodix(  769): ESD doesn't do in HIGH speed or in FF.
D/DataFormatter( 2337): Special bytes : 0
D/DataUsageService( 2337): NetSpeed 0K/s 
I/SurfaceFlinger(  429): FPS: 1
I/WarningMessage( 2492): receiver: action isandroid.intent.action.BATTERY_CHANGED mBatteryPowerConnetDialog=true mShowChargerOverVoltageDialog=true
D/DeviceListener( 2492): ++onReceive++:android.intent.action.BATTERY_CHANGED
D/DeviceListener( 2492): onReceiveandroid.intent.action.BATTERY_CHANGED
I/UsbDeviceManagerService( 2492): mUsbReceiver action:android.intent.action.BATTERY_CHANGED mConnected:false mLastConnected:false
I/UsbDeviceManagerService( 2492): mUsbReceiver ACTION_BATTERY_CHANGED plugType:2 FEATURE_FAST_CHARGE:true mRomVersion:2.5 mBootCompleted:true mLastBatteryPlug:true mBatteryPlug:true
D/KeyguardUpdateMonitor( 2154): received broadcast android.intent.action.BATTERY_CHANGED
D/FeatureService( 1411): onReceive action android.intent.action.BATTERY_CHANGED
D/MusicService( 1256): ========action = android.intent.action.BATTERY_CHANGED
I/BatteryController( 2154): SystemUI|status = 2, mLastStatus = 2, mPluggedIn = true, mLastPluggedIn = true
I/BatteryController( 2154): SystemUI|mLevel = 100, mLastLevel = 100
D/SwitcherUpdateMonitor( 2154): receive broadcast, action = android.intent.action.BATTERY_CHANGED
D/KeyguardUpdateMonitor( 2154): handleBatteryUpdate
I/KeyguardSmartUpdateMonitor( 2154): handleChargingModeChanged, mCurrentEngineState = 0, engineState = 0
D/BatteryService( 1411): Processing new values: chargerAcOnline=false, chargerUsbOnline=true, chargerWirelessOnline=false, batteryStatus=2, batteryHealth=2, batteryPresent=true, batteryLevel=100, batteryTechnology=Li-ion, batteryVoltage=4344, batteryTemperature=337, mBatteryLevelCritical=false, mPlugType=2
D/BatteryService( 1411): Sending ACTION_BATTERY_CHANGED.  level:100, scale:100, status:2, health:2, present:true, voltage: 4344, temperature: 337, technology: Li-ion, AC powered:false, USB powered:true, Wireless powered:false, icon:17303156, invalid charger:0
I/VNOILBS ( 1411): VNOILBS mScreenOn=true level=100 mCriticalBatteryLevel=3 mNotificationLowBatteryStates=true mNotificationChargeStates=true status=2
D/PowerUI ( 2154): buckets   .....15 .. 10 .. 3
D/PowerUI ( 2154): level          100 --> 100
D/PowerUI ( 2154): status         2 --> 2
D/PowerUI ( 2154): plugType       2 --> 2
D/PowerUI ( 2154): invalidCharger 0 --> 0
D/PowerUI ( 2154): bucket         1 --> 1
D/PowerUI ( 2154): plugged        true --> true
D/WifiController( 1411): battery changed pluggedType: 2
D/FingerGoodix(  769): ESD doesn't do in HIGH speed or in FF.
D/DataFormatter( 2337): Special bytes : 0
D/DataUsageService( 2337): NetSpeed 0K/s 
I/SurfaceFlinger(  429): FPS: 1
I/MSM-irqbalance(  791): Decided to move IRQ215 from CPU1 to CPU2
D/FingerGoodix(  769): ESD doesn't do in HIGH speed or in FF.
W/ActivityManager( 1411): getRunningAppProcesses: caller 10125 does not hold REAL_GET_TASKS; limiting output
D/FingerGoodix(  769): ESD doesn't do in HIGH speed or in FF.
D/DataFormatter( 2337): Special bytes : 0
D/DataUsageService( 2337): NetSpeed 0K/s 
I/SurfaceFlinger(  429): FPS: 1
V/VivoStats( 1411): noteScreenBrightness brightness = 81
V/PowerEffectManager( 2492): note what = 2, arg1 = 81, arg2 = 0
D/BrightnessProviderNormal( 1411): notifyStateChanged un-known:3
D/DisplayPowerController( 1411): updatePowerState: mPowerRequest.useProximitySensor=false, mProximity=Unknown, mScreenOffBecauseOfProximity=false mPowerRequest.screenState = ON mWaitingForNegativeProximity = false
D/DisplayPowerController( 1411): chenyishi AAL AAL AAL
D/DisplayPowerController( 1411): updatePowerState: mPowerRequest.useProximitySensor=false, mProximity=Unknown, mScreenOffBecauseOfProximity=false mPowerRequest.screenState = ON mWaitingForNegativeProximity = false
D/DisplayPowerController( 1411): chenyishi AAL AAL AAL
D/DisplayPowerState( 1411): Updating screen state: state=ON, backlight=81, backlightChanged=true mPowerAssistantMode=0
D/DisplayPowerController( 1411): updatePowerState: mPowerRequest.useProximitySensor=false, mProximity=Unknown, mScreenOffBecauseOfProximity=false mPowerRequest.screenState = ON mWaitingForNegativeProximity = false
D/DisplayPowerController( 1411): chenyishi AAL AAL AAL
W/ActivityManager( 1411): getRunningAppProcesses: caller 10169 does not hold REAL_GET_TASKS; limiting output
D/SettingsProvider( 1411): lookupValue table system cache contains Key sound_effects_enabled , value = Bundle[{value=0}]
E/art     (24039): No implementation found for java.lang.String com.lipeilong.jdstreamer.jni.JniStreamer.getTag() (tried Java_com_lipeilong_jdstreamer_jni_JniStreamer_getTag and Java_com_lipeilong_jdstreamer_jni_JniStreamer_getTag__)
D/AndroidRuntime(24039): Shutting down VM
E/AndroidRuntime(24039): FATAL EXCEPTION: main
E/AndroidRuntime(24039): Process: com.lipeilong.jdstreamer, PID: 24039
E/AndroidRuntime(24039): java.lang.IllegalStateException: Could not execute method for android:onClick
E/AndroidRuntime(24039): 	at android.support.v7.app.AppCompatViewInflater$DeclaredOnClickListener.onClick(AppCompatViewInflater.java:293)
E/AndroidRuntime(24039): 	at android.view.View.performClick(View.java:4785)
E/AndroidRuntime(24039): 	at android.view.View$PerformClick.run(View.java:19919)
E/AndroidRuntime(24039): 	at android.os.Handler.handleCallback(Handler.java:739)
E/AndroidRuntime(24039): 	at android.os.Handler.dispatchMessage(Handler.java:95)
E/AndroidRuntime(24039): 	at android.os.Looper.loop(Looper.java:135)
E/AndroidRuntime(24039): 	at android.app.ActivityThread.main(ActivityThread.java:5399)
E/AndroidRuntime(24039): 	at java.lang.reflect.Method.invoke(Native Method)
E/AndroidRuntime(24039): 	at java.lang.reflect.Method.invoke(Method.java:372)
E/AndroidRuntime(24039): 	at com.android.internal.os.ZygoteInit$MethodAndArgsCaller.run(ZygoteInit.java:927)
E/AndroidRuntime(24039): 	at com.android.internal.os.ZygoteInit.main(ZygoteInit.java:722)
E/AndroidRuntime(24039): Caused by: java.lang.reflect.InvocationTargetException
E/AndroidRuntime(24039): 	at java.lang.reflect.Method.invoke(Native Method)
E/AndroidRuntime(24039): 	at java.lang.reflect.Method.invoke(Method.java:372)
E/AndroidRuntime(24039): 	at android.support.v7.app.AppCompatViewInflater$DeclaredOnClickListener.onClick(AppCompatViewInflater.java:288)
E/AndroidRuntime(24039): 	... 10 more
E/AndroidRuntime(24039): Caused by: java.lang.UnsatisfiedLinkError: No implementation found for java.lang.String com.lipeilong.jdstreamer.jni.JniStreamer.getTag() (tried Java_com_lipeilong_jdstreamer_jni_JniStreamer_getTag and Java_com_lipeilong_jdstreamer_jni_JniStreamer_getTag__)
E/AndroidRuntime(24039): 	at com.lipeilong.jdstreamer.jni.JniStreamer.getTag(Native Method)
E/AndroidRuntime(24039): 	at com.lipeilong.jdstreamer.MainActivity.onClick(MainActivity.java:20)
E/AndroidRuntime(24039): 	... 13 more
I/ActivityManager( 1411): handleApplicationCrash callcom.lipeilong.jdstreamer
W/ContextImpl( 1411): Calling a method in the system process without a qualified user: android.app.ContextImpl.startService:1738 com.android.server.am.ActivityManagerService.handleApplicationCrashInner:13389 com.android.server.am.ActivityManagerService.handleApplicationCrash:13267 android.app.ActivityManagerNative.onTransact:1412 com.android.server.am.ActivityManagerService.onTransact:2489 
I/LogUploadService( 4112): start onStart
D/LogUploadService( 4112): process name = com.lipeilong.jdstreamer
D/LogUploadService( 4112): Logsystem_crashed = 0
D/LogUploadService( 4112):  isCancel = false
V/VivoStats( 1411): noteActivityPausedLocked uid = 10169
W/ActivityManager( 1411):   Force finishing activity 1 com.lipeilong.jdstreamer/.MainActivity
D/SettingsProvider( 1411): lookupValue table system cache contains Key user_experience_improve_level , value = Bundle[{value=1}]
D/SettingsProvider( 1411): lookupValue table system cache contains Key user_experience_improve_plan_first_close , value = Bundle[{value=0}]
D/PhoneWindow( 1411): DEBUG_SYSTEMUI:vivo statusbar style 
D/PhoneWindow( 1411): DEBUG_SYSTEMUI:IconColor=-1
D/PhoneWindow( 1411): DEBUG_SYSTEMUI:StatusBarColor final set 0
D/LogUploadService( 4112): mFile.length = 836508
I/ViewRootImpl( 1411): CPU Rendering VSync enable = true
D/LogUploadService( 4112): Log File has created
D/LogUploadService( 4112):  url_source = /data/bbkpanic
D/LogUploadService( 4112):  SourceDirectory.exists() = false
D/LogUploadService( 4112):  SourceDirectory.listFiles() = null
D/LogUploadService( 4112):  url_source = /data/aee_exp
D/LogUploadService( 4112):  SourceDirectory.exists() = false
D/LogUploadService( 4112):  SourceDirectory.listFiles() = null
D/LogUploadService( 4112):  url_source = data/system/dropbox
D/LogUploadService( 4112):  SourceDirectory.exists() = true
D/FileObserverService(31903): isDirInWhitePath string:/storage/emulated/0/bbk_log/log/com.lipeilong.jdstreamer/2.log str:/storage/emulated/0/bbk_log
D/LogUploadService( 4112):  SourceDirectory.listFiles() = [Ljava.io.File;@2e567a82
D/FileObserverService(31903): isDirInWhitePath string:/storage/emulated/0/bbk_log/log/com.lipeilong.jdstreamer/2.log str:/storage/emulated/0/bbk_log
D/manager disable: < ( 1411): BEGIN disableLocked(0, 0, android.os.Binder@3e6ba06e, Window{1de32b24 u0 Application Error: com.lipeilong.jdstreamer})
I/FloatWindowManagerService( 2337): get action is : vivo.intent.action.CHECK_ALERT_WINDOW
D/LogUploadService( 4112):  isUpload = false
I/FloatWindowManagerService( 2337): get topPackageName = com.lipeilong.jdstreamer
I/FloatWindowManagerService( 2337): pid is : 1411 ; uid is : 1411 ; pkgName is : com.lipeilong.jdstreamer ; allowShowMode is : 0
I/FloatWindowManagerService( 2337): get topPackageName = com.lipeilong.jdstreamer
I/OpenGLRenderer( 1411): Initialized EGL, version 1.4
V/AlarmAlign( 1411): checkSet SCREEN_ON, type = 2, when = 705215729
V/AlarmAlign( 1411): setLocked to kernel, type = 2, when = 705215729, curTime = 704900874
V/AlarmAlign( 1411): checkSet SCREEN_ON, type = 3, when = 704914173
V/AlarmAlign( 1411): setLocked to kernel, type = 3, when = 704914173, curTime = 704900874
V/AlarmAlign( 1411): triggerAlarm v at 704900874, size=1, hasWakeup=true, mWake_Set=true, mNextWakeup=705215729, mNextNonWakeup=704914173, mBatch.end=9223372036854775807, why=4
E/native  ( 1411): do suspend false
I/SoftwareLockService2( 2337): onForegroundActivitiesChanged() pid = 2707, uid = 10025, foregroundActivities = true
I/LocationDialogService( 2492): onForegroundActivitiesChanged() pid = 2707, uid = 10025, foregroundActivities = true
I/PreventAutostartService( 3052): onForegroundActivitiesChanged: pid 2707 uid 10025 switch true
D/PrefManager( 3052): get prefName=systemValues,key = key_autostart_switch,value=true
I/LocationDialogService( 2492): onForegroundActivitiesChanged name Process == com.lipeilong.jdstreamer
D/PreventAutostartService( 3052): ####topPackageName = com.lipeilong.jdstreamer
D/ScreenBrightnessModeRestore( 1411): onForegroundActivitiesChanged pid=2707 mCurrentForceGroundPid=2707 mLastForceGroundPid=-1
D/ScreenBrightnessModeRestore( 1411): onForegroundActivitiesChanged mWaitToRestore=false mWaitToRollbackChangedBrightness=false
I/AppRunTimeRecord( 4112): insert com.lipeilong.jdstreamer
I/SoftwareLockService( 2337): runAppInfo.pid = 2707
I/SoftwareLockService2( 2337): processName = com.bbk.launcher2, packageName = com.bbk.launcher2
I/SoftwareLockService2( 2337): [Monitor]2--------[com.lipeilong.jdstreamer] to [com.bbk.launcher2] from [com.lipeilong.jdstreamer]
I/SoftwareLockService2( 2337): -------->>>>>>>> topActivityName = com.lipeilong.jdstreamer.MainActivity
I/SoftwareLockService( 2337): vivoSoftLock() isLocked = false, psdRight = 0, pa = com.bbk.launcher2, mLastPackage = com.lipeilong.jdstreamer, mSoftwareLockList.get(pa) = null
I/Seldom  ( 2337): originLastPkg is : com.lipeilong.jdstreamer ; toLaunchePkg is : com.bbk.launcher2
D/SoftwareLockService2( 2337): 2222 mLastPackageName : com.bbk.launcher2
D/DataUsagePrefs( 2337): getDataUsageNetworkForbinddenReminder value:true
I/FloatWindowManagerService1( 2337): onForegroundActivitiesChanged() pid = 2707, uid = 10025, foregroundActivities = true ; callingPkgName is : com.bbk.launcher2 ; mLastPkgNameCallingChange is : com.bbk.launcher2
I/VivoRecentTasksLoader( 2154): SystemUI|getRecentTasks: pkg = com.lipeilong.jdstreamer, t.persistentId = 1240, t.id = -1, t.userId = 0, isExcluded = false, isFirstValidTask = true
I/VivoRecentTasksLoader( 2154): SystemUI|getRecentTasks: pkg = com.android.packageinstaller, t.persistentId = 1235, t.id = -1, t.userId = 0, isExcluded = true, isFirstValidTask = false
I/VivoRecentTasksLoader( 2154): SystemUI|getRecentTasks: pkg = com.android.wifisettings, t.persistentId = 1233, t.id = 1233, t.userId = 0, isExcluded = true, isFirstValidTask = false
I/VivoRecentTasksLoader( 2154): SystemUI|getRecentTasks: pkg = com.android.systemui, t.persistentId = 1227, t.id = -1, t.userId = 0, isExcluded = true, isFirstValidTask = false
I/VivoRecentTasksLoader( 2154): SystemUI|getRecentTasks: pkg = com.android.settings, t.persistentId = 1226, t.id = -1, t.userId = 0, isExcluded = true, isFirstValidTask = false
I/SoftwareLockService3( 2337): runningNetworkLimitReminder ConnectivityManager not null uid = 10025
I/Seldom  ( 2337): pkgName is : com.bbk.launcher2
V/AlarmAlign( 1411): remove pkg = android, action = com.android.server.WifiManager.action.REFRESH_BATCHED_SCAN
E/wpa_supplicant( 3924): wpa_driver_nl80211_driver_cmd: failed to issue private commands
E/WifiStateMachine( 1411): Unexpected BatchedScanResults :null
E/wpa_supplicant( 3924): wpa_driver_nl80211_driver_cmd: failed to issue private commands
I/CusWid/ManagerWidget( 2337): foreground activity change ,process name: com.bbk.launcher2,foregroundActivities: true,launcherName: com.bbk.launcher2,lastlauncher: null
I/RecentHelper( 2154): SystemUI|index = 0,pkgName = com.lipeilong.jdstreamer
I/RecentHelper( 2154): SystemUI|releaseRecentBitmap, pkg= com.lipeilong.jdstreamer, isSystemApp= false
I/dhcpcd  (24478): sending signal 14 to pid 6327
I/dhcpcd  ( 6327): received SIGALRM, renewing
I/dhcpcd  ( 6327): wlan0: renewing lease of 192.168.1.108
D/CommonProvider( 4112): CommonProvider insert success, result = content://com.bbk.iqoo.logsystemes/atr/3282
I/dhcpcd  ( 6327): wlan0: acknowledged 192.168.1.108 from 192.168.1.1 `?'
E/dhcpcd  ( 6327): close_sockets:@@@@@@@@@@@@@@@@@
E/dhcpcd  ( 6327): close_sockets:@@@@@@@@@@@@@@@@@
I/dhcpcd  ( 6327): wlan0: leased 192.168.1.108 for 7200 seconds
D/SensorManager( 1411): disableSensor type = 1,pid=1411
D/SensorLogService( 1411): SensorLogAppListner this.apppid = 1411
D/Sensors ( 1411): android::status_t android::SensorEventQueue::disableSensor(int32_t) const in
D/SensorService( 1411): disable mLock_wait 0x00000000 mLock_status 0x00000000 mConnectionLock_wait 0x00000000 mConnectionLock_status 0x00000000
D/SensorService( 1411): SensorDevice::activate: ident=0x7f645078a0, handle=0x00000001, enabled=0, count=1
D/SensorService( 1411): disable index=0
D/SensorService( 1411): 	>>> actuating h/w activate handle=1 enabled=0
W/VivoSensorTest( 1411): activate: handle is 0, en is 0
D/SensorLogService( 1411): remove packageName:android
V/VivoStats( 1411): noteActivityResumedLocked uid = 10025, mLastUid = 10169
V/PowerEffectManager( 2492): noteActivity uid = 10025, name = com.bbk.launcher2.Launcher
V/PowerEffectManager( 2492): noteAppResumed uid = 10025, lastUid = 10169
D/Sensors ( 1411): android::status_t android::SensorEventQueue::disableSensor(int32_t) const ont
D/SensorService( 1411): ~SensorEventConnection(0x7f645078a0)
D/SensorService( 1411): 2 active sensors
D/SensorService( 1411): removing connection 0x7f645078a0 for sensor[0].handle=0x00000005
D/SensorService( 1411): removing connection 0x7f645078a0 for sensor[1].handle=0x0000000a
W/ActivityManager( 1411): Activity pause timeout for ActivityRecord{3aba1600 u0 com.lipeilong.jdstreamer/.MainActivity t1240 f}
V/WindowManager( 1411): needSensorRunningLp mCurrentAppOrientation 1 mCarDockEnablesAccelerometer true mDockMode 0mSupportAutoRotation true
D/WindowManager( 1411): mCurrentAppOrientation:1should not open gsensor.
V/WindowOrientationListener( 1411): getProposedRotationLocked  mEnabled true isenalbeAcc false
D/Launcher( 2707): onRestart -- mState = WORKSPACE
D/Launcher( 2707): onStart -- mState = WORKSPACE
V/LoaderManager( 2707): destroyLoader in LoaderManager{2d138977 in Launcher{29672052}} of 0
V/LoaderManager( 2707): destroyLoader in LoaderManager{2d138977 in Launcher{29672052}} of 1
V/LoaderManager( 2707): destroyLoader in LoaderManager{2d138977 in Launcher{29672052}} of 2
V/LoaderManager( 2707): destroyLoader in LoaderManager{2d138977 in Launcher{29672052}} of 3
V/LoaderManager( 2707): destroyLoader in LoaderManager{2d138977 in Launcher{29672052}} of 4
V/LoaderManager( 2707): destroyLoader in LoaderManager{2d138977 in Launcher{29672052}} of 5
V/LoaderManager( 2707): destroyLoader in LoaderManager{2d138977 in Launcher{29672052}} of 6
V/LoaderManager( 2707): destroyLoader in LoaderManager{2d138977 in Launcher{29672052}} of 7
V/LoaderManager( 2707): destroyLoader in LoaderManager{2d138977 in Launcher{29672052}} of 8
D/PhoneWindow( 2707): DEBUG_SYSTEMUI:setStatusBarColor:0
D/PhoneWindow( 2707): DEBUG_SYSTEMUI:setStatusBarColor:0
D/Launcher( 2707): onResume -- mState = WORKSPACE
D/Launcher( 2707): onResume duration: 3
D/yuan    ( 2707): onVisibilityChanged----android.widget.ListView{259103f4 V.ED..C. ......I. 0,0-0,0}
D/yuan    ( 2707): onVisibilityChanged----android.widget.ListView{3ba96489 VFED.VC. ......I. 0,0-0,0 #7f0c0072 app:id/result_list}
W/ActivityManager( 1411): getRecentTasks: caller 10025 does not hold REAL_GET_TASKS; limiting output
I/VivoNetworkController( 2154): SystemUI|mWifiEnabled && mWifiConnected = true
I/Timeline( 2707): Timeline: Activity_idle id: android.os.BinderProxy@20ad4613 time:414816141
D/ImageWallpaper( 2154): onVisibilityChanged: mVisible, visible=false, true
D/ImageWallpaper( 2154): Visibility changed to visible=true
D/ImageWallpaper( 2154): Suppressed drawFrame since redraw is not needed and offsets have not changed.
I/WindowManager( 1411): Counting wallpaper in all drawn, atoken = AppWindowToken{3b7cc14b token=Token{2352c21a ActivityRecord{151618c5 u0 com.bbk.launcher2/.Launcher t1207}}}, wallpaper = Window{69c421e u0 com.android.systemui.ImageWallpaper}, isDrawnLw() = true
I/WindowManager( 1411): isKeyguardShowing = false, mKeyguardWindow.mAttrs.privateFlags = 0
I/StatusBarColorManager( 2154): SystemUI|notifyStatusBarColorInfo: iconColor = -1, bgColor = 0, bgVisible = true
I/StatusBarColorManager( 2154): SystemUI|notifyStatusBarColorInfo: iconColor = -1, bgColor = 0, bgVisible = true
I/StatusBarColorManager( 2154): SystemUI|notifyStatusBarColorInfo: iconColor = -1, bgColor = 0, bgVisible = true
I/SurfaceFlinger(  429): FPS: 23
I/ExtraAlarmManager( 1411): Uid : 1000, Package name is : android
D/ExtraAlarmManager( 1411): UID : 1000 is the the uid white list
D/ExtraAlarmManager( 1411): UID : 1000 is the the uid white list
I/ExtraAlarmManager( 1411): type: 2 retType: 2
V/AlarmAlign( 1411): addAlarm pkg = android, action = android.net.wifi.DHCP_RENEW, whenElapsed = 708357306
D/NetworkMonitorNetworkAgentInfo [WIFI () - null]( 1411): registerVivoReceiver action:vivo_smart_wifi_dhcp_successed
D/NetworkMonitor( 1411): mDhcpCompleted:true, v4orv6:1, status:1
W/ContextImpl( 1411): Calling a method in the system process without a qualified user: android.app.ContextImpl.sendBroadcast:1373 com.android.server.wifi.WifiStateMachine$L2ConnectedState.processMessage:8132 com.android.internal.util.StateMachine$SmHandler.processMsg:967 com.android.internal.util.StateMachine$SmHandler.handleMessage:790 android.os.Handler.dispatchMessage:102 
E/WifiStateMachine( 1411): handleIPv4Success vivoDhcpHistoryLeaseTime 1473490554354
D/ConnectivityManager.CallbackHandler( 2154): CM callback handler got msg 524295
D/WifiNotificationController( 1411): Received NETWORK_STATE_CHANGED_ACTION, mNetworkInfo:[type: WIFI[], state: CONNECTING/CAPTIVE_PORTAL_CHECK, reason: (unspecified), extra: "MERCURY_A2A8D8", roaming: false, failover: false, isAvailable: true, isConnectedToProvisioningNetwork: false]
D/ConnectivityService( 1411): notifyType IP_CHANGED for NetworkAgentInfo [WIFI () - 103]
D/ConnectivityService( 1411): NetworkAgentInfo [WIFI () - 103] EVENT_NETWORK_INFO_CHANGED, going from CONNECTED to CONNECTING
I/VivoNetworkController( 2154): SystemUI|action = android.net.wifi.STATE_CHANGE
I/VivoNetworkController( 2154): SystemUI|updateWifiIcons mWifiConnected = false mWifiIconId0
I/VivoNetworkController( 2154): SystemUI|mWifiEnabled && mWifiConnected = false
D/VivoWifiWatchdogStateMachine( 1411): hideLatencyPanel
D/VivoWifiWatchdogStateMachine( 1411): handleLatencyProfilingChange(), mPoorLinkProfilingEnabled=false
D/VivoWifiWatchdogStateMachine( 1411): hideLatencyPanel
D/WifiNotificationController( 1411): Received NETWORK_STATE_CHANGED_ACTION, mNetworkInfo:[type: WIFI[], state: CONNECTING/CAPTIVE_PORTAL_CHECK, reason: (unspecified), extra: "MERCURY_A2A8D8", roaming: false, failover: false, isAvailable: true, isConnectedToProvisioningNetwork: false]
D/SwitcherUpdateMonitor( 2154): receive broadcast, action = android.net.wifi.STATE_CHANGE
I/WifiReceiver( 2154): SystemUI|action = android.net.wifi.STATE_CHANGE
I/WifiReceiver( 2154): SystemUI|action = android.net.wifi.STATE_CHANGE
I/WifiReceiver( 2154): SystemUI|receiver NETWORK_STATE_CHANGED_ACTION
I/WifiReceiver( 2154): SystemUI|isWifiConnected:false, state:CAPTIVE_PORTAL_CHECK
I/WifiSwitcher( 2154): SystemUI|update wifi-button, TriState = 1
I/VivoNetworkController( 2154): SystemUI|action = android.net.wifi.STATE_CHANGE
I/VivoNetworkController( 2154): SystemUI|updateWifiIcons mWifiConnected = false mWifiIconId0
D/SwitcherUpdateMonitor( 2154): receive broadcast, action = android.net.wifi.STATE_CHANGE
I/WifiReceiver( 2154): SystemUI|action = android.net.wifi.STATE_CHANGE
I/WifiReceiver( 2154): SystemUI|action = android.net.wifi.STATE_CHANGE
I/WifiReceiver( 2154): SystemUI|receiver NETWORK_STATE_CHANGED_ACTION
E/ConnectivityService( 1411): clear: 0
D/ConnectivityService( 1411): NetworkAgentInfo [WIFI () - 103] EVENT_NETWORK_INFO_CHANGED, going from CONNECTING to CONNECTED
D/WifiConfigStore( 1411): isAccessPointContact netId:8
D/WifiConfigStore( 1411): isAccessPointContact , configKey:"MERCURY_A2A8D8"-WPA_PSK
D/WifiConfigStore( 1411): isAccessPointContact need:false
I/WifiReceiver( 2154): SystemUI|isWifiConnected:false, state:CAPTIVE_PORTAL_CHECK
D/WifiNotificationController( 1411): Received NETWORK_STATE_CHANGED_ACTION, mNetworkInfo:[type: WIFI[], state: CONNECTED/CONNECTED, reason: (unspecified), extra: "MERCURY_A2A8D8", roaming: false, failover: false, isAvailable: true, isConnectedToProvisioningNetwork: false]
I/WifiSwitcher( 2154): SystemUI|update wifi-button, TriState = 1
I/VivoNetworkController( 2154): SystemUI|action = android.net.wifi.STATE_CHANGE
I/VivoNetworkController( 2154): SystemUI|updateWifiIcons mWifiConnected = true mWifiIconId2130838977
I/VivoNetworkController( 2154): SystemUI|mWifiEnabled && mWifiConnected = true
D/VivoWifiWatchdogStateMachine( 1411): currentDetailState=CONNECTED
I/VivoNetworkController( 2154): SystemUI|mWifiEnabled && mWifiConnected = true
D/VivoWifiWatchdogStateMachine( 1411): hideLatencyPanel
D/WifiConfigStore( 1411): isAccessPointContact netId:8
D/WifiConfigStore( 1411): isAccessPointContact , configKey:"MERCURY_A2A8D8"-WPA_PSK
D/WifiConfigStore( 1411): isAccessPointContact need:false
D/VivoWifiWatchdogStateMachine( 1411): handleLatencyProfilingChange(), mPoorLinkProfilingEnabled=false
D/WifiNotificationController( 1411): Received NETWORK_STATE_CHANGED_ACTION, mNetworkInfo:[type: WIFI[], state: CONNECTED/CONNECTED, reason: (unspecified), extra: "MERCURY_A2A8D8", roaming: false, failover: false, isAvailable: true, isConnectedToProvisioningNetwork: false]
D/VivoWifiWatchdogStateMachine( 1411): hideLatencyPanel
D/WifiConfigStore( 1411): isAccessPointContact netId:8
D/WifiConfigStore( 1411): isAccessPointContact , configKey:"MERCURY_A2A8D8"-WPA_PSK
D/WifiConfigStore( 1411): isAccessPointContact need:false
D/VivoWifiWatchdogStateMachine( 1411): currentDetailState=CONNECTED
E/wifi_gbk2utf( 1411): g_pItemList is NULL
E/native  ( 1411): do setRoamMode false
D/SwitcherUpdateMonitor( 2154): receive broadcast, action = android.net.wifi.STATE_CHANGE
I/WifiReceiver( 2154): SystemUI|action = android.net.wifi.STATE_CHANGE
I/WifiReceiver( 2154): SystemUI|action = android.net.wifi.STATE_CHANGE
I/WifiReceiver( 2154): SystemUI|receiver NETWORK_STATE_CHANGED_ACTION
I/WifiReceiver( 2154): SystemUI|isWifiConnected:true, state:CONNECTED
I/WifiReceiver( 2154): SystemUI|update wifi-button Text, str = MERCURY_A2A8D8
I/VivoNetworkController( 2154): SystemUI|action = android.net.wifi.STATE_CHANGE
I/VivoNetworkController( 2154): SystemUI|updateWifiIcons mWifiConnected = true mWifiIconId2130838977
D/SwitcherUpdateMonitor( 2154): receive broadcast, action = android.net.wifi.STATE_CHANGE
I/WifiSwitcher( 2154): SystemUI|update wifi-button, TriState = 1
I/WifiReceiver( 2154): SystemUI|action = android.net.wifi.STATE_CHANGE
I/WifiReceiver( 2154): SystemUI|action = android.net.wifi.STATE_CHANGE
I/WifiReceiver( 2154): SystemUI|receiver NETWORK_STATE_CHANGED_ACTION
I/WifiReceiver( 2154): SystemUI|isWifiConnected:true, state:CONNECTED
I/WifiReceiver( 2154): SystemUI|update wifi-button Text, str = MERCURY_A2A8D8
I/WifiSwitcher( 2154): SystemUI|update wifi-button, TriState = 1
I/StatusBarColorManager( 2154): SystemUI|notifyStatusBarColorInfo: iconColor = -1, bgColor = 0, bgVisible = true
I/SoftwareLockService2( 2337): onForegroundActivitiesChanged() pid = 24039, uid = 10169, foregroundActivities = false
D/DataUsagePrefs( 2337): getDataUsageNetworkForbinddenReminder value:true
I/LocationDialogService( 2492): onForegroundActivitiesChanged() pid = 24039, uid = 10169, foregroundActivities = false
I/LocationDialogService( 2492): onForegroundActivitiesChanged name Process == com.bbk.launcher2
I/LocationDialogService( 2492): removeGpsDialog
I/LocationDialogService( 2492): already remove
I/StatusBarColorManager( 2154): SystemUI|notifyStatusBarColorInfo: iconColor = -1, bgColor = 0, bgVisible = true
I/PreventAutostartService( 3052): onForegroundActivitiesChanged: pid 24039 uid 10169 switch true
D/PrefManager( 3052): get prefName=systemValues,key = key_autostart_switch,value=true
D/PreventAutostartService( 3052): ####topPackageName = com.bbk.launcher2
I/WindowManager( 1411): Counting wallpaper in all drawn, atoken = AppWindowToken{3b7cc14b token=Token{2352c21a ActivityRecord{151618c5 u0 com.bbk.launcher2/.Launcher t1207}}}, wallpaper = Window{69c421e u0 com.android.systemui.ImageWallpaper}, isDrawnLw() = true
D/ScreenBrightnessModeRestore( 1411): onForegroundActivitiesChanged pid=24039 mCurrentForceGroundPid=2707 mLastForceGroundPid=-1
D/ScreenBrightnessModeRestore( 1411): onForegroundActivitiesChanged mWaitToRestore=false mWaitToRollbackChangedBrightness=false
I/FloatWindowManagerService1( 2337): onForegroundActivitiesChanged() pid = 24039, uid = 10169, foregroundActivities = false ; callingPkgName is :  ; mLastPkgNameCallingChange is : com.bbk.launcher2
I/CusWid/ManagerWidget( 2337): foreground activity change ,process name: ,foregroundActivities: false,launcherName: com.bbk.launcher2,lastlauncher: null
I/StatusBarColorManager( 2154): SystemUI|notifyStatusBarColorInfo: iconColor = -1, bgColor = 0, bgVisible = true
I/FloatWindowManagerService( 2337): get topPackageName = com.bbk.launcher2
I/FloatWindowManagerService( 2337): mLastResumedPkgName is : com.lipeilong.jdstreamer; mCurrentTopPkgName is : com.bbk.launcher2
D/FloatWindowManagerService1( 2337): mlast resumed package name equals to launched package name com.bbk.launcher2
I/FloatWindowManagerService( 2337): last pkg : com.lipeilong.jdstreamer is not allowed , switch to egnored !
I/StatusBarColorManager( 2154): SystemUI|notifyStatusBarColorInfo: iconColor = -1, bgColor = 0, bgVisible = true
I/StatusBarColorManager( 2154): SystemUI|notifyStatusBarColorInfo: iconColor = -1, bgColor = 0, bgVisible = true
W/OpenGLRenderer( 2707): Incorrectly called buildLayer on View: co, destroying layer...
W/OpenGLRenderer( 2707): Incorrectly called buildLayer on View: co, destroying layer...
V/FileObserverService(31903): handleMessage: what = 6
I/FileObserverService(31903): onScan path:/storage/emulated/0/bbk_log/log/com.lipeilong.jdstreamer/2.log
D/MediaScannerService(31903): onCreate: CpuCoreNum = 8, isLowRamDevice = false
D/MediaScannerService(31903): onCreate : mIsThreadPoolEnable = true
V/MediaScannerService(31903): handleMessage: what = 11, startId = 1, arguments = Bundle[{filepath=/storage/emulated/0/bbk_log/log/com.lipeilong.jdstreamer/2.log}]
W/MediaScannerService(31903): scan path /storage/emulated/0/bbk_log/log/com.lipeilong.jdstreamer/2.log
V/MediaProvider(31903): insertInternal: content://media/, initValues=name=external
D/MediaProvider(31903): attachVolume: already attached, return
D/MediaScanner(31903): parsed fileCurrent!
D/MediaScanner(31903): regular path =/storage/emulated/0/tencent/MicroMsg/.+/image2
D/MediaScanner(31903): regular path =/storage/emulated/0/tencent/MicroMsg/.+/voice2
D/MediaScanner(31903): regular path =/storage/emulated/0/Tencent/MicroMsg/.+/image2
D/MediaScanner(31903): regular path =/storage/emulated/0/Tencent/MicroMsg/.+/voice2
D/MediaScanner(31903): regular path =/storage/emulated/0/Android/data/com.tencent.mobileqq/qzone/cache
D/MediaScanner(31903): regular path =/storage/emulated/0/bbk_log
D/MediaScanner(31903): regular path =/storage/emulated/0/bbklog
D/MediaScanner(31903): regular path =/storage/emulated/0/mtklog
D/MusicService( 1256): onChange, isPhoneStorageMounted = true
D/SettingsProvider( 1411): lookupValue table system cache contains Key visit_mode , value = Bundle[{value=0}]
D/SettingsProvider( 1411): lookupValue table system cache contains Key picture , value = Bundle[{value=1}]
V/MediaProvider(31903): insertInternal: content://media/external/file, initValues=mime_type=null date_modified=1473490546 _size=1805 title=2 _data=/storage/emulated/0/bbk_log/log/com.lipeilong.jdstreamer/2.log format=12288 is_drm=false
V/MediaProvider(31903): insertFile: values=storage_id=65537 media_type=0 mime_type=null _data=/storage/emulated/0/bbk_log/log/com.lipeilong.jdstreamer/2.log title=2 _size=1805 bucket_id=1852753363 is_drm=false date_added=1473490547 date_modified=1473490546 bucket_display_name=com.lipeilong.jdstreamer parent=37564 format=12288 returned: 37566
I/KeyguardMusicManager( 2154): action = com.android.intent.MUSIC_INFORMATION_TO_LOCKSCREEN
I/NatureMusicPanel3( 2154): update TrackInfo mode: false, mIsChargeInfoShowing = false
I/MusicButtonPanel( 2154): mode = 0, old mode = 0
I/NatureMusicPanel3( 2154): KeyguardResumed = false, PanelVisible = false
D/FingerGoodix(  769): ESD doesn't do in HIGH speed or in FF.
I/VivoNetworkController( 2154): SystemUI|action = android.net.wifi.RSSI_CHANGED
I/VivoNetworkController( 2154): SystemUI|updateWifiIcons mWifiConnected = true mWifiIconId2130838975
I/VivoNetworkController( 2154): SystemUI|mWifiEnabled && mWifiConnected = true
I/MSM-irqbalance(  791): Decided to move IRQ177 from CPU1 to CPU3
I/SurfaceFlinger(  429): FPS: 38
D/DataFormatter( 2337): Normal bytes 301
D/DataUsageService( 2337): NetSpeed 0.3K/s 
V/FileObserverService(31903): handleMessage: what = 5
I/FileObserverService(31903): onScan path:/storage/emulated/0/bbk_log/log/com.lipeilong.jdstreamer/2.log
D/MediaScannerService(31903): onCreate: CpuCoreNum = 8, isLowRamDevice = false
D/MediaScannerService(31903): onCreate : mIsThreadPoolEnable = true
V/MediaScannerService(31903): handleMessage: what = 11, startId = 1, arguments = Bundle[{filepath=/storage/emulated/0/bbk_log/log/com.lipeilong.jdstreamer/2.log}]
W/MediaScannerService(31903): scan path /storage/emulated/0/bbk_log/log/com.lipeilong.jdstreamer/2.log
V/MediaProvider(31903): insertInternal: content://media/, initValues=name=external
D/MediaProvider(31903): attachVolume: already attached, return
D/MusicService( 1256): onChange, isPhoneStorageMounted = true
D/MediaScanner(31903): parsed fileCurrent!
D/MediaScanner(31903): regular path =/storage/emulated/0/tencent/MicroMsg/.+/image2
D/MediaScanner(31903): regular path =/storage/emulated/0/tencent/MicroMsg/.+/voice2
D/MediaScanner(31903): regular path =/storage/emulated/0/Tencent/MicroMsg/.+/image2
D/MediaScanner(31903): regular path =/storage/emulated/0/Tencent/MicroMsg/.+/voice2
D/MediaScanner(31903): regular path =/storage/emulated/0/Android/data/com.tencent.mobileqq/qzone/cache
D/MediaScanner(31903): regular path =/storage/emulated/0/bbk_log
D/MediaScanner(31903): regular path =/storage/emulated/0/bbklog
D/MediaScanner(31903): regular path =/storage/emulated/0/mtklog
V/MediaProvider(31903): update for uri=content://media/external/file/37566, initValues=media_type=0 mime_type=null date_modified=1473490546 _size=1805 title=2 _data=/storage/emulated/0/bbk_log/log/com.lipeilong.jdstreamer/2.log is_drm=false
I/MtpServer(31903): void android::MtpServer::sendObjectInfoChanged(android::MtpObjectHandle) handle = 37566
D/MusicService( 1256): onChange, isPhoneStorageMounted = true
I/KeyguardMusicManager( 2154): action = com.android.intent.MUSIC_INFORMATION_TO_LOCKSCREEN
I/NatureMusicPanel3( 2154): update TrackInfo mode: false, mIsChargeInfoShowing = false
I/MusicButtonPanel( 2154): mode = 0, old mode = 0
I/NatureMusicPanel3( 2154): KeyguardResumed = false, PanelVisible = false
D/FingerGoodix(  769): ESD doesn't do in HIGH speed or in FF.
W/ActivityManager( 1411): getRunningAppProcesses: caller 10125 does not hold REAL_GET_TASKS; limiting output
I/VivoNetworkController( 2154): SystemUI|action = android.net.wifi.RSSI_CHANGED
I/VivoNetworkController( 2154): SystemUI|updateWifiIcons mWifiConnected = true mWifiIconId2130838977
I/VivoNetworkController( 2154): SystemUI|mWifiEnabled && mWifiConnected = true
I/SurfaceFlinger(  429): FPS: 3
D/FingerGoodix(  769): ESD doesn't do in HIGH speed or in FF.
D/DataFormatter( 2337): Special bytes : 0
D/DataUsageService( 2337): NetSpeed 0K/s 
I/MSM-irqbalance(  791): Decided to move IRQ332 from CPU2 to CPU3
D/FingerGoodix(  769): ESD doesn't do in HIGH speed or in FF.
D/DataFormatter( 2337): Special bytes : 0
D/DataUsageService( 2337): NetSpeed 0K/s 
I/SurfaceFlinger(  429): FPS: 3
D/FingerGoodix(  769): ESD doesn't do in HIGH speed or in FF.
W/ActivityManager( 1411): getRunningAppProcesses: caller 10125 does not hold REAL_GET_TASKS; limiting output
I/StatusBarColorManager( 2154): SystemUI|notifyStatusBarColorInfo: iconColor = -1, bgColor = 0, bgVisible = true
W/ActivityManager( 1411): Activity destroy timeout for ActivityRecord{3aba1600 u0 com.lipeilong.jdstreamer/.MainActivity t1240 f}
I/SurfaceFlinger(  429): FPS: 1
D/FingerGoodix(  769): ESD doesn't do in HIGH speed or in FF.
D/DataFormatter( 2337): Special bytes : 0
D/DataUsageService( 2337): NetSpeed 0K/s 
I/ServiceManager(20608): Waiting for service AtCmdFwd...
I/MSM-irqbalance(  791): Decided to move IRQ215 from CPU2 to CPU3
I/ServiceManager(20608): Waiting for service AtCmdFwd...
D/FingerGoodix(  769): ESD doesn't do in HIGH speed or in FF.
V/AlarmAlign( 1411): checkSet SCREEN_ON, type = 3, when = 705155129
V/AlarmAlign( 1411): setLocked to kernel, type = 3, when = 705155129, curTime = 704914173
V/AlarmAlign( 1411): triggerAlarm v at 704914173, size=1, hasWakeup=false, mWake_Set=true, mNextWakeup=705215729, mNextNonWakeup=705155129, mBatch.end=9223372036854775807, why=8
V/AlarmAlign( 1411): checkSet SCREEN_ON, type = 3, when = 704974174
V/AlarmAlign( 1411): setLocked to kernel, type = 3, when = 704974174, curTime = 704914175
D/KeyguardUpdateMonitor( 2154): received broadcast android.intent.action.TIME_TICK
D/KeyguardUpdateMonitor( 2154): handleTimeUpdate
I/ImageDigitalClock( 2154): updateTime = 14:56
I/ImageDigitalClock( 2154): updateTime = 14:56
I/Clock   ( 2154): action = android.intent.action.TIME_TICK
I/UpSlideUpdateMonitor( 2154): SystemUI|onReceive, action = android.intent.action.TIME_TICK
D/WidgetClockHelper( 2707): ClockWidgetReceiver action:android.intent.action.TIME_TICK
D/VivoMagicClockWeatherLayout( 2707): setTime..
D/VivoMagicClockWeatherLayout( 2707): playTimeTickAnimator(5, 6)
I/ServiceManager(20608): Waiting for service AtCmdFwd...
D/DataFormatter( 2337): Special bytes : 0
D/DataUsageService( 2337): NetSpeed 0K/s 
I/SurfaceFlinger(  429): FPS: 3
I/ServiceManager(20608): Waiting for service AtCmdFwd...
D/FingerGoodix(  769): ESD doesn't do in HIGH speed or in FF.
W/ActivityManager( 1411): getRunningAppProcesses: caller 10125 does not hold REAL_GET_TASKS; limiting output
I/ServiceManager(20608): Waiting for service AtCmdFwd...
D/ValidateNoPeople( 1411): DEBUG_GROUP:validatePeople key=0|com.qihoo.appstore|10012|null|10125|0
D/ValidateNoPeople( 1411): searchContacts
D/ValidateNoPeople( 1411): java.lang.RuntimeException: here
D/ValidateNoPeople( 1411): 	at com.android.server.notification.ValidateNotificationPeople.validatePeople(ValidateNotificationPeople.java:234)
D/ValidateNoPeople( 1411): 	at com.android.server.notification.ValidateNotificationPeople.validatePeople(ValidateNotificationPeople.java:225)
D/ValidateNoPeople( 1411): 	at com.android.server.notification.ValidateNotificationPeople.process(ValidateNotificationPeople.java:151)
D/ValidateNoPeople( 1411): 	at com.android.server.notification.RankingHelper.extractSignals(RankingHelper.java:135)
D/ValidateNoPeople( 1411): 	at com.android.server.notification.NotificationManagerService$9.run(NotificationManagerService.java:2537)
D/ValidateNoPeople( 1411): 	at android.os.Handler.handleCallback(Handler.java:739)
D/ValidateNoPeople( 1411): 	at android.os.Handler.dispatchMessage(Handler.java:95)
D/ValidateNoPeople( 1411): 	at android.os.Looper.loop(Looper.java:135)
D/ValidateNoPeople( 1411): 	at com.android.server.SystemServer.run(SystemServer.java:310)
D/ValidateNoPeople( 1411): 	at com.android.server.SystemServer.main(SystemServer.java:211)
D/ValidateNoPeople( 1411): 	at java.lang.reflect.Method.invoke(Native Method)
D/ValidateNoPeople( 1411): 	at java.lang.reflect.Method.invoke(Method.java:372)
D/ValidateNoPeople( 1411): 	at com.android.internal.os.ZygoteInit$MethodAndArgsCaller.run(ZygoteInit.java:927)
D/ValidateNoPeople( 1411): 	at com.android.internal.os.ZygoteInit.main(ZygoteInit.java:722)
D/ValidateNoPeople( 1411): DEBUG_GROUP:validatePeople key=0|com.qihoo.appstore|10012|null|10125|0
D/ValidateNoPeople( 1411): searchContacts
D/ValidateNoPeople( 1411): java.lang.RuntimeException: here
D/ValidateNoPeople( 1411): 	at com.android.server.notification.ValidateNotificationPeople.validatePeople(ValidateNotificationPeople.java:234)
D/ValidateNoPeople( 1411): 	at com.android.server.notification.ValidateNotificationPeople.validatePeople(ValidateNotificationPeople.java:225)
D/ValidateNoPeople( 1411): 	at com.android.server.notification.ValidateNotificationPeople.process(ValidateNotificationPeople.java:151)
D/ValidateNoPeople( 1411): 	at com.android.server.notification.RankingHelper.extractSignals(RankingHelper.java:135)
D/ValidateNoPeople( 1411): 	at com.android.server.notification.NotificationManagerService$9.run(NotificationManagerService.java:2537)
D/ValidateNoPeople( 1411): 	at android.os.Handler.handleCallback(Handler.java:739)
D/ValidateNoPeople( 1411): 	at android.os.Handler.dispatchMessage(Handler.java:95)
D/ValidateNoPeople( 1411): 	at android.os.Looper.loop(Looper.java:135)
D/ValidateNoPeople( 1411): 	at com.android.server.SystemServer.run(SystemServer.java:310)
D/ValidateNoPeople( 1411): 	at com.android.server.SystemServer.main(SystemServer.java:211)
D/ValidateNoPeople( 1411): 	at java.lang.reflect.Method.invoke(Native Method)
D/ValidateNoPeople( 1411): 	at java.lang.reflect.Method.invoke(Method.java:372)
D/ValidateNoPeople( 1411): 	at com.android.internal.os.ZygoteInit$MethodAndArgsCaller.run(ZygoteInit.java:927)
D/ValidateNoPeople( 1411): 	at com.android.internal.os.ZygoteInit.main(ZygoteInit.java:722)
V/NotificationService( 1411): notifications are disabled by AppOps for com.qihoo.appstore
E/NotificationService( 1411): Suppressing notification from package com.qihoo.appstore by user request.
V/NotificationService( 1411): notifications are disabled by AppOps for com.qihoo.appstore
E/NotificationService( 1411): Suppressing notification from package com.qihoo.appstore by user request.
E/CoreDaemon(20506): not Start Daemon in coredaemon
E/CoreDaemon(20505): not Start Daemon in coredaemon
W/Atfwd_Sendcmd(20608): AtCmdFwd service not published, waiting... retryCnt : 5
I/MSM-irqbalance(  791): Decided to move IRQ65 from CPU1 to CPU3
D/FingerGoodix(  769): ESD doesn't do in HIGH speed or in FF.
D/DataFormatter( 2337): Special bytes : 0
D/DataUsageService( 2337): NetSpeed 0K/s 
I/SurfaceFlinger(  429): FPS: 1
D/FingerGoodix(  769): ESD doesn't do in HIGH speed or in FF.
D/DataFormatter( 2337): Special bytes : 0
D/DataUsageService( 2337): NetSpeed 0K/s 
I/SurfaceFlinger(  429): FPS: 1
D/WifiConfigStore( 1411): isAccessPointContact netId:8
D/WifiConfigStore( 1411): isAccessPointContact , configKey:"MERCURY_A2A8D8"-WPA_PSK
D/WifiConfigStore( 1411): isAccessPointContact need:false
I/ViewRootImpl(19268): CPU Rendering VSync enable = true
I/FloatWindowManagerService( 2337): get action is : vivo.intent.action.CHECK_ALERT_WINDOW
I/StatusBarColorManager( 2154): SystemUI|notifyStatusBarColorInfo: iconColor = -1, bgColor = 0, bgVisible = true
I/StatusBarColorManager( 2154): SystemUI|notifyStatusBarColorInfo: iconColor = -1, bgColor = 0, bgVisible = true
I/StatusBarColorManager( 2154): SystemUI|notifyStatusBarColorInfo: iconColor = -1, bgColor = 0, bgVisible = true
V/WindowManager( 1411): Adding window Window{58bd99f u0 SurfaceView} at 3 of 10 (before Window{187a9bf9 u0 com.bbk.facewake})
I/CameraClient(  445): Opening camera 1
E/mm-camera(  483): module_sensor_query_mod:5342led flash is not supported for this sensor.
E/mm-camera(  483): sensor_get_cur_chromatix_name:2512Error: Load default preview chroamtix
E/AEC_PORT(  483): aec_port_query_capabilities:271  Get AEC version function not implemented
E/hdr     (  483): module_hdr_lib_query_mod:181] Supported scenemode cnt 2
E/AEC_PORT(  483): aec_port_set_session_data:379  3A VERSION --> 5.0.0.r1
E/mm-camera-CORE(  483): af_alg_DCIAF_create:1592  Creation Successful
E/mm-camera-sensor(  483): port_sensor_caps_reserve:86session id doesn't match
I/qdhwcomposer(  429): setCameraStatus  Not 8952?? return
W/Sensors (  768): sns_acm_mr.c(777):Request made to disabled service 20
I/Thermal-Lib(  445): Thermal-Lib-Client: Registraion successful for camera with handle:1
W/Sensors (  768): sns_main.c(1340):Error writing request. sns_err 3 error 0 qmi_err 0
