I/Thermal-Lib(  445): Thermal-Lib-Client: Registraion successful for camcorder with handle:2
E/mm-camera-CORE(  483): dsps_process_response_gravity:804  dsps_process_response_gravity: Enable Request failed (err: 3)
I/ThermalEngine(  457): Thermal-Server: Adding thermal event listener on fd 15
I/Thermal-Lib(  445): Thermal-Lib-Client: Client received msg camera 0
I/Thermal-Lib(  445): Thermal-Lib-Client: Client received msg camcorder 0
E/QCameraParameters(  445): int32_t qcamera::QCameraParameters::initDefaultParameters(): supported flash modes cnt is 0!!!
E/mm-camera(  483): sensor_get_cur_chromatix_name:2512Error: Load default preview chroamtix
E/mm-camera-CORE(  483): af_port_set_haf_enable:2308  PDAF is being disabled as supported=0 and LIB Presence=1
E/mm-camera-CORE(  483): af_port_set_haf_enable:2314  DCiAF is being disabled
E/mm-camera-CORE(  483): af_port_set_haf_enable:2323  VIVO PDAF is being disabled as supported=0 and LIB Presence=1
E/mm-camera-CORE(  483): aec_calculate_sensitivity:190  Set sensor configuration has not been set
E/mm-camera-CORE(  483): aec_set_fps_range:1008  Aec_Error invalid input 382 
E/mm-camera-CORE(  483): af_haf_mixer_active_algo_selection:251  af_haf_mixer_active_algo_selection:ERROR! Unable to find active mixer algo !! 
E/mm-camera-CORE(  483): af_haf_update_tuning_data:771  af_haf_update_tuning_data: ERROR, set_tuning()!
E/mm-camera(  483): iface_util_set_hfr: can't find hw stream, only save hfr mode
D/MediaPlayerService(  445): AddPlayer, (445,322,1013) sourceType:0
V/NuPlayerDriver(  445): NuPlayerDriver(0xab08af40)
V/NuPlayerDriver(  445): setDataSource(0xab08af40) url(<no-scheme URI suppressed>)
V/NuPlayer(  445): kWhatSetAudioSink
I/NuPlayer(  445): local stream:/system/media/audio/ui/camera_click.ogg
V/Camera  (19268): isNormalCamera packageName = com.bbk.facewake
V/Camera  (19268): sendOpenCameraBroadCast isNormalCamera = false
V/NuPlayer(  445): kWhatSetDataSource
V/NuPlayerDriver(  445): prepareAsync(0xab08af40)
D/Camera  (19268): closeFlashlightService package name com.bbk.facewake
I/fingerprintkey( 1411): onReceive: action: com.android.camera.ACTION_OPEN_CAMERA
I/fingerprintkey( 1411): ACTION_OPEN_CAMERA: isNormalCamera: false
I/fingerprintkey( 1411): ACTION_OPEN_CAMERA: GOODIX
I/ContentPipe(  445): cache heat 0.00(1/1), cache efficiency 0.008(32/4096)
I/VivoExtractorHelper(  445): vivo sniff result: application/ogg
I/VivoExtractorHelper(  445): SniffMedia takes 0 msecs
V/Camera  (19268): sendStartPreviewBroadCast
W/ContextImpl(19268): Calling a method in the system process without a qualified user: android.app.ContextImpl.sendBroadcast:1373 android.content.ContextWrapper.sendBroadcast:377 android.hardware.Camera.sendOpenCameraBroadCast:5968 android.hardware.Camera.<init>:618 android.hardware.Camera.open:399 
I/GoodixFingerprintService( 1411): ACTION_START_PREVIEW: mHasCameraOpened: false
D/ExtendedUtils(  445): extended extractor not needed, return default
I/MediaPlayer(  445): prepared
D/MediaPlayerService(  445): AddPlayer, (445,323,1013) sourceType:0
V/NuPlayerDriver(  445): NuPlayerDriver(0xab01ec68)
V/NuPlayerDriver(  445): setDataSource(0xab01ec68) url(<no-scheme URI suppressed>)
I/NuPlayer(  445): local stream:/system/media/audio/ui/VideoRecord.ogg
E/mm-camera-sensor(  483): port_sensor_caps_reserve:86session id doesn't match
V/NuPlayer(  445): kWhatSetAudioSink
V/NuPlayer(  445): kWhatSetDataSource
V/NuPlayerDriver(  445): prepareAsync(0xab01ec68)
E/mm-camera-intf(  445): mm_stream_get_v4l2_fmt: Unknown fmt=100
W/ContextImpl(19268): Calling a method in the system process without a qualified user: android.app.ContextImpl.sendBroadcast:1373 android.content.ContextWrapper.sendBroadcast:377 android.hardware.Camera.sendStartPreviewBroadCast:6005 android.hardware.Camera.startPreview:861 com.bbk.facewake.FaceWakeService.surfaceCreated:250 
I/ContentPipe(  445): cache heat 0.00(1/1), cache efficiency 0.008(32/4096)
I/VivoExtractorHelper(  445): vivo sniff result: application/ogg
I/VivoExtractorHelper(  445): SniffMedia takes 0 msecs
E/mm-camera-sensor(  483): port_sensor_caps_reserve:86session id doesn't match
E/QCamera2HWI(  445): int32_t qcamera::QCamera2HardwareInterface::waitDeferredWork(uint32_t&): Invalid job id 0
E/mm-camera-intf(  445): mm_stream_get_v4l2_fmt: Unknown fmt=103
D/ExtendedUtils(  445): extended extractor not needed, return default
E/mm-camera(  483): pproc_module_offline_stream_param_buf:2212 failed: parm_buf.type is invalid
I/MediaPlayer(  445): prepared
E/mm-camera(  483): pproc_module_offline_stream_param_buf:2212 failed: parm_buf.type is invalid
E/mm-camera-CORE(  483): af_port_handle_sensor_update:2965  Depth_Err: actuator sensitivity: 0.000000 is invalid
E/mm-camera(  483): Crop param invalid 1920, reset to 0
E/mm-camera(  483): Crop param invalid 1080, reset to 0
E/mm-camera-isp2(  483): scaler44_handle_isp_private_event:1526 failed: invalid private event 22
E/mm-camera-CORE(  483): af_port_set_haf_enable:2308  PDAF is being disabled as supported=0 and LIB Presence=1
E/mm-camera-CORE(  483): af_port_set_haf_enable:2314  DCiAF is being disabled
E/mm-camera-CORE(  483): af_port_set_haf_enable:2323  VIVO PDAF is being disabled as supported=0 and LIB Presence=1
E/mm-camera-CORE(  483): aec_set_fps_range:1008  Aec_Error invalid input 382 
I/mm-camera-eztune(  483): EZTune: server not starting as eztune is disabled or sensor is YUV
E/mm-camera(  483): iface_util_dump_sensor_cfg: num_cid_ch= 1 num_meta_ch= 0 
E/mm-camera(  483): iface_util_dump_sensor_cfg: non meta cid[0] = 0 csid 1
E/mm-camera(  483): iface_util_dump_sensor_cfg: sensor dim: width = 3264, heght = 2448, fmt = 31, is_bayer = 1, init_skip = 1
E/mm-camera-CORE(  483): af_haf_mixer_active_algo_selection:251  af_haf_mixer_active_algo_selection:ERROR! Unable to find active mixer algo !! 
E/mm-camera-CORE(  483): af_haf_update_tuning_data:771  af_haf_update_tuning_data: ERROR, set_tuning()!
E/mm-camera(  483): iface_util_dump_sensor_cfg: camif_crop: first_pix = 0, last_pix = 3263, first_line = 0, last_line = 2447, max_fps = 30
E/mm-camera(  483): iface_util_dump_sensor_cfg: meta info: num_meta = 0, format = 0, W 0, H 0
E/mm-camera-isp2(  483): scaler44_handle_isp_private_event:1526 failed: invalid private event 16
E/mm-camera-isp2(  483): scaler44_handle_isp_private_event:1526 failed: invalid private event 16
E/mm-camera-isp2(  483): scaler44_handle_isp_private_event:1526 failed: invalid private event 26
E/mm-camera-isp2(  483): scaler44_handle_isp_private_event:1526 failed: invalid private event 22
E/mm-camera-isp2(  483): scaler44_handle_isp_private_event:1526 failed: invalid private event 17
E/mm-camera-img(  483): faceproc_comp_get_param:299] Error
E/mm-camera(  483): module_faceproc_client_use_int_bufs:719] rc -4
E/mm-camera-img(  483): faceproc_comp_eng_config Face Album FILE EXISTS
E/mm-camera-isp2(  483): rs_stats44_stats_config_update:90 error: max_support_h_rgn invalid 8
E/mm-camera-CORE(  483): af_port_handle_sensor_update:2965  Depth_Err: actuator sensitivity: 0.000000 is invalid
E/mm-camera-isp2(  483): scaler44_handle_isp_private_event:1526 failed: invalid private event 22
E/mm-camera-isp2(  483): scaler44_handle_isp_private_event:1526 failed: invalid private event 22
E/mm-camera-isp2(  483): scaler44_handle_isp_private_event:1526 failed: invalid private event 17
E/mm-camera-isp2(  483): rs_stats44_stats_config_update:90 error: max_support_h_rgn invalid 8
E/mm-camera-isp2(  483): rs_stats44_trigger_update:515 error: max_algo_support_h_rgn 4 invalid
E/mm-camera-isp2(  483): isp_pipeline41_create_module_cfg_mask:502 invalid module id 42
E/mm-camera-isp2(  483): scaler44_handle_isp_private_event:1526 failed: invalid private event 17
I/StatusBarColorManager( 2154): SystemUI|notifyStatusBarColorInfo: iconColor = -1, bgColor = 0, bgVisible = true
D/mm-jpeg-intf(  445): jpeg_open, 381] reuse_reproc_buffer 0 
D/mm-jpeg-intf(  445): mm_jpeg_alloc_workbuffer, 1935] work_bufs_need 1 work_buf_cnt 0
D/mm-jpeg-intf(  445): mm_jpeg_alloc_workbuffer: Max picture size 6400 x 4800, WorkBufSize = 46080000
D/mm-jpeg-intf(  445): mm_jpeg_alloc_workbuffer, 1952] rc 0 
I/qomx_image_core(  445): OMX_Init:95] Complete 3
I/StatusBarColorManager( 2154): SystemUI|notifyStatusBarColorInfo: iconColor = -1, bgColor = 0, bgVisible = true
I/StatusBarColorManager( 2154): SystemUI|notifyStatusBarColorInfo: iconColor = -1, bgColor = 0, bgVisible = true
I/StatusBarColorManager( 2154): SystemUI|notifyStatusBarColorInfo: iconColor = -1, bgColor = 0, bgVisible = true
I/StatusBarColorManager( 2154): SystemUI|notifyStatusBarColorInfo: iconColor = -1, bgColor = 0, bgVisible = true
I/StatusBarColorManager( 2154): SystemUI|notifyStatusBarColorInfo: iconColor = -1, bgColor = 0, bgVisible = true
E/mm-camera(  483): q_idx 2
E/mm-camera-isp2(  483): isp_handler_control_sof:232  E 1
E/mm-camera(  483): mct_stream_process_bus_msg:frame_id 1;urgent_frame_id 3;is_uv_subsampled 0
E/mm-camera(  483): q_idx 3
E/mm-camera-isp2(  483): isp_handler_control_sof:232  E 2
E/mm-camera(  483): mct_stream_process_bus_msg:frame_id 2;urgent_frame_id 4;is_uv_subsampled 0
E/QCamera2HWI(  445): static void qcamera::QCamera2HardwareInterface::preview_stream_cb_routine(mm_camera_super_buf_t*, qcamera::QCameraStream*, void*) :mParameters.m_flawless=-1
E/mm-camera(  483): q_idx 4
E/mm-camera-isp2(  483): isp_handler_control_sof:232  E 3
E/mm-camera(  483): mct_stream_process_bus_msg:frame_id 3;urgent_frame_id 5;is_uv_subsampled 0
E/mm-camera-CORE(  483): dsps_process_response_gyro:738  dsps_process_response_gyro: Query request denied, error code = 5, QId_valid = 1, QueryId = 0x300, AckNak_valid = 1, AckNak = 17
E/QCamera2HWI(  445): static void qcamera::QCamera2HardwareInterface::preview_stream_cb_routine(mm_camera_super_buf_t*, qcamera::QCameraStream*, void*) :mParameters.m_flawless=-1
E/mm-camera(  483): q_idx 5
E/mm-camera-isp2(  483): isp_handler_control_sof:232  E 4
E/mm-camera(  483): mct_stream_process_bus_msg:frame_id 4;urgent_frame_id 6;is_uv_subsampled 0
E/mm-camera-CORE(  483): dsps_process_response_gyro:738  dsps_process_response_gyro: Query request denied, error code = 5, QId_valid = 1, QueryId = 0x400, AckNak_valid = 1, AckNak = 17
E/QCamera2HWI(  445): static void qcamera::QCamera2HardwareInterface::preview_stream_cb_routine(mm_camera_super_buf_t*, qcamera::QCameraStream*, void*) :mParameters.m_flawless=-1
E/mm-camera(  483): q_idx 0
E/mm-camera-isp2(  483): isp_handler_control_sof:232  E 5
E/mm-camera(  483): mct_stream_process_bus_msg:frame_id 5;urgent_frame_id 7;is_uv_subsampled 0
E/mm-camera-CORE(  483): dsps_process_response_gyro:738  dsps_process_response_gyro: Query request denied, error code = 5, QId_valid = 1, QueryId = 0x500, AckNak_valid = 1, AckNak = 17
E/QCamera2HWI(  445): static void qcamera::QCamera2HardwareInterface::preview_stream_cb_routine(mm_camera_super_buf_t*, qcamera::QCameraStream*, void*) :mParameters.m_flawless=-1
E/mm-camera(  483): q_idx 1
E/mm-camera-isp2(  483): isp_handler_control_sof:232  E 6
E/mm-camera(  483): mct_stream_process_bus_msg:frame_id 6;urgent_frame_id 8;is_uv_subsampled 0
E/mm-camera-CORE(  483): dsps_process_response_gyro:738  dsps_process_response_gyro: Query request denied, error code = 5, QId_valid = 1, QueryId = 0x600, AckNak_valid = 1, AckNak = 17
E/QCamera2HWI(  445): static void qcamera::QCamera2HardwareInterface::preview_stream_cb_routine(mm_camera_super_buf_t*, qcamera::QCameraStream*, void*) :mParameters.m_flawless=-1
E/mm-camera(  483): q_idx 2
E/mm-camera-isp2(  483): isp_handler_control_sof:232  E 7
E/mm-camera(  483): mct_stream_process_bus_msg:frame_id 7;urgent_frame_id 9;is_uv_subsampled 0
E/mm-camera-CORE(  483): dsps_process_response_gyro:738  dsps_process_response_gyro: Query request denied, error code = 5, QId_valid = 1, QueryId = 0x700, AckNak_valid = 1, AckNak = 17
E/QCamera2HWI(  445): static void qcamera::QCamera2HardwareInterface::preview_stream_cb_routine(mm_camera_super_buf_t*, qcamera::QCameraStream*, void*) :mParameters.m_flawless=-1
E/mm-camera(  483): q_idx 3
E/mm-camera-isp2(  483): isp_handler_control_sof:232  E 8
E/mm-camera(  483): mct_stream_process_bus_msg:frame_id 8;urgent_frame_id 10;is_uv_subsampled 0
E/mm-camera-CORE(  483): dsps_process_response_gyro:738  dsps_process_response_gyro: Query request denied, error code = 5, QId_valid = 1, QueryId = 0x800, AckNak_valid = 1, AckNak = 17
E/QCamera2HWI(  445): static void qcamera::QCamera2HardwareInterface::preview_stream_cb_routine(mm_camera_super_buf_t*, qcamera::QCameraStream*, void*) :mParameters.m_flawless=-1
E/mm-camera(  483): q_idx 4
E/mm-camera-isp2(  483): isp_handler_control_sof:232  E 9
E/mm-camera(  483): mct_stream_process_bus_msg:frame_id 9;urgent_frame_id 11;is_uv_subsampled 0
E/mm-camera-CORE(  483): dsps_process_response_gyro:738  dsps_process_response_gyro: Query request denied, error code = 5, QId_valid = 1, QueryId = 0x900, AckNak_valid = 1, AckNak = 17
D/FingerGoodix(  769): ESD doesn't do in HIGH speed or in FF.
E/QCamera2HWI(  445): static void qcamera::QCamera2HardwareInterface::preview_stream_cb_routine(mm_camera_super_buf_t*, qcamera::QCameraStream*, void*) :mParameters.m_flawless=-1
E/mm-camera(  483): q_idx 5
E/mm-camera-isp2(  483): isp_handler_control_sof:232  E 10
E/mm-camera(  483): mct_stream_process_bus_msg:frame_id 10;urgent_frame_id 12;is_uv_subsampled 0
E/mm-camera-CORE(  483): dsps_process_response_gyro:738  dsps_process_response_gyro: Query request denied, error code = 5, QId_valid = 1, QueryId = 0xa00, AckNak_valid = 1, AckNak = 17
E/QCamera2HWI(  445): static void qcamera::QCamera2HardwareInterface::preview_stream_cb_routine(mm_camera_super_buf_t*, qcamera::QCameraStream*, void*) :mParameters.m_flawless=-1
E/mm-camera(  483): q_idx 0
E/mm-camera-isp2(  483): isp_handler_control_sof:232  E 11
E/mm-camera(  483): mct_stream_process_bus_msg:frame_id 11;urgent_frame_id 13;is_uv_subsampled 0
E/mm-camera-CORE(  483): dsps_process_response_gyro:738  dsps_process_response_gyro: Query request denied, error code = 5, QId_valid = 1, QueryId = 0xb00, AckNak_valid = 1, AckNak = 17
I/SurfaceFlinger(  429): FPS: 15
W/ActivityManager( 1411): getRunningAppProcesses: caller 10125 does not hold REAL_GET_TASKS; limiting output
E/QCamera2HWI(  445): static void qcamera::QCamera2HardwareInterface::preview_stream_cb_routine(mm_camera_super_buf_t*, qcamera::QCameraStream*, void*) :mParameters.m_flawless=-1
E/mm-camera(  483): q_idx 1
E/mm-camera-isp2(  483): isp_handler_control_sof:232  E 12
E/mm-camera(  483): mct_stream_process_bus_msg:frame_id 12;urgent_frame_id 14;is_uv_subsampled 0
E/mm-camera-CORE(  483): dsps_process_response_gyro:738  dsps_process_response_gyro: Query request denied, error code = 5, QId_valid = 1, QueryId = 0xc00, AckNak_valid = 1, AckNak = 17
E/QCamera2HWI(  445): static void qcamera::QCamera2HardwareInterface::preview_stream_cb_routine(mm_camera_super_buf_t*, qcamera::QCameraStream*, void*) :mParameters.m_flawless=-1
E/mm-camera(  483): q_idx 2
E/mm-camera-isp2(  483): isp_handler_control_sof:232  E 13
E/mm-camera(  483): mct_stream_process_bus_msg:frame_id 13;urgent_frame_id 15;is_uv_subsampled 0
E/mm-camera-CORE(  483): dsps_process_response_gyro:738  dsps_process_response_gyro: Query request denied, error code = 5, QId_valid = 1, QueryId = 0xd00, AckNak_valid = 1, AckNak = 17
E/QCamera2HWI(  445): static void qcamera::QCamera2HardwareInterface::preview_stream_cb_routine(mm_camera_super_buf_t*, qcamera::QCameraStream*, void*) :mParameters.m_flawless=-1
E/mm-camera(  483): q_idx 3
E/mm-camera-isp2(  483): isp_handler_control_sof:232  E 14
E/mm-camera(  483): mct_stream_process_bus_msg:frame_id 14;urgent_frame_id 16;is_uv_subsampled 0
E/mm-camera-CORE(  483): dsps_process_response_gyro:738  dsps_process_response_gyro: Query request denied, error code = 5, QId_valid = 1, QueryId = 0xe00, AckNak_valid = 1, AckNak = 17
E/QCamera2HWI(  445): static void qcamera::QCamera2HardwareInterface::preview_stream_cb_routine(mm_camera_super_buf_t*, qcamera::QCameraStream*, void*) :mParameters.m_flawless=-1
E/mm-camera(  483): q_idx 4
E/mm-camera-isp2(  483): isp_handler_control_sof:232  E 15
E/mm-camera(  483): mct_stream_process_bus_msg:frame_id 15;urgent_frame_id 17;is_uv_subsampled 0
E/mm-camera-CORE(  483): dsps_process_response_gyro:738  dsps_process_response_gyro: Query request denied, error code = 5, QId_valid = 1, QueryId = 0xf00, AckNak_valid = 1, AckNak = 17
E/QCamera2HWI(  445): static void qcamera::QCamera2HardwareInterface::preview_stream_cb_routine(mm_camera_super_buf_t*, qcamera::QCameraStream*, void*) :mParameters.m_flawless=-1
E/mm-camera(  483): q_idx 5
E/mm-camera-isp2(  483): isp_handler_control_sof:232  E 16
E/mm-camera(  483): mct_stream_process_bus_msg:frame_id 16;urgent_frame_id 18;is_uv_subsampled 0
E/mm-camera-CORE(  483): dsps_process_response_gyro:738  dsps_process_response_gyro: Query request denied, error code = 5, QId_valid = 1, QueryId = 0x1000, AckNak_valid = 1, AckNak = 17
E/QCamera2HWI(  445): static void qcamera::QCamera2HardwareInterface::preview_stream_cb_routine(mm_camera_super_buf_t*, qcamera::QCameraStream*, void*) :mParameters.m_flawless=-1
E/mm-camera(  483): q_idx 0
E/mm-camera-isp2(  483): isp_handler_control_sof:232  E 17
E/mm-camera(  483): mct_stream_process_bus_msg:frame_id 17;urgent_frame_id 19;is_uv_subsampled 0
E/mm-camera-CORE(  483): dsps_process_response_gyro:738  dsps_process_response_gyro: Query request denied, error code = 5, QId_valid = 1, QueryId = 0x1100, AckNak_valid = 1, AckNak = 17
E/QCamera2HWI(  445): static void qcamera::QCamera2HardwareInterface::preview_stream_cb_routine(mm_camera_super_buf_t*, qcamera::QCameraStream*, void*) :mParameters.m_flawless=-1
E/mm-camera(  483): q_idx 1
E/mm-camera-isp2(  483): isp_handler_control_sof:232  E 18
E/mm-camera(  483): mct_stream_process_bus_msg:frame_id 18;urgent_frame_id 20;is_uv_subsampled 0
E/mm-camera-CORE(  483): dsps_process_response_gyro:738  dsps_process_response_gyro: Query request denied, error code = 5, QId_valid = 1, QueryId = 0x1200, AckNak_valid = 1, AckNak = 17
E/QCamera2HWI(  445): static void qcamera::QCamera2HardwareInterface::preview_stream_cb_routine(mm_camera_super_buf_t*, qcamera::QCameraStream*, void*) :mParameters.m_flawless=-1
E/mm-camera(  483): q_idx 2
E/mm-camera-isp2(  483): isp_handler_control_sof:232  E 19
E/mm-camera(  483): mct_stream_process_bus_msg:frame_id 19;urgent_frame_id 21;is_uv_subsampled 0
E/mm-camera-CORE(  483): dsps_process_response_gyro:738  dsps_process_response_gyro: Query request denied, error code = 5, QId_valid = 1, QueryId = 0x1300, AckNak_valid = 1, AckNak = 17
E/QCamera2HWI(  445): static void qcamera::QCamera2HardwareInterface::preview_stream_cb_routine(mm_camera_super_buf_t*, qcamera::QCameraStream*, void*) :mParameters.m_flawless=-1
E/mm-camera(  483): q_idx 3
E/mm-camera-isp2(  483): isp_handler_control_sof:232  E 20
E/mm-camera(  483): mct_stream_process_bus_msg:frame_id 20;urgent_frame_id 22;is_uv_subsampled 0
E/mm-camera-CORE(  483): dsps_process_response_gyro:738  dsps_process_response_gyro: Query request denied, error code = 5, QId_valid = 1, QueryId = 0x1400, AckNak_valid = 1, AckNak = 17
E/QCamera2HWI(  445): static void qcamera::QCamera2HardwareInterface::preview_stream_cb_routine(mm_camera_super_buf_t*, qcamera::QCameraStream*, void*) :mParameters.m_flawless=-1
E/mm-camera(  483): q_idx 4
E/mm-camera-isp2(  483): isp_handler_control_sof:232  E 21
E/mm-camera(  483): mct_stream_process_bus_msg:frame_id 21;urgent_frame_id 23;is_uv_subsampled 0
E/mm-camera-CORE(  483): dsps_process_response_gyro:738  dsps_process_response_gyro: Query request denied, error code = 5, QId_valid = 1, QueryId = 0x1500, AckNak_valid = 1, AckNak = 17
E/QCamera2HWI(  445): static void qcamera::QCamera2HardwareInterface::preview_stream_cb_routine(mm_camera_super_buf_t*, qcamera::QCameraStream*, void*) :mParameters.m_flawless=-1
E/mm-camera(  483): q_idx 5
E/mm-camera-isp2(  483): isp_handler_control_sof:232  E 22
E/mm-camera(  483): mct_stream_process_bus_msg:frame_id 22;urgent_frame_id 24;is_uv_subsampled 0
E/mm-camera-CORE(  483): dsps_process_response_gyro:738  dsps_process_response_gyro: Query request denied, error code = 5, QId_valid = 1, QueryId = 0x1600, AckNak_valid = 1, AckNak = 17
E/QCamera2HWI(  445): static void qcamera::QCamera2HardwareInterface::preview_stream_cb_routine(mm_camera_super_buf_t*, qcamera::QCameraStream*, void*) :mParameters.m_flawless=-1
E/mm-camera(  483): q_idx 0
E/mm-camera-isp2(  483): isp_handler_control_sof:232  E 23
E/mm-camera(  483): mct_stream_process_bus_msg:frame_id 23;urgent_frame_id 25;is_uv_subsampled 0
E/mm-camera-CORE(  483): dsps_process_response_gyro:738  dsps_process_response_gyro: Query request denied, error code = 5, QId_valid = 1, QueryId = 0x1700, AckNak_valid = 1, AckNak = 17
E/QCamera2HWI(  445): static void qcamera::QCamera2HardwareInterface::preview_stream_cb_routine(mm_camera_super_buf_t*, qcamera::QCameraStream*, void*) :mParameters.m_flawless=-1
E/mm-camera(  483): q_idx 1
E/mm-camera-isp2(  483): isp_handler_control_sof:232  E 24
E/mm-camera(  483): mct_stream_process_bus_msg:frame_id 24;urgent_frame_id 26;is_uv_subsampled 0
E/mm-camera-CORE(  483): dsps_process_response_gyro:738  dsps_process_response_gyro: Query request denied, error code = 5, QId_valid = 1, QueryId = 0x1800, AckNak_valid = 1, AckNak = 17
E/QCamera2HWI(  445): static void qcamera::QCamera2HardwareInterface::preview_stream_cb_routine(mm_camera_super_buf_t*, qcamera::QCameraStream*, void*) :mParameters.m_flawless=-1
E/mm-camera(  483): q_idx 2
E/mm-camera-isp2(  483): isp_handler_control_sof:232  E 25
E/mm-camera(  483): mct_stream_process_bus_msg:frame_id 25;urgent_frame_id 27;is_uv_subsampled 0
E/mm-camera-CORE(  483): dsps_process_response_gyro:738  dsps_process_response_gyro: Query request denied, error code = 5, QId_valid = 1, QueryId = 0x1900, AckNak_valid = 1, AckNak = 17
E/QCamera2HWI(  445): static void qcamera::QCamera2HardwareInterface::preview_stream_cb_routine(mm_camera_super_buf_t*, qcamera::QCameraStream*, void*) :mParameters.m_flawless=-1
E/mm-camera(  483): q_idx 3
E/mm-camera-isp2(  483): isp_handler_control_sof:232  E 26
E/mm-camera(  483): mct_stream_process_bus_msg:frame_id 26;urgent_frame_id 28;is_uv_subsampled 0
E/mm-camera-CORE(  483): dsps_process_response_gyro:738  dsps_process_response_gyro: Query request denied, error code = 5, QId_valid = 1, QueryId = 0x1a00, AckNak_valid = 1, AckNak = 17
E/QCamera2HWI(  445): static void qcamera::QCamera2HardwareInterface::preview_stream_cb_routine(mm_camera_super_buf_t*, qcamera::QCameraStream*, void*) :mParameters.m_flawless=-1
E/mm-camera(  483): q_idx 4
E/mm-camera-isp2(  483): isp_handler_control_sof:232  E 27
E/mm-camera(  483): mct_stream_process_bus_msg:frame_id 27;urgent_frame_id 29;is_uv_subsampled 0
E/mm-camera-CORE(  483): dsps_process_response_gyro:738  dsps_process_response_gyro: Query request denied, error code = 5, QId_valid = 1, QueryId = 0x1b00, AckNak_valid = 1, AckNak = 17
E/QCamera2HWI(  445): static void qcamera::QCamera2HardwareInterface::preview_stream_cb_routine(mm_camera_super_buf_t*, qcamera::QCameraStream*, void*) :mParameters.m_flawless=-1
I/MSM-irqbalance(  791): Decided to move IRQ87 from CPU2 to CPU3
E/mm-camera(  483): q_idx 5
E/mm-camera-isp2(  483): isp_handler_control_sof:232  E 28
E/mm-camera(  483): mct_stream_process_bus_msg:frame_id 28;urgent_frame_id 30;is_uv_subsampled 0
E/mm-camera-CORE(  483): dsps_process_response_gyro:738  dsps_process_response_gyro: Query request denied, error code = 5, QId_valid = 1, QueryId = 0x1c00, AckNak_valid = 1, AckNak = 17
E/QCamera2HWI(  445): static void qcamera::QCamera2HardwareInterface::preview_stream_cb_routine(mm_camera_super_buf_t*, qcamera::QCameraStream*, void*) :mParameters.m_flawless=-1
E/mm-camera(  483): q_idx 0
E/mm-camera-isp2(  483): isp_handler_control_sof:232  E 29
E/mm-camera(  483): mct_stream_process_bus_msg:frame_id 29;urgent_frame_id 31;is_uv_subsampled 0
E/mm-camera-CORE(  483): dsps_process_response_gyro:738  dsps_process_response_gyro: Query request denied, error code = 5, QId_valid = 1, QueryId = 0x1d00, AckNak_valid = 1, AckNak = 17
E/QCamera2HWI(  445): static void qcamera::QCamera2HardwareInterface::preview_stream_cb_routine(mm_camera_super_buf_t*, qcamera::QCameraStream*, void*) :mParameters.m_flawless=-1
E/mm-camera(  483): q_idx 1
E/mm-camera-isp2(  483): isp_handler_control_sof:232  E 30
E/mm-camera(  483): mct_stream_process_bus_msg:frame_id 30;urgent_frame_id 32;is_uv_subsampled 0
E/mm-camera-CORE(  483): dsps_process_response_gyro:738  dsps_process_response_gyro: Query request denied, error code = 5, QId_valid = 1, QueryId = 0x1e00, AckNak_valid = 1, AckNak = 17
E/QCamera2HWI(  445): static void qcamera::QCamera2HardwareInterface::preview_stream_cb_routine(mm_camera_super_buf_t*, qcamera::QCameraStream*, void*) :mParameters.m_flawless=-1
E/mm-camera(  483): q_idx 2
E/mm-camera-isp2(  483): isp_handler_control_sof:232  E 31
E/mm-camera(  483): mct_stream_process_bus_msg:frame_id 31;urgent_frame_id 33;is_uv_subsampled 0
E/mm-camera-CORE(  483): dsps_process_response_gyro:738  dsps_process_response_gyro: Query request denied, error code = 5, QId_valid = 1, QueryId = 0x1f00, AckNak_valid = 1, AckNak = 17
E/QCamera2HWI(  445): static void qcamera::QCamera2HardwareInterface::preview_stream_cb_routine(mm_camera_super_buf_t*, qcamera::QCameraStream*, void*) :mParameters.m_flawless=-1
E/mm-camera(  483): q_idx 3
E/mm-camera-isp2(  483): isp_handler_control_sof:232  E 32
E/mm-camera(  483): mct_stream_process_bus_msg:frame_id 32;urgent_frame_id 34;is_uv_subsampled 0
E/mm-camera-CORE(  483): dsps_process_response_gyro:738  dsps_process_response_gyro: Query request denied, error code = 5, QId_valid = 1, QueryId = 0x2000, AckNak_valid = 1, AckNak = 17
I/SurfaceFlinger(  429): FPS: 21
E/QCamera2HWI(  445): static void qcamera::QCamera2HardwareInterface::preview_stream_cb_routine(mm_camera_super_buf_t*, qcamera::QCameraStream*, void*) :mParameters.m_flawless=-1
E/mm-camera(  483): q_idx 4
E/mm-camera-isp2(  483): isp_handler_control_sof:232  E 33
E/mm-camera(  483): mct_stream_process_bus_msg:frame_id 33;urgent_frame_id 35;is_uv_subsampled 0
E/mm-camera-CORE(  483): dsps_process_response_gyro:738  dsps_process_response_gyro: Query request denied, error code = 5, QId_valid = 1, QueryId = 0x2100, AckNak_valid = 1, AckNak = 17
E/QCamera2HWI(  445): static void qcamera::QCamera2HardwareInterface::preview_stream_cb_routine(mm_camera_super_buf_t*, qcamera::QCameraStream*, void*) :mParameters.m_flawless=-1
E/mm-camera(  483): q_idx 5
E/mm-camera-isp2(  483): isp_handler_control_sof:232  E 34
E/mm-camera(  483): mct_stream_process_bus_msg:frame_id 34;urgent_frame_id 36;is_uv_subsampled 0
E/mm-camera-CORE(  483): dsps_process_response_gyro:738  dsps_process_response_gyro: Query request denied, error code = 5, QId_valid = 1, QueryId = 0x2200, AckNak_valid = 1, AckNak = 17
E/QCamera2HWI(  445): static void qcamera::QCamera2HardwareInterface::preview_stream_cb_routine(mm_camera_super_buf_t*, qcamera::QCameraStream*, void*) :mParameters.m_flawless=-1
E/mm-camera(  483): q_idx 0
E/mm-camera-isp2(  483): isp_handler_control_sof:232  E 35
E/mm-camera(  483): mct_stream_process_bus_msg:frame_id 35;urgent_frame_id 37;is_uv_subsampled 0
E/mm-camera-CORE(  483): dsps_process_response_gyro:738  dsps_process_response_gyro: Query request denied, error code = 5, QId_valid = 1, QueryId = 0x2300, AckNak_valid = 1, AckNak = 17
E/QCamera2HWI(  445): static void qcamera::QCamera2HardwareInterface::preview_stream_cb_routine(mm_camera_super_buf_t*, qcamera::QCameraStream*, void*) :mParameters.m_flawless=-1
E/mm-camera(  483): q_idx 1
E/mm-camera-isp2(  483): isp_handler_control_sof:232  E 36
E/mm-camera(  483): mct_stream_process_bus_msg:frame_id 36;urgent_frame_id 38;is_uv_subsampled 0
E/mm-camera-CORE(  483): dsps_process_response_gyro:738  dsps_process_response_gyro: Query request denied, error code = 5, QId_valid = 1, QueryId = 0x2400, AckNak_valid = 1, AckNak = 17
E/QCamera2HWI(  445): static void qcamera::QCamera2HardwareInterface::preview_stream_cb_routine(mm_camera_super_buf_t*, qcamera::QCameraStream*, void*) :mParameters.m_flawless=-1
E/mm-camera(  483): q_idx 2
E/mm-camera-isp2(  483): isp_handler_control_sof:232  E 37
E/mm-camera(  483): mct_stream_process_bus_msg:frame_id 37;urgent_frame_id 39;is_uv_subsampled 0
E/mm-camera-CORE(  483): dsps_process_response_gyro:738  dsps_process_response_gyro: Query request denied, error code = 5, QId_valid = 1, QueryId = 0x2500, AckNak_valid = 1, AckNak = 17
E/QCamera2HWI(  445): static void qcamera::QCamera2HardwareInterface::preview_stream_cb_routine(mm_camera_super_buf_t*, qcamera::QCameraStream*, void*) :mParameters.m_flawless=-1
E/mm-camera(  483): q_idx 3
E/mm-camera-isp2(  483): isp_handler_control_sof:232  E 38
E/mm-camera(  483): mct_stream_process_bus_msg:frame_id 38;urgent_frame_id 40;is_uv_subsampled 0
E/mm-camera-CORE(  483): dsps_process_response_gyro:738  dsps_process_response_gyro: Query request denied, error code = 5, QId_valid = 1, QueryId = 0x2600, AckNak_valid = 1, AckNak = 17
E/QCamera2HWI(  445): static void qcamera::QCamera2HardwareInterface::preview_stream_cb_routine(mm_camera_super_buf_t*, qcamera::QCameraStream*, void*) :mParameters.m_flawless=-1
E/mm-camera(  483): q_idx 4
E/mm-camera-isp2(  483): isp_handler_control_sof:232  E 39
E/mm-camera(  483): mct_stream_process_bus_msg:frame_id 39;urgent_frame_id 41;is_uv_subsampled 0
E/mm-camera-CORE(  483): dsps_process_response_gyro:738  dsps_process_response_gyro: Query request denied, error code = 5, QId_valid = 1, QueryId = 0x2700, AckNak_valid = 1, AckNak = 17
E/QCamera2HWI(  445): static void qcamera::QCamera2HardwareInterface::preview_stream_cb_routine(mm_camera_super_buf_t*, qcamera::QCameraStream*, void*) :mParameters.m_flawless=-1
E/mm-camera(  483): q_idx 5
E/mm-camera-isp2(  483): isp_handler_control_sof:232  E 40
E/mm-camera(  483): mct_stream_process_bus_msg:frame_id 40;urgent_frame_id 42;is_uv_subsampled 0
E/mm-camera-CORE(  483): dsps_process_response_gyro:738  dsps_process_response_gyro: Query request denied, error code = 5, QId_valid = 1, QueryId = 0x2800, AckNak_valid = 1, AckNak = 17
E/QCamera2HWI(  445): static void qcamera::QCamera2HardwareInterface::preview_stream_cb_routine(mm_camera_super_buf_t*, qcamera::QCameraStream*, void*) :mParameters.m_flawless=-1
E/mm-camera(  483): q_idx 0
E/mm-camera-isp2(  483): isp_handler_control_sof:232  E 41
E/mm-camera(  483): mct_stream_process_bus_msg:frame_id 41;urgent_frame_id 43;is_uv_subsampled 0
E/mm-camera-CORE(  483): dsps_process_response_gyro:738  dsps_process_response_gyro: Query request denied, error code = 5, QId_valid = 1, QueryId = 0x2900, AckNak_valid = 1, AckNak = 17
E/QCamera2HWI(  445): static void qcamera::QCamera2HardwareInterface::preview_stream_cb_routine(mm_camera_super_buf_t*, qcamera::QCameraStream*, void*) :mParameters.m_flawless=-1
E/mm-camera(  483): q_idx 1
E/mm-camera-isp2(  483): isp_handler_control_sof:232  E 42
E/mm-camera(  483): mct_stream_process_bus_msg:frame_id 42;urgent_frame_id 44;is_uv_subsampled 0
E/mm-camera-CORE(  483): dsps_process_response_gyro:738  dsps_process_response_gyro: Query request denied, error code = 5, QId_valid = 1, QueryId = 0x2a00, AckNak_valid = 1, AckNak = 17
E/QCamera2HWI(  445): static void qcamera::QCamera2HardwareInterface::preview_stream_cb_routine(mm_camera_super_buf_t*, qcamera::QCameraStream*, void*) :mParameters.m_flawless=-1
E/mm-camera(  483): q_idx 2
E/mm-camera-isp2(  483): isp_handler_control_sof:232  E 43
E/mm-camera(  483): mct_stream_process_bus_msg:frame_id 43;urgent_frame_id 45;is_uv_subsampled 0
E/mm-camera-CORE(  483): dsps_process_response_gyro:738  dsps_process_response_gyro: Query request denied, error code = 5, QId_valid = 1, QueryId = 0x2b00, AckNak_valid = 1, AckNak = 17
E/QCamera2HWI(  445): static void qcamera::QCamera2HardwareInterface::preview_stream_cb_routine(mm_camera_super_buf_t*, qcamera::QCameraStream*, void*) :mParameters.m_flawless=-1
E/mm-camera(  483): q_idx 3
E/mm-camera-isp2(  483): isp_handler_control_sof:232  E 44
E/mm-camera(  483): mct_stream_process_bus_msg:frame_id 44;urgent_frame_id 46;is_uv_subsampled 0
E/mm-camera-CORE(  483): dsps_process_response_gyro:738  dsps_process_response_gyro: Query request denied, error code = 5, QId_valid = 1, QueryId = 0x2c00, AckNak_valid = 1, AckNak = 17
E/QCamera2HWI(  445): static void qcamera::QCamera2HardwareInterface::preview_stream_cb_routine(mm_camera_super_buf_t*, qcamera::QCameraStream*, void*) :mParameters.m_flawless=-1
E/mm-camera(  483): q_idx 4
E/mm-camera-isp2(  483): isp_handler_control_sof:232  E 45
E/mm-camera(  483): mct_stream_process_bus_msg:frame_id 45;urgent_frame_id 47;is_uv_subsampled 0
E/mm-camera-CORE(  483): dsps_process_response_gyro:738  dsps_process_response_gyro: Query request denied, error code = 5, QId_valid = 1, QueryId = 0x2d00, AckNak_valid = 1, AckNak = 17
E/QCamera2HWI(  445): static void qcamera::QCamera2HardwareInterface::preview_stream_cb_routine(mm_camera_super_buf_t*, qcamera::QCameraStream*, void*) :mParameters.m_flawless=-1
E/mm-camera(  483): q_idx 5
E/mm-camera-isp2(  483): isp_handler_control_sof:232  E 46
E/mm-camera(  483): mct_stream_process_bus_msg:frame_id 46;urgent_frame_id 48;is_uv_subsampled 0
E/mm-camera-CORE(  483): dsps_process_response_gyro:738  dsps_process_response_gyro: Query request denied, error code = 5, QId_valid = 1, QueryId = 0x2e00, AckNak_valid = 1, AckNak = 17
E/QCamera2HWI(  445): static void qcamera::QCamera2HardwareInterface::preview_stream_cb_routine(mm_camera_super_buf_t*, qcamera::QCameraStream*, void*) :mParameters.m_flawless=-1
E/mm-camera(  483): q_idx 0
E/mm-camera-isp2(  483): isp_handler_control_sof:232  E 47
E/mm-camera(  483): mct_stream_process_bus_msg:frame_id 47;urgent_frame_id 49;is_uv_subsampled 0
E/mm-camera-CORE(  483): dsps_process_response_gyro:738  dsps_process_response_gyro: Query request denied, error code = 5, QId_valid = 1, QueryId = 0x2f00, AckNak_valid = 1, AckNak = 17
E/QCamera2HWI(  445): static void qcamera::QCamera2HardwareInterface::preview_stream_cb_routine(mm_camera_super_buf_t*, qcamera::QCameraStream*, void*) :mParameters.m_flawless=-1
E/mm-camera(  483): q_idx 1
E/mm-camera-isp2(  483): isp_handler_control_sof:232  E 48
E/mm-camera(  483): mct_stream_process_bus_msg:frame_id 48;urgent_frame_id 50;is_uv_subsampled 0
E/mm-camera-CORE(  483): dsps_process_response_gyro:738  dsps_process_response_gyro: Query request denied, error code = 5, QId_valid = 1, QueryId = 0x3000, AckNak_valid = 1, AckNak = 17
E/QCamera2HWI(  445): static void qcamera::QCamera2HardwareInterface::preview_stream_cb_routine(mm_camera_super_buf_t*, qcamera::QCameraStream*, void*) :mParameters.m_flawless=-1
E/mm-camera(  483): q_idx 2
E/mm-camera-isp2(  483): isp_handler_control_sof:232  E 49
E/mm-camera(  483): mct_stream_process_bus_msg:frame_id 49;urgent_frame_id 51;is_uv_subsampled 0
E/mm-camera-CORE(  483): dsps_process_response_gyro:738  dsps_process_response_gyro: Query request denied, error code = 5, QId_valid = 1, QueryId = 0x3100, AckNak_valid = 1, AckNak = 17
D/FingerGoodix(  769): ESD doesn't do in HIGH speed or in FF.
E/QCamera2HWI(  445): static void qcamera::QCamera2HardwareInterface::preview_stream_cb_routine(mm_camera_super_buf_t*, qcamera::QCameraStream*, void*) :mParameters.m_flawless=-1
E/mm-camera(  483): q_idx 3
E/mm-camera-isp2(  483): isp_handler_control_sof:232  E 50
E/mm-camera(  483): mct_stream_process_bus_msg:frame_id 50;urgent_frame_id 52;is_uv_subsampled 0
E/mm-camera-CORE(  483): dsps_process_response_gyro:738  dsps_process_response_gyro: Query request denied, error code = 5, QId_valid = 1, QueryId = 0x3200, AckNak_valid = 1, AckNak = 17
D/DataFormatter( 2337): Special bytes : 0
D/DataUsageService( 2337): NetSpeed 0K/s 
E/QCamera2HWI(  445): static void qcamera::QCamera2HardwareInterface::preview_stream_cb_routine(mm_camera_super_buf_t*, qcamera::QCameraStream*, void*) :mParameters.m_flawless=-1
E/mm-camera(  483): q_idx 4
E/mm-camera-isp2(  483): isp_handler_control_sof:232  E 51
E/mm-camera(  483): mct_stream_process_bus_msg:frame_id 51;urgent_frame_id 53;is_uv_subsampled 0
E/mm-camera-CORE(  483): dsps_process_response_gyro:738  dsps_process_response_gyro: Query request denied, error code = 5, QId_valid = 1, QueryId = 0x3300, AckNak_valid = 1, AckNak = 17
E/QCamera2HWI(  445): static void qcamera::QCamera2HardwareInterface::preview_stream_cb_routine(mm_camera_super_buf_t*, qcamera::QCameraStream*, void*) :mParameters.m_flawless=-1
E/mm-camera(  483): q_idx 5
E/mm-camera-isp2(  483): isp_handler_control_sof:232  E 52
E/mm-camera(  483): mct_stream_process_bus_msg:frame_id 52;urgent_frame_id 54;is_uv_subsampled 0
E/mm-camera-CORE(  483): dsps_process_response_gyro:738  dsps_process_response_gyro: Query request denied, error code = 5, QId_valid = 1, QueryId = 0x3400, AckNak_valid = 1, AckNak = 17
I/SurfaceFlinger(  429): FPS: 21
E/QCamera2HWI(  445): static void qcamera::QCamera2HardwareInterface::preview_stream_cb_routine(mm_camera_super_buf_t*, qcamera::QCameraStream*, void*) :mParameters.m_flawless=-1
E/mm-camera(  483): q_idx 0
E/mm-camera-isp2(  483): isp_handler_control_sof:232  E 53
E/mm-camera(  483): mct_stream_process_bus_msg:frame_id 53;urgent_frame_id 55;is_uv_subsampled 0
E/mm-camera-CORE(  483): dsps_process_response_gyro:738  dsps_process_response_gyro: Query request denied, error code = 5, QId_valid = 1, QueryId = 0x3500, AckNak_valid = 1, AckNak = 17
E/QCamera2HWI(  445): static void qcamera::QCamera2HardwareInterface::preview_stream_cb_routine(mm_camera_super_buf_t*, qcamera::QCameraStream*, void*) :mParameters.m_flawless=-1
E/mm-camera(  483): q_idx 1
E/mm-camera-isp2(  483): isp_handler_control_sof:232  E 54
E/mm-camera(  483): mct_stream_process_bus_msg:frame_id 54;urgent_frame_id 56;is_uv_subsampled 0
E/mm-camera-CORE(  483): dsps_process_response_gyro:738  dsps_process_response_gyro: Query request denied, error code = 5, QId_valid = 1, QueryId = 0x3600, AckNak_valid = 1, AckNak = 17
E/QCamera2HWI(  445): static void qcamera::QCamera2HardwareInterface::preview_stream_cb_routine(mm_camera_super_buf_t*, qcamera::QCameraStream*, void*) :mParameters.m_flawless=-1
E/mm-camera(  483): q_idx 2
E/mm-camera-isp2(  483): isp_handler_control_sof:232  E 55
E/mm-camera(  483): mct_stream_process_bus_msg:frame_id 55;urgent_frame_id 57;is_uv_subsampled 0
E/mm-camera-CORE(  483): dsps_process_response_gyro:738  dsps_process_response_gyro: Query request denied, error code = 5, QId_valid = 1, QueryId = 0x3700, AckNak_valid = 1, AckNak = 17
V/VivoStats( 1411): noteScreenBrightness brightness = 45
V/PowerEffectManager( 2492): note what = 2, arg1 = 45, arg2 = 0
D/BrightnessProviderNormal( 1411): notifyStateChanged un-known:4
D/DisplayPowerController( 1411): updatePowerState: mPowerRequest.useProximitySensor=false, mProximity=Unknown, mScreenOffBecauseOfProximity=false mPowerRequest.screenState = ON mWaitingForNegativeProximity = false
D/DisplayPowerController( 1411): chenyishi AAL AAL AAL
D/DisplayPowerController( 1411): dim befor brightness = 81
D/DisplayPowerController( 1411): dim  brightness = 45
D/DisplayPowerController( 1411): updatePowerState: mPowerRequest.useProximitySensor=false, mProximity=Unknown, mScreenOffBecauseOfProximity=false mPowerRequest.screenState = ON mWaitingForNegativeProximity = false
D/DisplayPowerState( 1411): Updating screen state: state=ON, backlight=45, backlightChanged=true mPowerAssistantMode=0
D/DisplayPowerController( 1411): chenyishi AAL AAL AAL
D/DisplayPowerController( 1411): dim befor brightness = 81
D/DisplayPowerController( 1411): dim  brightness = 45
D/DisplayPowerController( 1411): updatePowerState: mPowerRequest.useProximitySensor=false, mProximity=Unknown, mScreenOffBecauseOfProximity=false mPowerRequest.screenState = ON mWaitingForNegativeProximity = false
D/DisplayPowerController( 1411): chenyishi AAL AAL AAL
D/DisplayPowerController( 1411): dim befor brightness = 81
D/DisplayPowerController( 1411): dim  brightness = 45
E/QCamera2HWI(  445): static void qcamera::QCamera2HardwareInterface::preview_stream_cb_routine(mm_camera_super_buf_t*, qcamera::QCameraStream*, void*) :mParameters.m_flawless=-1
E/mm-camera(  483): q_idx 3
E/mm-camera-isp2(  483): isp_handler_control_sof:232  E 56
E/mm-camera(  483): mct_stream_process_bus_msg:frame_id 56;urgent_frame_id 58;is_uv_subsampled 0
E/mm-camera-CORE(  483): dsps_process_response_gyro:738  dsps_process_response_gyro: Query request denied, error code = 5, QId_valid = 1, QueryId = 0x3800, AckNak_valid = 1, AckNak = 17
E/QCamera2HWI(  445): static void qcamera::QCamera2HardwareInterface::preview_stream_cb_routine(mm_camera_super_buf_t*, qcamera::QCameraStream*, void*) :mParameters.m_flawless=-1
E/mm-camera(  483): q_idx 4
E/mm-camera-isp2(  483): isp_handler_control_sof:232  E 57
E/mm-camera-CORE(  483): dsps_process_response_gyro:738  dsps_process_response_gyro: Query request denied, error code = 5, QId_valid = 1, QueryId = 0x3900, AckNak_valid = 1, AckNak = 17
E/mm-camera(  483): mct_stream_process_bus_msg:frame_id 57;urgent_frame_id 59;is_uv_subsampled 0
E/QCamera2HWI(  445): static void qcamera::QCamera2HardwareInterface::preview_stream_cb_routine(mm_camera_super_buf_t*, qcamera::QCameraStream*, void*) :mParameters.m_flawless=-1
E/mm-camera(  483): q_idx 5
E/mm-camera-isp2(  483): isp_handler_control_sof:232  E 58
E/mm-camera(  483): mct_stream_process_bus_msg:frame_id 58;urgent_frame_id 60;is_uv_subsampled 0
E/mm-camera-CORE(  483): dsps_process_response_gyro:738  dsps_process_response_gyro: Query request denied, error code = 5, QId_valid = 1, QueryId = 0x3a00, AckNak_valid = 1, AckNak = 17
E/QCamera2HWI(  445): static void qcamera::QCamera2HardwareInterface::preview_stream_cb_routine(mm_camera_super_buf_t*, qcamera::QCameraStream*, void*) :mParameters.m_flawless=-1
E/mm-camera(  483): q_idx 0
E/mm-camera-isp2(  483): isp_handler_control_sof:232  E 59
E/mm-camera(  483): mct_stream_process_bus_msg:frame_id 59;urgent_frame_id 61;is_uv_subsampled 0
E/mm-camera-CORE(  483): dsps_process_response_gyro:738  dsps_process_response_gyro: Query request denied, error code = 5, QId_valid = 1, QueryId = 0x3b00, AckNak_valid = 1, AckNak = 17
E/QCamera2HWI(  445): static void qcamera::QCamera2HardwareInterface::preview_stream_cb_routine(mm_camera_super_buf_t*, qcamera::QCameraStream*, void*) :mParameters.m_flawless=-1
E/mm-camera(  483): q_idx 1
E/mm-camera-isp2(  483): isp_handler_control_sof:232  E 60
E/mm-camera(  483): mct_stream_process_bus_msg:frame_id 60;urgent_frame_id 62;is_uv_subsampled 0
E/mm-camera-CORE(  483): dsps_process_response_gyro:738  dsps_process_response_gyro: Query request denied, error code = 5, QId_valid = 1, QueryId = 0x3c00, AckNak_valid = 1, AckNak = 17
E/QCamera2HWI(  445): static void qcamera::QCamera2HardwareInterface::preview_stream_cb_routine(mm_camera_super_buf_t*, qcamera::QCameraStream*, void*) :mParameters.m_flawless=-1
E/mm-camera(  483): q_idx 2
E/mm-camera-isp2(  483): isp_handler_control_sof:232  E 61
E/mm-camera(  483): mct_stream_process_bus_msg:frame_id 61;urgent_frame_id 63;is_uv_subsampled 0
E/mm-camera-CORE(  483): dsps_process_response_gyro:738  dsps_process_response_gyro: Query request denied, error code = 5, QId_valid = 1, QueryId = 0x3d00, AckNak_valid = 1, AckNak = 17
E/QCamera2HWI(  445): static void qcamera::QCamera2HardwareInterface::preview_stream_cb_routine(mm_camera_super_buf_t*, qcamera::QCameraStream*, void*) :mParameters.m_flawless=-1
E/mm-camera(  483): q_idx 3
E/mm-camera-isp2(  483): isp_handler_control_sof:232  E 62
E/mm-camera(  483): mct_stream_process_bus_msg:frame_id 62;urgent_frame_id 64;is_uv_subsampled 0
E/mm-camera-CORE(  483): dsps_process_response_gyro:738  dsps_process_response_gyro: Query request denied, error code = 5, QId_valid = 1, QueryId = 0x3e00, AckNak_valid = 1, AckNak = 17
E/QCamera2HWI(  445): static void qcamera::QCamera2HardwareInterface::preview_stream_cb_routine(mm_camera_super_buf_t*, qcamera::QCameraStream*, void*) :mParameters.m_flawless=-1
E/mm-camera(  483): q_idx 4
E/mm-camera-isp2(  483): isp_handler_control_sof:232  E 63
E/mm-camera(  483): mct_stream_process_bus_msg:frame_id 63;urgent_frame_id 65;is_uv_subsampled 0
E/mm-camera-CORE(  483): dsps_process_response_gyro:738  dsps_process_response_gyro: Query request denied, error code = 5, QId_valid = 1, QueryId = 0x3f00, AckNak_valid = 1, AckNak = 17
E/QCamera2HWI(  445): static void qcamera::QCamera2HardwareInterface::preview_stream_cb_routine(mm_camera_super_buf_t*, qcamera::QCameraStream*, void*) :mParameters.m_flawless=-1
E/mm-camera(  483): q_idx 5
E/mm-camera-isp2(  483): isp_handler_control_sof:232  E 64
E/mm-camera(  483): mct_stream_process_bus_msg:frame_id 64;urgent_frame_id 66;is_uv_subsampled 0
E/mm-camera-CORE(  483): dsps_process_response_gyro:738  dsps_process_response_gyro: Query request denied, error code = 5, QId_valid = 1, QueryId = 0x4000, AckNak_valid = 1, AckNak = 17
E/QCamera2HWI(  445): static void qcamera::QCamera2HardwareInterface::preview_stream_cb_routine(mm_camera_super_buf_t*, qcamera::QCameraStream*, void*) :mParameters.m_flawless=-1
E/mm-camera(  483): q_idx 0
E/mm-camera-isp2(  483): isp_handler_control_sof:232  E 65
E/mm-camera(  483): mct_stream_process_bus_msg:frame_id 65;urgent_frame_id 67;is_uv_subsampled 0
E/mm-camera-CORE(  483): dsps_process_response_gyro:738  dsps_process_response_gyro: Query request denied, error code = 5, QId_valid = 1, QueryId = 0x4100, AckNak_valid = 1, AckNak = 17
E/QCamera2HWI(  445): static void qcamera::QCamera2HardwareInterface::preview_stream_cb_routine(mm_camera_super_buf_t*, qcamera::QCameraStream*, void*) :mParameters.m_flawless=-1
E/mm-camera(  483): q_idx 1
E/mm-camera-isp2(  483): isp_handler_control_sof:232  E 66
E/mm-camera(  483): mct_stream_process_bus_msg:frame_id 66;urgent_frame_id 68;is_uv_subsampled 0
E/mm-camera-CORE(  483): dsps_process_response_gyro:738  dsps_process_response_gyro: Query request denied, error code = 5, QId_valid = 1, QueryId = 0x4200, AckNak_valid = 1, AckNak = 17
E/QCamera2HWI(  445): static void qcamera::QCamera2HardwareInterface::preview_stream_cb_routine(mm_camera_super_buf_t*, qcamera::QCameraStream*, void*) :mParameters.m_flawless=-1
E/mm-camera(  483): q_idx 2
E/mm-camera-isp2(  483): isp_handler_control_sof:232  E 67
E/mm-camera(  483): mct_stream_process_bus_msg:frame_id 67;urgent_frame_id 69;is_uv_subsampled 0
E/mm-camera-CORE(  483): dsps_process_response_gyro:738  dsps_process_response_gyro: Query request denied, error code = 5, QId_valid = 1, QueryId = 0x4300, AckNak_valid = 1, AckNak = 17
E/QCamera2HWI(  445): static void qcamera::QCamera2HardwareInterface::preview_stream_cb_routine(mm_camera_super_buf_t*, qcamera::QCameraStream*, void*) :mParameters.m_flawless=-1
E/mm-camera(  483): q_idx 3
E/mm-camera-isp2(  483): isp_handler_control_sof:232  E 68
E/mm-camera(  483): mct_stream_process_bus_msg:frame_id 68;urgent_frame_id 70;is_uv_subsampled 0
E/mm-camera-CORE(  483): dsps_process_response_gyro:738  dsps_process_response_gyro: Query request denied, error code = 5, QId_valid = 1, QueryId = 0x4400, AckNak_valid = 1, AckNak = 17
E/QCamera2HWI(  445): static void qcamera::QCamera2HardwareInterface::preview_stream_cb_routine(mm_camera_super_buf_t*, qcamera::QCameraStream*, void*) :mParameters.m_flawless=-1
E/mm-camera(  483): q_idx 4
E/mm-camera-isp2(  483): isp_handler_control_sof:232  E 69
E/mm-camera(  483): mct_stream_process_bus_msg:frame_id 69;urgent_frame_id 71;is_uv_subsampled 0
E/mm-camera-CORE(  483): dsps_process_response_gyro:738  dsps_process_response_gyro: Query request denied, error code = 5, QId_valid = 1, QueryId = 0x4500, AckNak_valid = 1, AckNak = 17
E/QCamera2HWI(  445): static void qcamera::QCamera2HardwareInterface::preview_stream_cb_routine(mm_camera_super_buf_t*, qcamera::QCameraStream*, void*) :mParameters.m_flawless=-1
E/mm-camera(  483): q_idx 5
E/mm-camera-isp2(  483): isp_handler_control_sof:232  E 70
E/mm-camera(  483): mct_stream_process_bus_msg:frame_id 70;urgent_frame_id 72;is_uv_subsampled 0
E/mm-camera-CORE(  483): dsps_process_response_gyro:738  dsps_process_response_gyro: Query request denied, error code = 5, QId_valid = 1, QueryId = 0x4600, AckNak_valid = 1, AckNak = 17
E/QCamera2HWI(  445): static void qcamera::QCamera2HardwareInterface::preview_stream_cb_routine(mm_camera_super_buf_t*, qcamera::QCameraStream*, void*) :mParameters.m_flawless=-1
E/mm-camera(  483): q_idx 0
E/mm-camera-isp2(  483): isp_handler_control_sof:232  E 71
E/mm-camera(  483): mct_stream_process_bus_msg:frame_id 71;urgent_frame_id 73;is_uv_subsampled 0
E/mm-camera-CORE(  483): dsps_process_response_gyro:738  dsps_process_response_gyro: Query request denied, error code = 5, QId_valid = 1, QueryId = 0x4700, AckNak_valid = 1, AckNak = 17
E/QCamera2HWI(  445): static void qcamera::QCamera2HardwareInterface::preview_stream_cb_routine(mm_camera_super_buf_t*, qcamera::QCameraStream*, void*) :mParameters.m_flawless=-1
E/mm-camera(  483): q_idx 1
E/mm-camera-isp2(  483): isp_handler_control_sof:232  E 72
E/mm-camera(  483): mct_stream_process_bus_msg:frame_id 72;urgent_frame_id 74;is_uv_subsampled 0
E/mm-camera-CORE(  483): dsps_process_response_gyro:738  dsps_process_response_gyro: Query request denied, error code = 5, QId_valid = 1, QueryId = 0x4800, AckNak_valid = 1, AckNak = 17
E/QCamera2HWI(  445): static void qcamera::QCamera2HardwareInterface::preview_stream_cb_routine(mm_camera_super_buf_t*, qcamera::QCameraStream*, void*) :mParameters.m_flawless=-1
E/mm-camera(  483): q_idx 2
E/mm-camera-isp2(  483): isp_handler_control_sof:232  E 73
E/mm-camera(  483): mct_stream_process_bus_msg:frame_id 73;urgent_frame_id 75;is_uv_subsampled 0
