W/ActivityManager( 1411): getRunningAppProcesses: caller 10125 does not hold REAL_GET_TASKS; limiting output
W/ActivityManager( 1411): getRunningAppProcesses: caller 10125 does not hold REAL_GET_TASKS; limiting output
W/ActivityManager( 1411): getRunningAppProcesses: caller 10125 does not hold REAL_GET_TASKS; limiting output
W/ActivityManager( 1411): getRunningAppProcesses: caller 10125 does not hold REAL_GET_TASKS; limiting output
W/ActivityManager( 1411): getRunningAppProcesses: caller 10125 does not hold REAL_GET_TASKS; limiting output
W/ActivityManager( 1411): getRunningAppProcesses: caller 10125 does not hold REAL_GET_TASKS; limiting output
W/ActivityManager( 1411): getRunningAppProcesses: caller 10125 does not hold REAL_GET_TASKS; limiting output
W/ActivityManager( 1411): getRunningAppProcesses: caller 10125 does not hold REAL_GET_TASKS; limiting output
W/ActivityManager( 1411): getRunningAppProcesses: caller 10125 does not hold REAL_GET_TASKS; limiting output
W/ActivityManager( 1411): getRunningAppProcesses: caller 10125 does not hold REAL_GET_TASKS; limiting output
W/ActivityManager( 1411): getRunningAppProcesses: caller 10125 does not hold REAL_GET_TASKS; limiting output
W/ActivityManager( 1411): getRunningAppProcesses: caller 10125 does not hold REAL_GET_TASKS; limiting output
W/ActivityManager( 1411): getRunningAppProcesses: caller 10125 does not hold REAL_GET_TASKS; limiting output
W/ActivityManager( 1411): getRunningAppProcesses: caller 10125 does not hold REAL_GET_TASKS; limiting output
W/ActivityManager( 1411): getRunningAppProcesses: caller 10125 does not hold REAL_GET_TASKS; limiting output
W/ActivityManager( 1411): getRunningAppProcesses: caller 10125 does not hold REAL_GET_TASKS; limiting output
W/ActivityManager( 1411): getRunningAppProcesses: caller 10125 does not hold REAL_GET_TASKS; limiting output
W/ActivityManager( 1411): getRunningAppProcesses: caller 10125 does not hold REAL_GET_TASKS; limiting output
W/ActivityManager( 1411): getRunningAppProcesses: caller 10125 does not hold REAL_GET_TASKS; limiting output
W/ActivityManager( 1411): getRunningAppProcesses: caller 10125 does not hold REAL_GET_TASKS; limiting output
W/ActivityManager( 1411): getRunningAppProcesses: caller 10125 does not hold REAL_GET_TASKS; limiting output
W/ActivityManager( 1411): getRunningAppProcesses: caller 10125 does not hold REAL_GET_TASKS; limiting output
W/ActivityManager( 1411): getRunningAppProcesses: caller 10125 does not hold REAL_GET_TASKS; limiting output
W/ActivityManager( 1411): getRunningAppProcesses: caller 10125 does not hold REAL_GET_TASKS; limiting output
W/ActivityManager( 1411): getRunningAppProcesses: caller 10125 does not hold REAL_GET_TASKS; limiting output
W/ActivityManager( 1411): getRunningAppProcesses: caller 10125 does not hold REAL_GET_TASKS; limiting output
W/ActivityManager( 1411): getRunningAppProcesses: caller 10125 does not hold REAL_GET_TASKS; limiting output
W/ActivityManager( 1411): getRunningAppProcesses: caller 10125 does not hold REAL_GET_TASKS; limiting output
W/ActivityManager( 1411): getRunningAppProcesses: caller 10125 does not hold REAL_GET_TASKS; limiting output
W/ActivityManager( 1411): getRunningAppProcesses: caller 10125 does not hold REAL_GET_TASKS; limiting output
W/ActivityManager( 1411): getRunningAppProcesses: caller 10125 does not hold REAL_GET_TASKS; limiting output
W/ActivityManager( 1411): getRunningAppProcesses: caller 10125 does not hold REAL_GET_TASKS; limiting output
W/ActivityManager( 1411): getRunningAppProcesses: caller 10125 does not hold REAL_GET_TASKS; limiting output
W/ActivityManager( 1411): getRunningAppProcesses: caller 10125 does not hold REAL_GET_TASKS; limiting output
W/ActivityManager( 1411): getRunningAppProcesses: caller 10125 does not hold REAL_GET_TASKS; limiting output
W/ActivityManager( 1411): getRunningAppProcesses: caller 10125 does not hold REAL_GET_TASKS; limiting output
W/ActivityManager( 1411): getRunningAppProcesses: caller 10125 does not hold REAL_GET_TASKS; limiting output
W/ActivityManager( 1411): getRunningAppProcesses: caller 10125 does not hold REAL_GET_TASKS; limiting output
W/ActivityManager( 1411): getRunningAppProcesses: caller 10125 does not hold REAL_GET_TASKS; limiting output
W/ActivityManager( 1411): getRunningAppProcesses: caller 10125 does not hold REAL_GET_TASKS; limiting output
W/ActivityManager( 1411): getRunningAppProcesses: caller 10125 does not hold REAL_GET_TASKS; limiting output
W/ActivityManager( 1411): getRunningAppProcesses: caller 10125 does not hold REAL_GET_TASKS; limiting output
W/ActivityManager( 1411): getRunningAppProcesses: caller 10125 does not hold REAL_GET_TASKS; limiting output
W/ActivityManager( 1411): getRunningAppProcesses: caller 10125 does not hold REAL_GET_TASKS; limiting output
W/ActivityManager( 1411): getRunningAppProcesses: caller 10125 does not hold REAL_GET_TASKS; limiting output
W/ActivityManager( 1411): getRunningAppProcesses: caller 10125 does not hold REAL_GET_TASKS; limiting output
W/ActivityManager( 1411): getRunningAppProcesses: caller 10125 does not hold REAL_GET_TASKS; limiting output
W/ActivityManager( 1411): getRunningAppProcesses: caller 10125 does not hold REAL_GET_TASKS; limiting output
W/ActivityManager( 1411): getRunningAppProcesses: caller 10125 does not hold REAL_GET_TASKS; limiting output
W/ActivityManager( 1411): getRunningAppProcesses: caller 10125 does not hold REAL_GET_TASKS; limiting output
W/ActivityManager( 1411): getRunningAppProcesses: caller 10125 does not hold REAL_GET_TASKS; limiting output
W/ActivityManager( 1411): getRunningAppProcesses: caller 10125 does not hold REAL_GET_TASKS; limiting output
W/ActivityManager( 1411): getRunningAppProcesses: caller 10125 does not hold REAL_GET_TASKS; limiting output
W/ActivityManager( 1411): getRunningAppProcesses: caller 10125 does not hold REAL_GET_TASKS; limiting output
W/ActivityManager( 1411): getRunningAppProcesses: caller 10125 does not hold REAL_GET_TASKS; limiting output
W/ActivityManager( 1411): getRunningAppProcesses: caller 10125 does not hold REAL_GET_TASKS; limiting output
W/ActivityManager( 1411): getRunningAppProcesses: caller 10125 does not hold REAL_GET_TASKS; limiting output
W/ActivityManager( 1411): getRunningAppProcesses: caller 10125 does not hold REAL_GET_TASKS; limiting output
W/ActivityManager( 1411): getRunningAppProcesses: caller 10125 does not hold REAL_GET_TASKS; limiting output
W/ActivityManager( 1411): getRunningAppProcesses: caller 10125 does not hold REAL_GET_TASKS; limiting output
W/ActivityManager( 1411): getRunningAppProcesses: caller 10125 does not hold REAL_GET_TASKS; limiting output
W/ActivityManager( 1411): getRunningAppProcesses: caller 10125 does not hold REAL_GET_TASKS; limiting output
W/ActivityManager( 1411): getRunningAppProcesses: caller 10125 does not hold REAL_GET_TASKS; limiting output
W/ActivityManager( 1411): getRunningAppProcesses: caller 10125 does not hold REAL_GET_TASKS; limiting output
W/ActivityManager( 1411): getRunningAppProcesses: caller 10125 does not hold REAL_GET_TASKS; limiting output
W/ActivityManager( 1411): getRunningAppProcesses: caller 10125 does not hold REAL_GET_TASKS; limiting output
W/ActivityManager( 1411): getRunningAppProcesses: caller 10125 does not hold REAL_GET_TASKS; limiting output
W/ActivityManager( 1411): getRunningAppProcesses: caller 10125 does not hold REAL_GET_TASKS; limiting output
W/ActivityManager( 1411): getRunningAppProcesses: caller 10125 does not hold REAL_GET_TASKS; limiting output
W/ActivityManager( 1411): getRunningAppProcesses: caller 10125 does not hold REAL_GET_TASKS; limiting output
W/ActivityManager( 1411): getRunningAppProcesses: caller 10125 does not hold REAL_GET_TASKS; limiting output
W/ActivityManager( 1411): getRunningAppProcesses: caller 10125 does not hold REAL_GET_TASKS; limiting output
W/ActivityManager( 1411): getRunningAppProcesses: caller 10125 does not hold REAL_GET_TASKS; limiting output
W/ActivityManager( 1411): getRunningAppProcesses: caller 10125 does not hold REAL_GET_TASKS; limiting output
W/ActivityManager( 1411): getRunningAppProcesses: caller 10125 does not hold REAL_GET_TASKS; limiting output
W/ActivityManager( 1411): getRunningAppProcesses: caller 10125 does not hold REAL_GET_TASKS; limiting output
W/ActivityManager( 1411): getRunningAppProcesses: caller 10125 does not hold REAL_GET_TASKS; limiting output
I/ActivityManager( 1411): START u0 {act=android.intent.action.MAIN cat=[android.intent.category.LAUNCHER] flg=0x10000000 cmp=com.lipeilong.jdstreamer/.MainActivity} from uid 2000 on display 0
I/vivo_debug_ActivityManagerService( 1411): initSplitService intent = Intent { act=android.intent.action.MAIN cat=[android.intent.category.LAUNCHER] flg=0x10000000 cmp=com.lipeilong.jdstreamer/.MainActivity }, r = ActivityRecord{2f17d874 u0 com.lipeilong.jdstreamer/.MainActivity t1238}
V/WindowManager( 1411): addAppToken: AppWindowToken{1e41a612 token=Token{2ed2b19d ActivityRecord{2f17d874 u0 com.lipeilong.jdstreamer/.MainActivity t1238}}} to stack=1 task=1238 at 0
V/WindowManager( 1411): Adding window Window{26877755 u0 Starting com.lipeilong.jdstreamer} at 4 of 9 (after Window{1dc67be5 u0 com.android.wifisettings/com.android.wifisettings.Settings$WifiSettingsActivity})
I/ActivityManager( 1411): Start proc 20639:com.lipeilong.jdstreamer/u0a168 for activity com.lipeilong.jdstreamer/.MainActivity
W/ActivityManager( 1411): getRunningAppProcesses: caller 10168 does not hold REAL_GET_TASKS; limiting output
W/ActivityManager( 1411): getRunningAppProcesses: caller 10168 does not hold REAL_GET_TASKS; limiting output
V/WindowManager( 1411): needSensorRunningLp mCurrentAppOrientation -1 mCarDockEnablesAccelerometer true mDockMode 0mSupportAutoRotation true
V/WindowOrientationListener( 1411): enable falsemCurrentRotation 0
V/WindowOrientationListener( 1411): getProposedRotationLocked  mEnabled false isenalbeAcc true
D/ScreenBrightnessModeRestore( 1411): onForegroundActivitiesChanged pid=20639 mCurrentForceGroundPid=18934 mLastForceGroundPid=-1
D/ScreenBrightnessModeRestore( 1411): onForegroundActivitiesChanged mWaitToRestore=false mWaitToRollbackChangedBrightness=false
I/WindowManager( 1411): isKeyguardShowing = false, mKeyguardWindow.mAttrs.privateFlags = 0
D/ScreenBrightnessModeRestore( 1411): onForegroundActivitiesChanged pid=2707 mCurrentForceGroundPid=20639 mLastForceGroundPid=-1
D/ScreenBrightnessModeRestore( 1411): onForegroundActivitiesChanged mWaitToRestore=false mWaitToRollbackChangedBrightness=false
W/ActivityManager( 1411): getRunningAppProcesses: caller 10168 does not hold REAL_GET_TASKS; limiting output
V/WindowManager( 1411): Adding window Window{183bb7c2 u0 com.lipeilong.jdstreamer/com.lipeilong.jdstreamer.MainActivity} at 4 of 10 (before Window{26877755 u0 Starting com.lipeilong.jdstreamer})
W/ActivityManager( 1411): getRunningAppProcesses: caller 10125 does not hold REAL_GET_TASKS; limiting output
W/ActivityManager( 1411): getRunningAppProcesses: caller 10125 does not hold REAL_GET_TASKS; limiting output
D/TaskPersister( 1411): removeObsoleteFile: deleting file=1237_task.xml
W/ProcessCpuTracker( 1411): Skipping unknown process pid 20737
W/ActivityManager( 1411): getRunningAppProcesses: caller 10125 does not hold REAL_GET_TASKS; limiting output
W/ActivityManager( 1411): getRunningAppProcesses: caller 10125 does not hold REAL_GET_TASKS; limiting output
W/ActivityManager( 1411): getRunningAppProcesses: caller 10125 does not hold REAL_GET_TASKS; limiting output
W/ActivityManager( 1411): getRunningAppProcesses: caller 10125 does not hold REAL_GET_TASKS; limiting output
W/ActivityManager( 1411): getRunningAppProcesses: caller 10125 does not hold REAL_GET_TASKS; limiting output
W/ActivityManager( 1411): getRunningAppProcesses: caller 10125 does not hold REAL_GET_TASKS; limiting output
W/ActivityManager( 1411): getRunningAppProcesses: caller 10021 does not hold REAL_GET_TASKS; limiting output
W/ActivityManager( 1411): getRunningAppProcesses: caller 10021 does not hold REAL_GET_TASKS; limiting output
I/ProcessStatsService( 1411): Prepared write state in 3ms
W/ActivityManager( 1411): getRunningAppProcesses: caller 10125 does not hold REAL_GET_TASKS; limiting output
W/ActivityManager( 1411): getRunningAppProcesses: caller 10125 does not hold REAL_GET_TASKS; limiting output
W/ActivityManager( 1411): getRunningAppProcesses: caller 10125 does not hold REAL_GET_TASKS; limiting output
W/ActivityManager( 1411): getRunningAppProcesses: caller 10125 does not hold REAL_GET_TASKS; limiting output
W/ActivityManager( 1411): getRunningAppProcesses: caller 10125 does not hold REAL_GET_TASKS; limiting output
W/ActivityManager( 1411): getRunningAppProcesses: caller 10125 does not hold REAL_GET_TASKS; limiting output
W/ActivityManager( 1411): getRunningAppProcesses: caller 10125 does not hold REAL_GET_TASKS; limiting output
W/ActivityManager( 1411): getRunningAppProcesses: caller 10125 does not hold REAL_GET_TASKS; limiting output
W/ActivityManager( 1411): getRunningAppProcesses: caller 10125 does not hold REAL_GET_TASKS; limiting output
W/ActivityManager( 1411): getRunningAppProcesses: caller 10125 does not hold REAL_GET_TASKS; limiting output
V/WindowOrientationListener( 1411): Proposed rotation changed!  proposedRotation=0, oldProposedRotation=-1
V/WindowOrientationListener( 1411): getProposedRotationLocked  mEnabled true isenalbeAcc true
D/BBKTouchScreenService( 1411): set isLandscape  1
W/ActivityManager( 1411): getRunningAppProcesses: caller 10125 does not hold REAL_GET_TASKS; limiting output
D/BrightnessProviderNormal( 1411): notifyStateChanged un-known:3
D/DisplayPowerController( 1411): updatePowerState: mPowerRequest.useProximitySensor=false, mProximity=Unknown, mScreenOffBecauseOfProximity=false mPowerRequest.screenState = ON mWaitingForNegativeProximity = false
D/DisplayPowerController( 1411): chenyishi AAL AAL AAL
D/DisplayPowerController( 1411): updatePowerState: mPowerRequest.useProximitySensor=false, mProximity=Unknown, mScreenOffBecauseOfProximity=false mPowerRequest.screenState = ON mWaitingForNegativeProximity = false
D/DisplayPowerController( 1411): chenyishi AAL AAL AAL
D/DisplayPowerState( 1411): Updating screen state: state=ON, backlight=81, backlightChanged=true mPowerAssistantMode=0
D/DisplayPowerController( 1411): updatePowerState: mPowerRequest.useProximitySensor=false, mProximity=Unknown, mScreenOffBecauseOfProximity=false mPowerRequest.screenState = ON mWaitingForNegativeProximity = false
D/DisplayPowerController( 1411): chenyishi AAL AAL AAL
W/ActivityManager( 1411): getRunningAppProcesses: caller 10125 does not hold REAL_GET_TASKS; limiting output
W/ActivityManager( 1411): getRunningAppProcesses: caller 10125 does not hold REAL_GET_TASKS; limiting output
W/ActivityManager( 1411): getRunningAppProcesses: caller 10125 does not hold REAL_GET_TASKS; limiting output
W/ActivityManager( 1411): getRunningAppProcesses: caller 10125 does not hold REAL_GET_TASKS; limiting output
W/ActivityManager( 1411): getRunningAppProcesses: caller 10125 does not hold REAL_GET_TASKS; limiting output
W/ActivityManager( 1411): getRunningAppProcesses: caller 10168 does not hold REAL_GET_TASKS; limiting output
V/WindowManager( 1411): needSensorRunningLp mCurrentAppOrientation 1 mCarDockEnablesAccelerometer true mDockMode 0mSupportAutoRotation true
D/WindowManager( 1411): mCurrentAppOrientation:1should not open gsensor.
V/WindowOrientationListener( 1411): getProposedRotationLocked  mEnabled true isenalbeAcc false
D/ScreenBrightnessModeRestore( 1411): onForegroundActivitiesChanged pid=2707 mCurrentForceGroundPid=2707 mLastForceGroundPid=-1
D/ScreenBrightnessModeRestore( 1411): onForegroundActivitiesChanged mWaitToRestore=false mWaitToRollbackChangedBrightness=false
W/ActivityManager( 1411): getRecentTasks: caller 10025 does not hold REAL_GET_TASKS; limiting output
I/WindowManager( 1411): Counting wallpaper in all drawn, atoken = AppWindowToken{3b7cc14b token=Token{2352c21a ActivityRecord{151618c5 u0 com.bbk.launcher2/.Launcher t1207}}}, wallpaper = Window{69c421e u0 com.android.systemui.ImageWallpaper}, isDrawnLw() = true
I/WindowManager( 1411): isKeyguardShowing = false, mKeyguardWindow.mAttrs.privateFlags = 0
I/WindowManager( 1411): Counting wallpaper in all drawn, atoken = AppWindowToken{3b7cc14b token=Token{2352c21a ActivityRecord{151618c5 u0 com.bbk.launcher2/.Launcher t1207}}}, wallpaper = Window{69c421e u0 com.android.systemui.ImageWallpaper}, isDrawnLw() = true
D/ScreenBrightnessModeRestore( 1411): onForegroundActivitiesChanged pid=20639 mCurrentForceGroundPid=2707 mLastForceGroundPid=-1
D/ScreenBrightnessModeRestore( 1411): onForegroundActivitiesChanged mWaitToRestore=false mWaitToRollbackChangedBrightness=false
W/ActivityManager( 1411): getRunningAppProcesses: caller 10125 does not hold REAL_GET_TASKS; limiting output
W/ActivityManager( 1411): getRunningAppProcesses: caller 10125 does not hold REAL_GET_TASKS; limiting output
W/ActivityManager( 1411): getRunningAppProcesses: caller 10125 does not hold REAL_GET_TASKS; limiting output
W/ActivityManager( 1411): getRunningAppProcesses: caller 10125 does not hold REAL_GET_TASKS; limiting output
W/ActivityManager( 1411): getRunningAppProcesses: caller 10125 does not hold REAL_GET_TASKS; limiting output
W/ActivityManager( 1411): getRunningAppProcesses: caller 10125 does not hold REAL_GET_TASKS; limiting output
I/ActivityManager( 1411): Killing 20639:com.lipeilong.jdstreamer/u0a168 (adj 11): remove task
I/ActivityManager( 1411): Force stopping com.lipeilong.jdstreamer appid=10168 user=0: from pid 2154
D/TaskPersister( 1411): removeObsoleteFile: deleting file=1238_task.xml
W/ActivityManager( 1411): getRunningAppProcesses: caller 10125 does not hold REAL_GET_TASKS; limiting output
I/ActivityManager( 1411): Force stopping com.android.settings appid=1000 user=0: from pid 2154
I/ActivityManager( 1411): Killing 4961:com.android.settings/1000 (adj 0): stop com.android.settings
I/WindowState( 1411): WIN DEATH: Window{3df08ae4 u0 com.android.settings/com.android.settings.Settings}
W/ActivityManager( 1411): Scheduling restart of crashed service com.android.settings/com.vivo.settings.AutoDateTimeService in 1000ms
I/ActivityManager( 1411):   Force stopping service ServiceRecord{1dd62eb9 u0 com.android.settings/com.vivo.settings.AutoDateTimeService}
D/TaskPersister( 1411): removeObsoleteFile: deleting file=1232_task.xml
W/ActivityManager( 1411): Spurious death for ProcessRecord{2b3550e6 0:com.android.settings/1000}, curProc for 4961: null
D/TaskPersister( 1411): removeObsoleteFile: deleting file=1230_task.xml
I/ActivityManager( 1411): Force stopping com.leixiaohua1020.sffmpegandroidstreamer appid=10166 user=0: from pid 2154
W/ActivityManager( 1411): getRunningAppProcesses: caller 10125 does not hold REAL_GET_TASKS; limiting output
D/TaskPersister( 1411): removeObsoleteFile: deleting file=1229_task.xml
I/ActivityManager( 1411): Force stopping com.vivo.browser appid=10015 user=0: from pid 2154
D/TaskPersister( 1411): removeObsoleteFile: deleting file=1224_task.xml
I/ActivityManager( 1411): Force stopping com.joyodream.mango appid=10164 user=0: from pid 2154
W/ActivityManager( 1411): getRunningAppProcesses: caller 10125 does not hold REAL_GET_TASKS; limiting output
D/TaskPersister( 1411): removeObsoleteFile: deleting file=1236_task.xml
I/ActivityManager( 1411): Force stopping com.joyodream.pingo appid=10167 user=0: from pid 2154
W/InputMethodManagerService( 1411): Window already focused, ignoring focus gain of: ClientState{1e265183 uid 10025 pid 2707} attribute=null, token = android.os.BinderProxy@24c82a5d
W/ActivityManager( 1411): getRunningAppProcesses: caller 10125 does not hold REAL_GET_TASKS; limiting output
W/ActivityManager( 1411): getRunningAppProcesses: caller 10125 does not hold REAL_GET_TASKS; limiting output
V/NotificationService( 1411): notifications are disabled by AppOps for com.qihoo.appstore
E/NotificationService( 1411): Suppressing notification from package com.qihoo.appstore by user request.
V/NotificationService( 1411): notifications are disabled by AppOps for com.qihoo.appstore
E/NotificationService( 1411): Suppressing notification from package com.qihoo.appstore by user request.
W/ActivityManager( 1411): getRunningAppProcesses: caller 10125 does not hold REAL_GET_TASKS; limiting output
W/ActivityManager( 1411): getRunningAppProcesses: caller 10125 does not hold REAL_GET_TASKS; limiting output
I/PackageManager( 1411): ++++ availInternalSize is : 52012 MB, mCriticalLowMemorySize: 600
I/PackageManager( 1411):  packageName:com.lipeilong.jdstreamer appName:JDStreamer isNotAllowUnknownSource:false warnResult:2
W/ContextImpl( 1411): Calling a method in the system process without a qualified user: android.app.ContextImpl.bindService:1802 com.android.server.pm.VivoADBInstallDialog$4.run:227 <bottom of call stack> <bottom of call stack> <bottom of call stack> 
W/InputMethodManagerService( 1411): Starting input on non-focused client com.android.internal.view.IInputMethodClient$Stub$Proxy@c697eac (uid=10025 pid=2707)
W/ActivityManager( 1411): getRunningAppProcesses: caller 10125 does not hold REAL_GET_TASKS; limiting output
V/WindowManager( 1411): Adding window Window{fcc57b8 u0 SurfaceView} at 3 of 10 (before Window{1160c2a u0 com.bbk.facewake})
W/ContextImpl(19268): Calling a method in the system process without a qualified user: android.app.ContextImpl.sendBroadcast:1373 android.content.ContextWrapper.sendBroadcast:377 android.hardware.Camera.sendOpenCameraBroadCast:5968 android.hardware.Camera.<init>:618 android.hardware.Camera.open:399 
W/ContextImpl(19268): Calling a method in the system process without a qualified user: android.app.ContextImpl.sendBroadcast:1373 android.content.ContextWrapper.sendBroadcast:377 android.hardware.Camera.sendStartPreviewBroadCast:6005 android.hardware.Camera.startPreview:861 com.bbk.facewake.FaceWakeService.surfaceCreated:250 
D/BrightnessProviderNormal( 1411): notifyStateChanged un-known:4
D/DisplayPowerController( 1411): updatePowerState: mPowerRequest.useProximitySensor=false, mProximity=Unknown, mScreenOffBecauseOfProximity=false mPowerRequest.screenState = ON mWaitingForNegativeProximity = false
D/DisplayPowerController( 1411): chenyishi AAL AAL AAL
D/DisplayPowerController( 1411): dim befor brightness = 81
D/DisplayPowerController( 1411): dim  brightness = 45
D/DisplayPowerController( 1411): updatePowerState: mPowerRequest.useProximitySensor=false, mProximity=Unknown, mScreenOffBecauseOfProximity=false mPowerRequest.screenState = ON mWaitingForNegativeProximity = false
D/DisplayPowerController( 1411): chenyishi AAL AAL AAL
D/DisplayPowerController( 1411): dim befor brightness = 81
D/DisplayPowerController( 1411): dim  brightness = 45
D/DisplayPowerState( 1411): Updating screen state: state=ON, backlight=45, backlightChanged=true mPowerAssistantMode=0
D/DisplayPowerController( 1411): updatePowerState: mPowerRequest.useProximitySensor=false, mProximity=Unknown, mScreenOffBecauseOfProximity=false mPowerRequest.screenState = ON mWaitingForNegativeProximity = false
D/DisplayPowerController( 1411): chenyishi AAL AAL AAL
D/DisplayPowerController( 1411): dim befor brightness = 81
D/DisplayPowerController( 1411): dim  brightness = 45
W/ActivityManager( 1411): getRunningAppProcesses: caller 10125 does not hold REAL_GET_TASKS; limiting output
W/ActivityManager( 1411): getRunningAppProcesses: caller 10125 does not hold REAL_GET_TASKS; limiting output
W/ContextImpl(19268): Calling a method in the system process without a qualified user: android.app.ContextImpl.sendBroadcast:1373 android.content.ContextWrapper.sendBroadcast:377 android.hardware.Camera.sendReleaseCameraBroadCast:5985 android.hardware.Camera.release:675 com.bbk.facewake.FaceWakeService.surfaceDestroyed:270 
I/ActivityManager( 1411): Force stopping com.lipeilong.jdstreamer appid=10168 user=-1: uninstall pkg
I/ActivityManager( 1411): Force stopping com.lipeilong.jdstreamer appid=10168 user=0: pkg removed
D/NetworkManagementService( 1411): hardware tether stats:NetworkStats: elapsedRealtime=704645289
D/NetworkManagementService( 1411): getNetworkStatsSummaryXt:NetworkStats: elapsedRealtime=704645292
D/NetworkManagementService( 1411):   [0] iface=wlan0 uid=-1 set=ALL tag=0x0 rxBytes=162840972 rxPackets=343739 txBytes=248396398 txPackets=374229 operations=0
D/NetworkManagementService( 1411):   [1] iface=lo uid=-1 set=ALL tag=0x0 rxBytes=1800 rxPackets=36 txBytes=1800 txPackets=36 operations=0
D/NetworkManagementService( 1411): hardware tether stats:NetworkStats: elapsedRealtime=704645292
D/NetworkManagementService( 1411): getNetworkStatsSummaryDev:NetworkStats: elapsedRealtime=704645294
D/NetworkManagementService( 1411):   [0] iface=wlan0 uid=-1 set=ALL tag=0x0 rxBytes=163629641 rxPackets=371623 txBytes=254251709 txPackets=388785 operations=0
D/NetworkManagementService( 1411):   [1] iface=lo uid=-1 set=ALL tag=0x0 rxBytes=1800 rxPackets=36 txBytes=1800 txPackets=36 operations=0
I/BroadcastQueue( 1411): Do not filtered : com.android.mms is a default Message app.
I/ActivityManager( 1411): Start proc 21826:com.android.mms/u0a10 for broadcast com.android.mms/.transaction.MmsSystemEventReceiver
W/ActivityManager( 1411): getRunningAppProcesses: caller 10125 does not hold REAL_GET_TASKS; limiting output
D/ActivityManager( 1411): app: com.qihoo.appstore:PluginP06, app uid: 10125, user 0, intent ComponentInfo{com.qihoo.appstore/com.morgoo.droidplugin.stub.ServiceStub$StubP06$P00}, calling uid 10125, mCallerApp ProcessRecord{55a03d8 20356:com.qihoo.appstore/u0a125}
I/ActivityManager( 1411): Start proc 21846:com.qihoo.appstore:PluginP06/u0a125 for service com.qihoo.appstore/com.morgoo.droidplugin.stub.ServiceStub$StubP06$P00
W/ActivityManager( 1411): getRunningAppProcesses: caller 10125 does not hold REAL_GET_TASKS; limiting output
W/ActivityManager( 1411): getRunningAppProcesses: caller 10125 does not hold REAL_GET_TASKS; limiting output
I/VPS     ( 1411): onReceive action=android.intent.action.PACKAGE_REMOVED
W/ContextImpl( 1411): Calling a method in the system process without a qualified user: android.app.ContextImpl.sendBroadcast:1373 com.vivo.services.security.server.VivoPermissionReceiver.sendBroadcast:55 com.vivo.services.security.server.VivoPermissionReceiver.onReceive:38 android.app.LoadedApk$ReceiverDispatcher$Args.run:876 android.os.Handler.handleCallback:739 
I/VPS     ( 1411): sendBroadcast-->action=com.vivo.services.security.client.PACKAGE_PERMISSION_REMOVED; packageName=com.lipeilong.jdstreamer
D/JobSchedulerService( 1411): Receieved: android.intent.action.PACKAGE_REMOVED
D/BackupManagerService( 1411): Received broadcast Intent { act=android.intent.action.PACKAGE_REMOVED dat=package:com.lipeilong.jdstreamer flg=0x4000010 (has extras) }
V/NotificationService( 1411): notifications are disabled by AppOps for com.qihoo.appstore
E/NotificationService( 1411): Suppressing notification from package com.qihoo.appstore by user request.
V/NotificationService( 1411): notifications are disabled by AppOps for com.qihoo.appstore
E/NotificationService( 1411): Suppressing notification from package com.qihoo.appstore by user request.
I/BroadcastQueue( 1411): toBefiltered is false, app.uid equals r.callingUid is 1000
I/ActivityManager( 1411): Start proc 21889:com.android.settings/1000 for broadcast com.android.settings/.applications.DataPkgMountReceiver
W/ActivityManager( 1411): getRunningAppProcesses: caller 10125 does not hold REAL_GET_TASKS; limiting output
I/ActivityManager( 1411): Start proc 21916:com.bbk.cloud/u0a23 for broadcast com.bbk.cloud/.StartupIntentReceiver
W/ActivityManager( 1411): getRunningAppProcesses: caller 10023 does not hold REAL_GET_TASKS; limiting output
W/ActivityManager( 1411): getRunningAppProcesses: caller 10023 does not hold REAL_GET_TASKS; limiting output
V/PackageManager( 1411): resolveIntent:set flag
V/PackageManager( 1411): resolveIntent:set flag
I/ActivityManager( 1411): Killing 21974:com.vivo.weather/u0a35 (adj 15): empty for 7834s
I/PackageManager( 1411): ++++ availInternalSize is : 52022 MB, mCriticalLowMemorySize: 600
I/PackageManager( 1411):  packageName:com.lipeilong.jdstreamer appName:JDStreamer isNotAllowUnknownSource:false warnResult:2
W/ContextImpl( 1411): Calling a method in the system process without a qualified user: android.app.ContextImpl.bindService:1802 com.android.server.pm.VivoADBInstallDialog$4.run:227 <bottom of call stack> <bottom of call stack> <bottom of call stack> 
W/InputMethodManagerService( 1411): Starting input on non-focused client com.android.internal.view.IInputMethodClient$Stub$Proxy@c697eac (uid=10025 pid=2707)
I/BroadcastQueue( 1411): toBefiltered is false, app.uid equals r.callingUid is 1000
I/ActivityManager( 1411): Start proc 21962:com.android.keychain/1000 for broadcast com.android.keychain/.KeyChainBroadcastReceiver
W/ContextImpl(21962): Calling a method in the system process without a qualified user: android.app.ContextImpl.startService:1738 android.content.ContextWrapper.startService:516 android.content.ContextWrapper.startService:516 com.android.keychain.KeyChainBroadcastReceiver.onReceive:12 android.app.ActivityThread.handleReceiver:2688 
I/BroadcastQueue( 1411): toBefiltered is false, app.uid equals r.callingUid is 1000
I/ActivityManager( 1411): Start proc 21986:com.vivo.vivokaraoke/1000 for broadcast com.vivo.vivokaraoke/.floatview.KaraokeBroadcastReceiver
I/ActivityManager( 1411): Killing 20559:com.bbk.updater/u0a82 (adj 15): empty for 2560s
W/ActivityManager( 1411): getRunningAppProcesses: caller 10125 does not hold REAL_GET_TASKS; limiting output
W/ActivityManager( 1411): getRunningAppProcesses: caller 10125 does not hold REAL_GET_TASKS; limiting output
I/ActivityManager( 1411): Process com.vivo.vivokaraoke (pid 21986) has died
I/BroadcastQueue( 1411): toBefiltered is false, app.uid equals r.callingUid is 1000
I/ActivityManager( 1411): Start proc 22010:com.iqoo.engineermode/1000 for broadcast com.iqoo.engineermode/.AppInstallReceiver
W/ContextImpl( 1358): Calling a method in the system process without a qualified user: android.app.ContextImpl.sendBroadcast:1373 android.content.ContextWrapper.sendBroadcast:377 android.content.ContextWrapper.sendBroadcast:377 com.vivo.applicationbehaviorengine.util.AppBroadcastReceiver.onReceive:50 android.app.ActivityThread.handleReceiver:2688 
W/ActivityManager( 1411): getRunningAppProcesses: caller 10125 does not hold REAL_GET_TASKS; limiting output
W/ActivityManager( 1411): getRunningAppProcesses: caller 10103 does not hold REAL_GET_TASKS; limiting output
W/BroadcastQueue( 1411): Cancel launching app com.idol.android/10108 for broadcast Intent { act=android.intent.action.PACKAGE_REMOVED dat=package:com.lipeilong.jdstreamer flg=0x4000010 (has extras) }: process is forbid to start up
W/ActivityManager( 1411): getRunningAppProcesses: caller 10103 does not hold REAL_GET_TASKS; limiting output
W/BroadcastQueue( 1411): Cancel launching app com.idol.android/10108 for broadcast Intent { act=android.intent.action.PACKAGE_REMOVED dat=package:com.lipeilong.jdstreamer flg=0x4000010 (has extras) }: process is forbid to start up
W/ContextImpl( 1358): Calling a method in the system process without a qualified user: android.app.ContextImpl.sendBroadcast:1373 android.content.ContextWrapper.sendBroadcast:377 com.vivo.applicationbehaviorengine.PowerEngineService.refleshList:767 com.vivo.applicationbehaviorengine.PowerEngineService.access$2800:111 com.vivo.applicationbehaviorengine.PowerEngineService$RemoveAppThread.run:3063 
W/ActivityManager( 1411): getRunningAppProcesses: caller 10103 does not hold REAL_GET_TASKS; limiting output
W/FtTelephonyAdapterImpl(21826): getActiveSubInfoList.subInfo is empty
I/ActivityManager( 1411): Start proc 22036:com.android.documentsui/u0a45 for broadcast com.android.documentsui/.PackageReceiver
W/ActivityManager( 1411): getRunningAppProcesses: caller 10045 does not hold REAL_GET_TASKS; limiting output
W/ActivityManager( 1411): getRunningAppProcesses: caller 10045 does not hold REAL_GET_TASKS; limiting output
I/ActivityManager( 1411): Start proc 22061:com.android.externalstorage/u0a7 for content provider com.android.externalstorage/.ExternalStorageProvider
W/ActivityManager( 1411): getRunningAppProcesses: caller 10007 does not hold REAL_GET_TASKS; limiting output
I/ActivityManager( 1411): Start proc 22080:com.android.dialer/u0a4 for broadcast com.android.dialer/.callForwarding.CallForwardingReceiver
W/ActivityManager( 1411): Permission Denial: opening provider com.bbk.scene.databaseprovider.LauncherProvider from ProcessRecord{2e4f5148 2707:com.bbk.launcher2/u0a25} (pid=2707, uid=10025) that is not exported from uid 10075
W/ActivityManager( 1411): getRunningAppProcesses: caller 10007 does not hold REAL_GET_TASKS; limiting output
W/ActivityManager( 1411): Permission Denial: opening provider com.bbk.scene.databaseprovider.LauncherProvider from ProcessRecord{2e4f5148 2707:com.bbk.launcher2/u0a25} (pid=2707, uid=10025) that is not exported from uid 10075
W/ActivityManager( 1411): Permission Denial: opening provider com.bbk.scene.databaseprovider.LauncherProvider from ProcessRecord{2e4f5148 2707:com.bbk.launcher2/u0a25} (pid=2707, uid=10025) that is not exported from uid 10075
W/ActivityManager( 1411): Permission Denial: opening provider com.bbk.scene.databaseprovider.LauncherProvider from ProcessRecord{2e4f5148 2707:com.bbk.launcher2/u0a25} (pid=2707, uid=10025) that is not exported from uid 10075
W/ActivityManager( 1411): getRunningAppProcesses: caller 10125 does not hold REAL_GET_TASKS; limiting output
I/ActivityManager( 1411): Process com.qihoo.appstore:PluginP06 (pid 21846) has died
W/ActivityManager( 1411): getRunningAppProcesses: caller 10125 does not hold REAL_GET_TASKS; limiting output
W/ActivityManager( 1411): getRunningAppProcesses: caller 10125 does not hold REAL_GET_TASKS; limiting output
D/BrightnessProviderNormal( 1411): notifyStateChanged un-known:3
D/DisplayPowerController( 1411): updatePowerState: mPowerRequest.useProximitySensor=false, mProximity=Unknown, mScreenOffBecauseOfProximity=false mPowerRequest.screenState = ON mWaitingForNegativeProximity = false
D/DisplayPowerController( 1411): chenyishi AAL AAL AAL
D/DisplayPowerController( 1411): updatePowerState: mPowerRequest.useProximitySensor=false, mProximity=Unknown, mScreenOffBecauseOfProximity=false mPowerRequest.screenState = ON mWaitingForNegativeProximity = false
D/DisplayPowerController( 1411): chenyishi AAL AAL AAL
D/DisplayPowerState( 1411): Updating screen state: state=ON, backlight=81, backlightChanged=true mPowerAssistantMode=0
D/DisplayPowerController( 1411): updatePowerState: mPowerRequest.useProximitySensor=false, mProximity=Unknown, mScreenOffBecauseOfProximity=false mPowerRequest.screenState = ON mWaitingForNegativeProximity = false
D/DisplayPowerController( 1411): chenyishi AAL AAL AAL
D/DefContainer( 4491): Copying /data/local/tmp/com.lipeilong.jdstreamer to base.apk
D/PackageManager( 1411): Renaming /data/app/vmdl1006296112.tmp to /data/app/com.lipeilong.jdstreamer-1
E/NetlinkEvent(  439): NetlinkEvent::FindParam(): Parameter 'ALERT_NAME' not found
E/NetlinkEvent(  428): NetlinkEvent::FindParam(): Parameter 'ALERT_NAME' not found
D/BatteryService( 1411): Processing new values: chargerAcOnline=false, chargerUsbOnline=true, chargerWirelessOnline=false, batteryStatus=2, batteryHealth=2, batteryPresent=true, batteryLevel=100, batteryTechnology=Li-ion, batteryVoltage=4242, batteryTemperature=337, mBatteryLevelCritical=false, mPlugType=2
D/BatteryService( 1411): Sending ACTION_BATTERY_CHANGED.  level:100, scale:100, status:2, health:2, present:true, voltage: 4242, temperature: 337, technology: Li-ion, AC powered:false, USB powered:true, Wireless powered:false, icon:17303156, invalid charger:0
I/VNOILBS ( 1411): VNOILBS mScreenOn=true level=100 mCriticalBatteryLevel=3 mNotificationLowBatteryStates=true mNotificationChargeStates=true status=2
D/PowerUI ( 2154): buckets   .....15 .. 10 .. 3
D/PowerUI ( 2154): level          100 --> 100
D/PowerUI ( 2154): status         5 --> 2
D/PowerUI ( 2154): plugType       2 --> 2
D/PowerUI ( 2154): invalidCharger 0 --> 0
D/PowerUI ( 2154): bucket         1 --> 1
D/PowerUI ( 2154): plugged        true --> true
D/WifiController( 1411): battery changed pluggedType: 2
E/NetlinkEvent(  439): NetlinkEvent::FindParam(): Parameter 'ALERT_NAME' not found
E/NetlinkEvent(  428): NetlinkEvent::FindParam(): Parameter 'ALERT_NAME' not found
D/BatteryService( 1411): Processing new values: chargerAcOnline=false, chargerUsbOnline=true, chargerWirelessOnline=false, batteryStatus=2, batteryHealth=2, batteryPresent=true, batteryLevel=100, batteryTechnology=Li-ion, batteryVoltage=4242, batteryTemperature=337, mBatteryLevelCritical=false, mPlugType=2
V/BackupManagerService( 1411): restoreAtInstall pkg=com.lipeilong.jdstreamer token=12 restoreSet=0
W/BackupManagerService( 1411): Requested unavailable transport: com.google.android.backup/.BackupTransportService
W/BackupManagerService( 1411): No transport
V/BackupManagerService( 1411): Finishing install immediately
I/VPS     ( 1411): onReceive action=android.intent.action.PACKAGE_ADDED
I/VPS     ( 1411): isSystemApp:false com.lipeilong.jdstreamer requestedPermissions is null uid=10169
I/VPS     ( 1411): updateForPackageAdded_ls failed! com.lipeilong.jdstreamer
W/ContextImpl( 1411): Calling a method in the system process without a qualified user: android.app.ContextImpl.sendBroadcast:1373 com.vivo.services.security.server.VivoPermissionReceiver.sendBroadcast:55 com.vivo.services.security.server.VivoPermissionReceiver.onReceive:30 android.app.LoadedApk$ReceiverDispatcher$Args.run:876 android.os.Handler.handleCallback:739 
I/VPS     ( 1411): sendBroadcast-->action=com.vivo.services.security.client.PACKAGE_PERMISSION_ADDED; packageName=com.lipeilong.jdstreamer
D/BackupManagerService( 1411): Received broadcast Intent { act=android.intent.action.PACKAGE_ADDED dat=package:com.lipeilong.jdstreamer flg=0x4000010 (has extras) }
W/BackupManagerService( 1411): Removing schedule queue dupe of com.lipeilong.jdstreamer
V/PackageManager( 1411): resolveIntent:set flag
V/PackageManager( 1411): resolveIntent:set flag
V/NotificationService( 1411): notifications are disabled by AppOps for com.qihoo.appstore
E/NotificationService( 1411): Suppressing notification from package com.qihoo.appstore by user request.
V/NotificationService( 1411): notifications are disabled by AppOps for com.qihoo.appstore
E/NotificationService( 1411): Suppressing notification from package com.qihoo.appstore by user request.
W/VoiceInteractionManagerService( 1411): no available voice recognition services found for user 0
I/ActivityManager( 1411): Start proc 22132:com.android.packageinstaller/u0a65 for broadcast com.android.packageinstaller/.InstalledReceiver
W/ActivityManager( 1411): getRunningAppProcesses: caller 10065 does not hold REAL_GET_TASKS; limiting output
W/ActivityManager( 1411): getRunningAppProcesses: caller 10065 does not hold REAL_GET_TASKS; limiting output
I/ActivityManager( 1411): Start proc 22153:com.svox.pico/u0a69 for broadcast com.svox.pico/.VoiceDataInstallerReceiver
W/ActivityManager( 1411): getRunningAppProcesses: caller 10069 does not hold REAL_GET_TASKS; limiting output
W/ActivityManager( 1411): getRunningAppProcesses: caller 10069 does not hold REAL_GET_TASKS; limiting output
W/ContextImpl( 1358): Calling a method in the system process without a qualified user: android.app.ContextImpl.sendBroadcast:1373 android.content.ContextWrapper.sendBroadcast:377 android.content.ContextWrapper.sendBroadcast:377 com.vivo.applicationbehaviorengine.util.AppBroadcastReceiver.onReceive:27 android.app.ActivityThread.handleReceiver:2688 
W/ContextImpl( 1358): Calling a method in the system process without a qualified user: android.app.ContextImpl.sendBroadcast:1373 android.content.ContextWrapper.sendBroadcast:377 com.vivo.applicationbehaviorengine.PowerEngineService.refleshList:767 com.vivo.applicationbehaviorengine.PowerEngineService.access$2800:111 com.vivo.applicationbehaviorengine.PowerEngineService$InstallReplaceAppThread.run:3147 
W/BroadcastQueue( 1411): Cancel launching app com.idol.android/10108 for broadcast Intent { act=android.intent.action.PACKAGE_ADDED dat=package:com.lipeilong.jdstreamer flg=0x4000010 (has extras) }: process is forbid to start up
I/VPS     ( 1411): checkBuildInThirdPartApp-->pkgPath=/data/app/com.lipeilong.jdstreamer-1/base.apk;result=false
I/VPS     ( 1411): isSystemApp:false com.lipeilong.jdstreamer requestedPermissions is null uid=10169
I/VPS     ( 1411): updateForPackageAdded_ls failed! com.lipeilong.jdstreamer
I/VPS     ( 1411): getAppPermission(com.lipeilong.jdstreamer) is null !
I/VPS     ( 1411): isSystemApp:false com.lipeilong.jdstreamer requestedPermissions is null uid=10169
I/VPS     ( 1411): updateForPackageAdded_ls failed! com.lipeilong.jdstreamer
I/VPS     ( 1411): getAppPermission(com.lipeilong.jdstreamer) is null !
W/ActivityManager( 1411): getRunningAppProcesses: caller 10023 does not hold REAL_GET_TASKS; limiting output
I/ActivityManager( 1411): START u0 {act=android.intent.action.MAIN cat=[android.intent.category.LAUNCHER] flg=0x10000000 cmp=com.lipeilong.jdstreamer/.MainActivity} from uid 2000 on display 0
I/vivo_debug_ActivityManagerService( 1411): initSplitService intent = Intent { act=android.intent.action.MAIN cat=[android.intent.category.LAUNCHER] flg=0x10000000 cmp=com.lipeilong.jdstreamer/.MainActivity }, r = ActivityRecord{16d54ad1 u0 com.lipeilong.jdstreamer/.MainActivity t1239}
V/WindowManager( 1411): addAppToken: AppWindowToken{3a9b8037 token=Token{2442b936 ActivityRecord{16d54ad1 u0 com.lipeilong.jdstreamer/.MainActivity t1239}}} to stack=1 task=1239 at 0
V/WindowManager( 1411): Adding window Window{26abb90e u0 Starting com.lipeilong.jdstreamer} at 3 of 8 (after Window{1dc67be5 u0 com.android.wifisettings/com.android.wifisettings.Settings$WifiSettingsActivity})
I/ActivityManager( 1411): Start proc 22211:com.lipeilong.jdstreamer/u0a169 for activity com.lipeilong.jdstreamer/.MainActivity
W/ActivityManager( 1411): getRunningAppProcesses: caller 10169 does not hold REAL_GET_TASKS; limiting output
W/ActivityManager( 1411): getRunningAppProcesses: caller 10169 does not hold REAL_GET_TASKS; limiting output
V/WindowManager( 1411): needSensorRunningLp mCurrentAppOrientation -1 mCarDockEnablesAccelerometer true mDockMode 0mSupportAutoRotation true
V/WindowOrientationListener( 1411): enable falsemCurrentRotation 0
V/WindowOrientationListener( 1411): getProposedRotationLocked  mEnabled false isenalbeAcc true
D/ScreenBrightnessModeRestore( 1411): onForegroundActivitiesChanged pid=22211 mCurrentForceGroundPid=20639 mLastForceGroundPid=-1
D/ScreenBrightnessModeRestore( 1411): onForegroundActivitiesChanged mWaitToRestore=false mWaitToRollbackChangedBrightness=false
D/ScreenBrightnessModeRestore( 1411): onForegroundActivitiesChanged pid=2707 mCurrentForceGroundPid=22211 mLastForceGroundPid=-1
D/ScreenBrightnessModeRestore( 1411): onForegroundActivitiesChanged mWaitToRestore=false mWaitToRollbackChangedBrightness=false
I/WindowManager( 1411): isKeyguardShowing = false, mKeyguardWindow.mAttrs.privateFlags = 0
V/WindowManager( 1411): Adding window Window{3f96e527 u0 com.lipeilong.jdstreamer/com.lipeilong.jdstreamer.MainActivity} at 3 of 9 (before Window{26abb90e u0 Starting com.lipeilong.jdstreamer})
W/ActivityManager( 1411): getRunningAppProcesses: caller 10125 does not hold REAL_GET_TASKS; limiting output
W/ActivityManager( 1411): getRunningAppProcesses: caller 10021 does not hold REAL_GET_TASKS; limiting output
W/ActivityManager( 1411): getRunningAppProcesses: caller 10021 does not hold REAL_GET_TASKS; limiting output
W/ActivityManager( 1411): getRunningAppProcesses: caller 10021 does not hold REAL_GET_TASKS; limiting output
W/ActivityManager( 1411): getRunningAppProcesses: caller 10021 does not hold REAL_GET_TASKS; limiting output
W/ActivityManager( 1411): getRunningAppProcesses: caller 10125 does not hold REAL_GET_TASKS; limiting output
W/ActivityManager( 1411): getRunningAppProcesses: caller 10125 does not hold REAL_GET_TASKS; limiting output
W/ActivityManager( 1411): getRunningAppProcesses: caller 10169 does not hold REAL_GET_TASKS; limiting output
W/ContextImpl( 1411): Calling a method in the system process without a qualified user: android.app.ContextImpl.startService:1738 com.android.server.am.ActivityManagerService.handleApplicationCrashInner:13389 com.android.server.am.ActivityManagerService.handleApplicationCrash:13267 android.app.ActivityManagerNative.onTransact:1412 com.android.server.am.ActivityManagerService.onTransact:2489 
W/ActivityManager( 1411):   Force finishing activity 1 com.lipeilong.jdstreamer/.MainActivity
D/ScreenBrightnessModeRestore( 1411): onForegroundActivitiesChanged pid=2707 mCurrentForceGroundPid=2707 mLastForceGroundPid=-1
D/ScreenBrightnessModeRestore( 1411): onForegroundActivitiesChanged mWaitToRestore=false mWaitToRollbackChangedBrightness=false
I/ActivityManager( 1411): Start proc 22288:com.vivo.audiofx/u0a19 for broadcast com.vivo.audiofx/.AudioFxIntentReceiver
W/ActivityManager( 1411): getRunningAppProcesses: caller 10019 does not hold REAL_GET_TASKS; limiting output
W/ActivityManager( 1411): getRunningAppProcesses: caller 10019 does not hold REAL_GET_TASKS; limiting output
W/ActivityManager( 1411): getRecentTasks: caller 10025 does not hold REAL_GET_TASKS; limiting output
V/WindowManager( 1411): needSensorRunningLp mCurrentAppOrientation 1 mCarDockEnablesAccelerometer true mDockMode 0mSupportAutoRotation true
D/WindowManager( 1411): mCurrentAppOrientation:1should not open gsensor.
V/WindowOrientationListener( 1411): getProposedRotationLocked  mEnabled true isenalbeAcc false
I/WindowManager( 1411): Counting wallpaper in all drawn, atoken = AppWindowToken{3b7cc14b token=Token{2352c21a ActivityRecord{151618c5 u0 com.bbk.launcher2/.Launcher t1207}}}, wallpaper = Window{69c421e u0 com.android.systemui.ImageWallpaper}, isDrawnLw() = true
V/WindowManager( 1411): Layouts looping: On entry to LockedInner, mPendingLayoutChanges = 0x4
V/WindowManager( 1411): Layouts looping: loop number 4, mPendingLayoutChanges = 0x0
V/WindowManager( 1411): Layouts looping: after finishPostLayoutPolicyLw, mPendingLayoutChanges = 0x0
V/WindowManager( 1411): Layouts looping: wallpaper and commitFinishDrawingLocked true, mPendingLayoutChanges = 0x4
V/WindowManager( 1411): Layouts looping: WallpaperMayChange, mPendingLayoutChanges = 0x4
V/WindowManager( 1411): Layouts looping: On entry to LockedInner, mPendingLayoutChanges = 0x4
V/WindowManager( 1411): Layouts looping: loop number 5, mPendingLayoutChanges = 0x0
V/WindowManager( 1411): Layouts looping: after finishPostLayoutPolicyLw, mPendingLayoutChanges = 0x0
V/WindowManager( 1411): Layouts looping: wallpaper and commitFinishDrawingLocked true, mPendingLayoutChanges = 0x4
V/WindowManager( 1411): Layouts looping: WallpaperMayChange, mPendingLayoutChanges = 0x4
E/WindowManager( 1411): Performed 6 layouts in a row. Skipping
V/WindowManager( 1411): Layouts looping: On entry to LockedInner, mPendingLayoutChanges = 0x4
V/WindowManager( 1411): Layouts looping: loop number 4, mPendingLayoutChanges = 0x0
V/WindowManager( 1411): Layouts looping: after finishPostLayoutPolicyLw, mPendingLayoutChanges = 0x0
V/WindowManager( 1411): Layouts looping: wallpaper and commitFinishDrawingLocked true, mPendingLayoutChanges = 0x4
V/WindowManager( 1411): Layouts looping: WallpaperMayChange, mPendingLayoutChanges = 0x4
V/WindowManager( 1411): Layouts looping: On entry to LockedInner, mPendingLayoutChanges = 0x4
V/WindowManager( 1411): Layouts looping: loop number 5, mPendingLayoutChanges = 0x0
V/WindowManager( 1411): Layouts looping: after finishPostLayoutPolicyLw, mPendingLayoutChanges = 0x0
V/WindowManager( 1411): Layouts looping: wallpaper and commitFinishDrawingLocked true, mPendingLayoutChanges = 0x4
V/WindowManager( 1411): Layouts looping: WallpaperMayChange, mPendingLayoutChanges = 0x4
E/WindowManager( 1411): Performed 6 layouts in a row. Skipping
W/ActivityManager( 1411): Activity pause timeout for ActivityRecord{16d54ad1 u0 com.lipeilong.jdstreamer/.MainActivity t1239 f}
V/WindowManager( 1411): Layouts looping: On entry to LockedInner, mPendingLayoutChanges = 0x4
V/WindowManager( 1411): Layouts looping: loop number 4, mPendingLayoutChanges = 0x0
V/WindowManager( 1411): Layouts looping: after finishPostLayoutPolicyLw, mPendingLayoutChanges = 0x0
V/WindowManager( 1411): Layouts looping: wallpaper and commitFinishDrawingLocked true, mPendingLayoutChanges = 0x4
V/WindowManager( 1411): Layouts looping: WallpaperMayChange, mPendingLayoutChanges = 0x4
V/WindowManager( 1411): Layouts looping: On entry to LockedInner, mPendingLayoutChanges = 0x4
V/WindowManager( 1411): Layouts looping: loop number 5, mPendingLayoutChanges = 0x0
V/WindowManager( 1411): Layouts looping: after finishPostLayoutPolicyLw, mPendingLayoutChanges = 0x0
V/WindowManager( 1411): Layouts looping: wallpaper and commitFinishDrawingLocked true, mPendingLayoutChanges = 0x4
V/WindowManager( 1411): Layouts looping: WallpaperMayChange, mPendingLayoutChanges = 0x4
E/WindowManager( 1411): Performed 6 layouts in a row. Skipping
W/ActivityManager( 1411): getRunningAppProcesses: caller 10019 does not hold REAL_GET_TASKS; limiting output
I/WindowManager( 1411): Counting wallpaper in all drawn, atoken = AppWindowToken{3b7cc14b token=Token{2352c21a ActivityRecord{151618c5 u0 com.bbk.launcher2/.Launcher t1207}}}, wallpaper = Window{69c421e u0 com.android.systemui.ImageWallpaper}, isDrawnLw() = true
I/WindowManager( 1411): isKeyguardShowing = false, mKeyguardWindow.mAttrs.privateFlags = 0
D/ScreenBrightnessModeRestore( 1411): onForegroundActivitiesChanged pid=22211 mCurrentForceGroundPid=2707 mLastForceGroundPid=-1
D/ScreenBrightnessModeRestore( 1411): onForegroundActivitiesChanged mWaitToRestore=false mWaitToRollbackChangedBrightness=false
